Archive member included to satisfy reference by file (symbol)

/Users/jthiller/.platformio/packages/framework-arduinocubecell/cores/asr650x/projects/CubeCellLib.a(AT_Command.o)
                              .pio/build/cubecell_gps/src/LoRaWan.ino.cpp.o (printDevParam)
/Users/jthiller/.platformio/packages/framework-arduinocubecell/cores/asr650x/projects/CubeCellLib.a(ASR_Arduino.o)
                              /Users/jthiller/.platformio/packages/framework-arduinocubecell/cores/asr650x/projects/CubeCellLib.a(AT_Command.o) (getID)
/Users/jthiller/.platformio/packages/framework-arduinocubecell/cores/asr650x/projects/CubeCellLib.a(UART_1.o)
                              /Users/jthiller/.platformio/packages/framework-arduinocubecell/cores/asr650x/projects/CubeCellLib.a(ASR_Arduino.o) (UART_1_initVar)
/Users/jthiller/.platformio/packages/framework-arduinocubecell/cores/asr650x/projects/CubeCellLib.a(cyfitter_cfg.o)
                              /Users/jthiller/.platformio/packages/framework-arduinocubecell/cores/asr650x/projects/CubeCellLib.a(ASR_Arduino.o) (systime)
.pio/build/cubecell_gps/lib092/libLoraWan102.a(LoRaMac.c.o)
                              /Users/jthiller/.platformio/packages/framework-arduinocubecell/cores/asr650x/projects/CubeCellLib.a(AT_Command.o) (OnRadioRxDone)
.pio/build/cubecell_gps/lib092/libLoraWan102.a(LoRaMacClassB.c.o)
                              .pio/build/cubecell_gps/lib092/libLoraWan102.a(LoRaMac.c.o) (LoRaMacClassBInit)
.pio/build/cubecell_gps/lib092/libLoraWan102.a(LoRaMacConfirmQueue.c.o)
                              .pio/build/cubecell_gps/lib092/libLoraWan102.a(LoRaMac.c.o) (LoRaMacConfirmQueueInit)
.pio/build/cubecell_gps/lib092/libLoraWan102.a(LoRaMacCrypto.c.o)
                              .pio/build/cubecell_gps/lib092/libLoraWan102.a(LoRaMac.c.o) (LoRaMacComputeMic)
.pio/build/cubecell_gps/lib092/libLoraWan102.a(Region.c.o)
                              .pio/build/cubecell_gps/lib092/libLoraWan102.a(LoRaMac.c.o) (RegionIsActive)
.pio/build/cubecell_gps/lib092/libLoraWan102.a(RegionUS915.c.o)
                              .pio/build/cubecell_gps/lib092/libLoraWan102.a(Region.c.o) (RegionUS915GetPhyParam)
.pio/build/cubecell_gps/lib092/libLoraWan102.a(radio.c.o)
                              /Users/jthiller/.platformio/packages/framework-arduinocubecell/cores/asr650x/projects/CubeCellLib.a(AT_Command.o) (Radio)
.pio/build/cubecell_gps/lib092/libLoraWan102.a(RegionCommon.c.o)
                              .pio/build/cubecell_gps/lib092/libLoraWan102.a(RegionUS915.c.o) (RegionCommonGetJoinDc)
.pio/build/cubecell_gps/lib7d0/libLoRa.a(LoRaWan_APP.cpp.o)
                              /Users/jthiller/.platformio/packages/framework-arduinocubecell/cores/asr650x/projects/CubeCellLib.a(AT_Command.o) (lwan_dev_params_update)
.pio/build/cubecell_gps/lib7d0/libLoRa.a(LoRa_APP.cpp.o)
                              /Users/jthiller/.platformio/packages/framework-arduinocubecell/cores/asr650x/projects/CubeCellLib.a(AT_Command.o) (LoraRxTimeout)
.pio/build/cubecell_gps/libFrameworkArduino.a(HardwareSerial.cpp.o)
                              .pio/build/cubecell_gps/src/LoRaWan.ino.cpp.o (HardwareSerial::begin(unsigned long, unsigned long, int, int, bool, unsigned long))
.pio/build/cubecell_gps/libFrameworkArduino.a(Wire.cpp.o)
                              .pio/build/cubecell_gps/lib7d0/libLoRa.a(LoRaWan_APP.cpp.o) (TwoWire::write(unsigned char))
.pio/build/cubecell_gps/libFrameworkArduino.a(basic.cpp.o)
                              .pio/build/cubecell_gps/lib7d0/libLoRa.a(LoRaWan_APP.cpp.o) (BoardGetBatteryLevel())
.pio/build/cubecell_gps/libFrameworkArduino.a(asr_board.c.o)
                              .pio/build/cubecell_gps/lib092/libLoraWan102.a(radio.c.o) (SX126x)
.pio/build/cubecell_gps/libFrameworkArduino.a(gpio.c.o)
                              .pio/build/cubecell_gps/libFrameworkArduino.a(asr_board.c.o) (GpioInit)
.pio/build/cubecell_gps/libFrameworkArduino.a(spi-board.c.o)
                              .pio/build/cubecell_gps/libFrameworkArduino.a(asr_board.c.o) (SpiInit)
.pio/build/cubecell_gps/libFrameworkArduino.a(ADC_SAR_Seq.c.o)
                              /Users/jthiller/.platformio/packages/framework-arduinocubecell/cores/asr650x/projects/CubeCellLib.a(ASR_Arduino.o) (ADC_SAR_Seq_Start)
.pio/build/cubecell_gps/libFrameworkArduino.a(ADC_SAR_Seq_INT.c.o)
                              .pio/build/cubecell_gps/libFrameworkArduino.a(ADC_SAR_Seq.c.o) (ADC_SAR_Seq_ISR)
.pio/build/cubecell_gps/libFrameworkArduino.a(I2C_1_I2C_MASTER.c.o)
                              .pio/build/cubecell_gps/libFrameworkArduino.a(Wire.cpp.o) (I2C_1_I2CMasterSendStart)
.pio/build/cubecell_gps/libFrameworkArduino.a(I2C_I2C_MASTER.c.o)
                              .pio/build/cubecell_gps/libFrameworkArduino.a(Wire.cpp.o) (I2C_I2CMasterSendStart)
.pio/build/cubecell_gps/libFrameworkArduino.a(PWM1.c.o)
[...]
Memory Configuration

Name             Origin             Length             Attributes
rom              0x0000000000000000 0x0000000000020000 xr
ram              0x0000000020000000 0x0000000000004000 xrw
*default*        0x0000000000000000 0xffffffffffffffff

Linker script and memory map

LOAD /Users/jthiller/.platformio/packages/toolchain-gccarmnoneeabi/bin/../lib/gcc/arm-none-eabi/9.2.1/thumb/v6-m/nofp/crti.o
LOAD /Users/jthiller/.platformio/packages/toolchain-gccarmnoneeabi/bin/../lib/gcc/arm-none-eabi/9.2.1/thumb/v6-m/nofp/crtbegin.o
LOAD /Users/jthiller/.platformio/packages/toolchain-gccarmnoneeabi/bin/../lib/gcc/arm-none-eabi/9.2.1/../../../../arm-none-eabi/lib/thumb/v6-m/nofp/crt0.o
LOAD .pio/build/cubecell_gps/src/LoRaWan.ino.cpp.o
START GROUP
LOAD /Users/jthiller/.platformio/packages/framework-arduinocubecell/cores/asr650x/projects/CubeCellLib.a
LOAD .pio/build/cubecell_gps/lib092/libLoraWan102.a
LOAD .pio/build/cubecell_gps/libd7b/libRGB.a
LOAD .pio/build/cubecell_gps/lib728/libDISPLAY.a
LOAD .pio/build/cubecell_gps/lib7d0/libLoRa.a
LOAD .pio/build/cubecell_gps/libFrameworkArduinoVariant.a
LOAD .pio/build/cubecell_gps/libFrameworkArduino.a
LOAD /Users/jthiller/.platformio/packages/toolchain-gccarmnoneeabi/bin/../lib/gcc/arm-none-eabi/9.2.1/../../../../arm-none-eabi/lib/thumb/v6-m/nofp/libstdc++_nano.a
END GROUP
LOAD /Users/jthiller/.platformio/packages/toolchain-gccarmnoneeabi/bin/../lib/gcc/arm-none-eabi/9.2.1/../../../../arm-none-eabi/lib/thumb/v6-m/nofp/libstdc++_nano.a
LOAD /Users/jthiller/.platformio/packages/toolchain-gccarmnoneeabi/bin/../lib/gcc/arm-none-eabi/9.2.1/../../../../arm-none-eabi/lib/thumb/v6-m/nofp/libm.a
START GROUP
LOAD /Users/jthiller/.platformio/packages/toolchain-gccarmnoneeabi/bin/../lib/gcc/arm-none-eabi/9.2.1/thumb/v6-m/nofp/libgcc.a
LOAD /Users/jthiller/.platformio/packages/toolchain-gccarmnoneeabi/bin/../lib/gcc/arm-none-eabi/9.2.1/../../../../arm-none-eabi/lib/thumb/v6-m/nofp/libc_nano.a
END GROUP
START GROUP
LOAD /Users/jthiller/.platformio/packages/toolchain-gccarmnoneeabi/bin/../lib/gcc/arm-none-eabi/9.2.1/thumb/v6-m/nofp/libgcc.a
LOAD /Users/jthiller/.platformio/packages/toolchain-gccarmnoneeabi/bin/../lib/gcc/arm-none-eabi/9.2.1/../../../../arm-none-eabi/lib/thumb/v6-m/nofp/libc_nano.a
LOAD /Users/jthiller/.platformio/packages/toolchain-gccarmnoneeabi/bin/../lib/gcc/arm-none-eabi/9.2.1/../../../../arm-none-eabi/lib/thumb/v6-m/nofp/libnosys.a
END GROUP
START GROUP
LOAD /Users/jthiller/.platformio/packages/toolchain-gccarmnoneeabi/bin/../lib/gcc/arm-none-eabi/9.2.1/thumb/v6-m/nofp/libgcc.a
LOAD /Users/jthiller/.platformio/packages/toolchain-gccarmnoneeabi/bin/../lib/gcc/arm-none-eabi/9.2.1/../../../../arm-none-eabi/lib/thumb/v6-m/nofp/libc_nano.a
LOAD /Users/jthiller/.platformio/packages/toolchain-gccarmnoneeabi/bin/../lib/gcc/arm-none-eabi/9.2.1/../../../../arm-none-eabi/lib/thumb/v6-m/nofp/libnosys.a
END GROUP
LOAD /Users/jthiller/.platformio/packages/toolchain-gccarmnoneeabi/bin/../lib/gcc/arm-none-eabi/9.2.1/thumb/v6-m/nofp/crtend.o
LOAD /Users/jthiller/.platformio/packages/toolchain-gccarmnoneeabi/bin/../lib/gcc/arm-none-eabi/9.2.1/thumb/v6-m/nofp/crtn.o
START GROUP
LOAD /Users/jthiller/.platformio/packages/toolchain-gccarmnoneeabi/bin/../lib/gcc/arm-none-eabi/9.2.1/thumb/v6-m/nofp/libgcc.a
LOAD /Users/jthiller/.platformio/packages/toolchain-gccarmnoneeabi/bin/../lib/gcc/arm-none-eabi/9.2.1/../../../../arm-none-eabi/lib/thumb/v6-m/nofp/libc.a
LOAD /Users/jthiller/.platformio/packages/toolchain-gccarmnoneeabi/bin/../lib/gcc/arm-none-eabi/9.2.1/../../../../arm-none-eabi/lib/thumb/v6-m/nofp/libnosys.a
END GROUP
                0x0000000000000000                CY_APPL_ORIGIN = 0x0
                0x0000000000000100                CY_FLASH_ROW_SIZE = 0x100
                0x0000000000000001                CY_APPL_NUM = 0x1
                0x0000000000000001                CY_APPL_MAX = 0x1
                0x0000000000000040                CY_METADATA_SIZE = 0x40
                0x0000000000000001                CY_APPL_LOADABLE = 0x1
                0x0000000000000000                CY_CHECKSUM_EXCLUDE_SIZE = ALIGN (0x0, CY_FLASH_ROW_SIZE)
                0x0000000000000000                CY_APP_FOR_STACK_AND_COPIER = 0x0
                [!provide]                        PROVIDE (__cy_heap_start = _end)
                0x0000000000000001                PROVIDE (__cy_region_num = ((__cy_regions_end - __cy_regions) / 0x10))
                0x0000000020004000                PROVIDE (__cy_stack = (ORIGIN (ram) + LENGTH (ram)))
                [!provide]                        PROVIDE (__cy_heap_end = (__cy_stack - 0x800))

.cybootloader   0x0000000000000000     0x2200
 *(.cybootloader)
 .cybootloader  0x0000000000000000     0x2200 .pio/build/cubecell_gps/libFrameworkArduino.a(cybootloader.c.o)
                0x0000000000000000                cy_bootloader
                0x0000000000002200                appl1_start = CY_APPL_ORIGIN?CY_APPL_ORIGIN:ALIGN (CY_FLASH_ROW_SIZE)
                0x0000000000011000                appl2_start = (appl1_start + ALIGN ((((LENGTH (rom) - appl1_start) - (0x2 * CY_FLASH_ROW_SIZE)) / 0x2), CY_FLASH_ROW_SIZE))
                0x0000000000002200                appl_start = (CY_APPL_NUM == 0x1)?appl1_start:appl2_start
                0x0000000000000000                cy_project_type_bootloader = (appl_start == 0x0)?0x1:0x0
                0x0000000000000000                cy_project_type_app_for_stack_and_copier = (CY_APP_FOR_STACK_AND_COPIER == 0x1)?0x1:0x0

.text           0x0000000000002200    0x10048
 CREATE_OBJECT_SYMBOLS
                0x0000000000002200                PROVIDE (__cy_interrupt_vector = RomVectors)
 *(.romvectors)
 .romvectors    0x0000000000002200       0x10 .pio/build/cubecell_gps/libFrameworkArduino.a(Cm0plusStart.c.o)
                0x0000000000002200                RomVectors
                0x0000000000000001                ASSERT ((. != __cy_interrupt_vector), No interrupt vector)
                0x0000000000000001                ASSERT (CY_APPL_ORIGIN?(SIZEOF (.cybootloader) <= CY_APPL_ORIGIN):0x1, Wrong image location)
                0x0000000000002210                PROVIDE (__cy_reset = Reset)
 *(.text.Reset)
 .text.Reset    0x0000000000002210       0x18 .pio/build/cubecell_gps/libFrameworkArduino.a(Cm0plusStart.c.o)
                0x0000000000002210                Reset
                0x0000000000000001                ASSERT ((. != __cy_reset), No reset code)
 *(.psocinit)
 .psocinit      0x0000000000002228      0x1b8 /Users/jthiller/.platformio/packages/framework-arduinocubecell/cores/asr650x/projects/CubeCellLib.a(cyfitter_cfg.o)
                0x0000000000002228                cyfitter_cfg
                0x00000000000023e0                . = MAX (., 0x100)
 *(.text .text.* .gnu.linkonce.t.*)
 .text.__do_global_dtors_aux
                0x00000000000023e0       0x28 /Users/jthiller/.platformio/packages/toolchain-gccarmnoneeabi/bin/../lib/gcc/arm-none-eabi/9.2.1/thumb/v6-m/nofp/crtbegin.o
 .text.frame_dummy
                0x0000000000002408       0x20 /Users/jthiller/.platformio/packages/toolchain-gccarmnoneeabi/bin/../lib/gcc/arm-none-eabi/9.2.1/thumb/v6-m/nofp/crtbegin.o
 .text._Z5setupv
                0x0000000000002428       0x40 .pio/build/cubecell_gps/src/LoRaWan.ino.cpp.o
                0x0000000000002428                setup()
 .text._Z4loopv
                0x0000000000002468       0xa4 .pio/build/cubecell_gps/src/LoRaWan.ino.cpp.o
                0x0000000000002468                loop()
 .text.print_para_1
                0x000000000000250c       0x20 /Users/jthiller/.platformio/packages/framework-arduinocubecell/cores/asr650x/projects/CubeCellLib.a(AT_Command.o)
                0x000000000000250c                print_para_1
 .text.netInfoDisable
                0x000000000000252c       0x1a /Users/jthiller/.platformio/packages/framework-arduinocubecell/cores/asr650x/projects/CubeCellLib.a(AT_Command.o)
                0x000000000000252c                netInfoDisable
 *fill*         0x0000000000002546        0x2 
 .text.saveNetInfo
                0x0000000000002548       0x58 /Users/jthiller/.platformio/packages/framework-arduinocubecell/cores/asr650x/projects/CubeCellLib.a(AT_Command.o)
                0x0000000000002548                saveNetInfo
 .text.checkNetInfo
                0x00000000000025a0       0x34 /Users/jthiller/.platformio/packages/framework-arduinocubecell/cores/asr650x/projects/CubeCellLib.a(AT_Command.o)
                0x00000000000025a0                checkNetInfo
 .text.saveDownCnt
                0x00000000000025d4       0x40 /Users/jthiller/.platformio/packages/framework-arduinocubecell/cores/asr650x/projects/CubeCellLib.a(AT_Command.o)
                0x00000000000025d4                saveDownCnt
 .text.getNetInfo
                0x0000000000002614      0x120 /Users/jthiller/.platformio/packages/framework-arduinocubecell/cores/asr650x/projects/CubeCellLib.a(AT_Command.o)
                0x0000000000002614                getNetInfo
 .text.printDevParam
                0x0000000000002734      0x224 /Users/jthiller/.platformio/packages/framework-arduinocubecell/cores/asr650x/projects/CubeCellLib.a(AT_Command.o)
                0x0000000000002734                printDevParam
 .text.__pinMode
                0x0000000000002958       0x74 /Users/jthiller/.platformio/packages/framework-arduinocubecell/cores/asr650x/projects/CubeCellLib.a(ASR_Arduino.o)
 .text.globalGpioIsrEntry
                0x00000000000029cc       0x90 /Users/jthiller/.platformio/packages/framework-arduinocubecell/cores/asr650x/projects/CubeCellLib.a(ASR_Arduino.o)
                0x00000000000029cc                globalGpioIsrEntry
 .text.getID    0x0000000000002a5c       0x18 /Users/jthiller/.platformio/packages/framework-arduinocubecell/cores/asr650x/projects/CubeCellLib.a(ASR_Arduino.o)
                0x0000000000002a5c                getID
 .text.license_check
                0x0000000000002a74      0x268 /Users/jthiller/.platformio/packages/framework-arduinocubecell/cores/asr650x/projects/CubeCellLib.a(ASR_Arduino.o)
                0x0000000000002a74                license_check
 .text.pinMode  0x0000000000002cdc       0x1a /Users/jthiller/.platformio/packages/framework-arduinocubecell/cores/asr650x/projects/CubeCellLib.a(ASR_Arduino.o)
                0x0000000000002cdc                pinMode
 *fill*         0x0000000000002cf6        0x2 
 .text.digitalWrite
                0x0000000000002cf8       0x68 /Users/jthiller/.platformio/packages/framework-arduinocubecell/cores/asr650x/projects/CubeCellLib.a(ASR_Arduino.o)
                0x0000000000002cf8                digitalWrite
 .text.digitalRead
                0x0000000000002d60       0x20 /Users/jthiller/.platformio/packages/framework-arduinocubecell/cores/asr650x/projects/CubeCellLib.a(ASR_Arduino.o)
                0x0000000000002d60                digitalRead
 .text.ClearPinInterrupt
                0x0000000000002d80       0x1c /Users/jthiller/.platformio/packages/framework-arduinocubecell/cores/asr650x/projects/CubeCellLib.a(ASR_Arduino.o)
                0x0000000000002d80                ClearPinInterrupt
 .text.attachInterrupt
                0x0000000000002d9c       0x80 /Users/jthiller/.platformio/packages/framework-arduinocubecell/cores/asr650x/projects/CubeCellLib.a(ASR_Arduino.o)
                0x0000000000002d9c                attachInterrupt
 .text.detachInterrupt
                0x0000000000002e1c       0x78 /Users/jthiller/.platformio/packages/framework-arduinocubecell/cores/asr650x/projects/CubeCellLib.a(ASR_Arduino.o)
                0x0000000000002e1c                detachInterrupt
 .text.analogRead
                0x0000000000002e94       0x60 /Users/jthiller/.platformio/packages/framework-arduinocubecell/cores/asr650x/projects/CubeCellLib.a(ASR_Arduino.o)
                0x0000000000002e94                analogRead
 .text.analogReadmV
                0x0000000000002ef4       0x20 /Users/jthiller/.platformio/packages/framework-arduinocubecell/cores/asr650x/projects/CubeCellLib.a(ASR_Arduino.o)
                0x0000000000002ef4                analogReadmV
 .text.delay    0x0000000000002f14        0x8 /Users/jthiller/.platformio/packages/framework-arduinocubecell/cores/asr650x/projects/CubeCellLib.a(ASR_Arduino.o)
                0x0000000000002f14                delay
 .text.millis   0x0000000000002f1c        0x8 /Users/jthiller/.platformio/packages/framework-arduinocubecell/cores/asr650x/projects/CubeCellLib.a(ASR_Arduino.o)
                0x0000000000002f1c                millis
 .text.UART_1_Enable
                0x0000000000002f24       0x20 /Users/jthiller/.platformio/packages/framework-arduinocubecell/cores/asr650x/projects/CubeCellLib.a(UART_1.o)
                0x0000000000002f24                UART_1_Enable
 .text.UART_1_Start
                0x0000000000002f44       0x54 /Users/jthiller/.platformio/packages/framework-arduinocubecell/cores/asr650x/projects/CubeCellLib.a(UART_1.o)
                0x0000000000002f44                UART_1_Start
 .text.systemTimer
                0x0000000000002f98       0x10 /Users/jthiller/.platformio/packages/framework-arduinocubecell/cores/asr650x/projects/CubeCellLib.a(cyfitter_cfg.o)
                0x0000000000002f98                systemTimer
 .text.SetAnalogRoutingPumps
                0x0000000000002fa8       0x1c /Users/jthiller/.platformio/packages/framework-arduinocubecell/cores/asr650x/projects/CubeCellLib.a(cyfitter_cfg.o)
                0x0000000000002fa8                SetAnalogRoutingPumps
 .text.SetMlmeScheduleUplinkIndication
                0x0000000000002fc4       0x1c .pio/build/cubecell_gps/lib092/libLoraWan102.a(LoRaMac.c.o)
 .text.AddMacCommand
                0x0000000000002fe0      0x1b8 .pio/build/cubecell_gps/lib092/libLoraWan102.a(LoRaMac.c.o)
 .text.ResetMacParameters
                0x0000000000003198       0xe0 .pio/build/cubecell_gps/lib092/libLoraWan102.a(LoRaMac.c.o)
 .text.OnAckTimeoutTimerEvent
                0x0000000000003278       0x4c .pio/build/cubecell_gps/lib092/libLoraWan102.a(LoRaMac.c.o)
 .text.ValidatePayloadLength
                0x00000000000032c4       0x5c .pio/build/cubecell_gps/lib092/libLoraWan102.a(LoRaMac.c.o)
 .text.PrepareRxDoneAbort
                0x0000000000003320       0x48 .pio/build/cubecell_gps/lib092/libLoraWan102.a(LoRaMac.c.o)
 .text.ProcessMacCommands
                0x0000000000003368      0x42c .pio/build/cubecell_gps/lib092/libLoraWan102.a(LoRaMac.c.o)
 .text.OnRadioRxDone
                0x0000000000003794      0x610 .pio/build/cubecell_gps/lib092/libLoraWan102.a(LoRaMac.c.o)
                0x0000000000003794                OnRadioRxDone
 .text.ScheduleTx
                0x0000000000003da4      0x254 .pio/build/cubecell_gps/lib092/libLoraWan102.a(LoRaMac.c.o)
 .text.OnRadioCadDone
                0x0000000000003ff8       0xd0 .pio/build/cubecell_gps/lib092/libLoraWan102.a(LoRaMac.c.o)
 .text.Onwota_CadTimer
                0x00000000000040c8       0x88 .pio/build/cubecell_gps/lib092/libLoraWan102.a(LoRaMac.c.o)
                0x00000000000040c8                Onwota_CadTimer
 .text.RxWindowSetup
                0x0000000000004150       0x18 .pio/build/cubecell_gps/lib092/libLoraWan102.a(LoRaMac.c.o)
 .text.OnRxWindow2TimerEvent
                0x0000000000004168       0x78 .pio/build/cubecell_gps/lib092/libLoraWan102.a(LoRaMac.c.o)
 .text.OpenContinuousRx2Window
                0x00000000000041e0       0x14 .pio/build/cubecell_gps/lib092/libLoraWan102.a(LoRaMac.c.o)
 .text.OnRadioTxTimeout
                0x00000000000041f4       0x64 .pio/build/cubecell_gps/lib092/libLoraWan102.a(LoRaMac.c.o)
 .text.OnRadioRxTimeout
                0x0000000000004258      0x100 .pio/build/cubecell_gps/lib092/libLoraWan102.a(LoRaMac.c.o)
 .text.OnRadioRxError
                0x0000000000004358      0x100 .pio/build/cubecell_gps/lib092/libLoraWan102.a(LoRaMac.c.o)
 .text.OnRadioTxDone
                0x0000000000004458      0x160 .pio/build/cubecell_gps/lib092/libLoraWan102.a(LoRaMac.c.o)
 .text.OnRxWindow1TimerEvent
                0x00000000000045b8       0x7c .pio/build/cubecell_gps/lib092/libLoraWan102.a(LoRaMac.c.o)
 .text.PrepareFrame
                0x0000000000004634      0x36c .pio/build/cubecell_gps/lib092/libLoraWan102.a(LoRaMac.c.o)
                0x0000000000004634                PrepareFrame
 .text.Send     0x00000000000049a0       0x4c .pio/build/cubecell_gps/lib092/libLoraWan102.a(LoRaMac.c.o)
                0x00000000000049a0                Send
 .text.OnTxDelayedTimerEvent
                0x00000000000049ec       0x80 .pio/build/cubecell_gps/lib092/libLoraWan102.a(LoRaMac.c.o)
 .text.OnMacStateCheckTimerEvent
                0x0000000000004a6c      0x34c .pio/build/cubecell_gps/lib092/libLoraWan102.a(LoRaMac.c.o)
 .text.SendFrameOnChannel
                0x0000000000004db8      0x120 .pio/build/cubecell_gps/lib092/libLoraWan102.a(LoRaMac.c.o)
                0x0000000000004db8                SendFrameOnChannel
 .text.OnTxImmediateTimerEvent
                0x0000000000004ed8       0x1c .pio/build/cubecell_gps/lib092/libLoraWan102.a(LoRaMac.c.o)
 .text.SetTxContinuousWave
                0x0000000000004ef4       0x64 .pio/build/cubecell_gps/lib092/libLoraWan102.a(LoRaMac.c.o)
                0x0000000000004ef4                SetTxContinuousWave
 .text.SetTxContinuousWave1
                0x0000000000004f58       0x3c .pio/build/cubecell_gps/lib092/libLoraWan102.a(LoRaMac.c.o)
                0x0000000000004f58                SetTxContinuousWave1
 .text.LoRaMacInitialization
                0x0000000000004f94      0x334 .pio/build/cubecell_gps/lib092/libLoraWan102.a(LoRaMac.c.o)
                0x0000000000004f94                LoRaMacInitialization
 .text.LoRaMacQueryTxPossible
                0x00000000000052c8      0x16c .pio/build/cubecell_gps/lib092/libLoraWan102.a(LoRaMac.c.o)
                0x00000000000052c8                LoRaMacQueryTxPossible
 .text.LoRaMacMibGetRequestConfirm
                0x0000000000005434      0x13c .pio/build/cubecell_gps/lib092/libLoraWan102.a(LoRaMac.c.o)
                0x0000000000005434                LoRaMacMibGetRequestConfirm
 .text.LoRaMacMulticastChannelLink
                0x0000000000005570       0x44 .pio/build/cubecell_gps/lib092/libLoraWan102.a(LoRaMac.c.o)
                0x0000000000005570                LoRaMacMulticastChannelLink
 .text.LoRaMacMulticastChannelUnlink
                0x00000000000055b4       0x44 .pio/build/cubecell_gps/lib092/libLoraWan102.a(LoRaMac.c.o)
                0x00000000000055b4                LoRaMacMulticastChannelUnlink
 .text.LoRaMacMibSetRequestConfirm
                0x00000000000055f8      0x360 .pio/build/cubecell_gps/lib092/libLoraWan102.a(LoRaMac.c.o)
                0x00000000000055f8                LoRaMacMibSetRequestConfirm
 .text.LoRaMacMlmeRequest
                0x0000000000005958      0x23c .pio/build/cubecell_gps/lib092/libLoraWan102.a(LoRaMac.c.o)
                0x0000000000005958                LoRaMacMlmeRequest
 .text.LoRaMacMcpsRequest
                0x0000000000005b94      0x180 .pio/build/cubecell_gps/lib092/libLoraWan102.a(LoRaMac.c.o)
                0x0000000000005b94                LoRaMacMcpsRequest
 .text.LoRaMacClassBInit
                0x0000000000005d14        0x2 .pio/build/cubecell_gps/lib092/libLoraWan102.a(LoRaMacClassB.c.o)
                0x0000000000005d14                LoRaMacClassBInit
 .text.LoRaMacClassBSetBeaconState
                0x0000000000005d16        0x2 .pio/build/cubecell_gps/lib092/libLoraWan102.a(LoRaMacClassB.c.o)
                0x0000000000005d16                LoRaMacClassBSetBeaconState
 .text.LoRaMacClassBSetPingSlotState
                0x0000000000005d18        0x2 .pio/build/cubecell_gps/lib092/libLoraWan102.a(LoRaMacClassB.c.o)
                0x0000000000005d18                LoRaMacClassBSetPingSlotState
 .text.LoRaMacClassBSetMulticastSlotState
                0x0000000000005d1a        0x2 .pio/build/cubecell_gps/lib092/libLoraWan102.a(LoRaMacClassB.c.o)
                0x0000000000005d1a                LoRaMacClassBSetMulticastSlotState
 .text.LoRaMacClassBIsAcquisitionInProgress
                0x0000000000005d1c        0x4 .pio/build/cubecell_gps/lib092/libLoraWan102.a(LoRaMacClassB.c.o)
                0x0000000000005d1c                LoRaMacClassBIsAcquisitionInProgress
 .text.LoRaMacClassBBeaconTimerEvent
                0x0000000000005d20        0x2 .pio/build/cubecell_gps/lib092/libLoraWan102.a(LoRaMacClassB.c.o)
                0x0000000000005d20                LoRaMacClassBBeaconTimerEvent
 .text.LoRaMacClassBPingSlotTimerEvent
                0x0000000000005d22        0x2 .pio/build/cubecell_gps/lib092/libLoraWan102.a(LoRaMacClassB.c.o)
                0x0000000000005d22                LoRaMacClassBPingSlotTimerEvent
 .text.LoRaMacClassBMulticastSlotTimerEvent
                0x0000000000005d24        0x2 .pio/build/cubecell_gps/lib092/libLoraWan102.a(LoRaMacClassB.c.o)
                0x0000000000005d24                LoRaMacClassBMulticastSlotTimerEvent
 .text.LoRaMacClassBRxBeacon
                0x0000000000005d26        0x4 .pio/build/cubecell_gps/lib092/libLoraWan102.a(LoRaMacClassB.c.o)
                0x0000000000005d26                LoRaMacClassBRxBeacon
 .text.LoRaMacClassBIsBeaconExpected
                0x0000000000005d2a        0x4 .pio/build/cubecell_gps/lib092/libLoraWan102.a(LoRaMacClassB.c.o)
                0x0000000000005d2a                LoRaMacClassBIsBeaconExpected
 .text.LoRaMacClassBIsPingExpected
                0x0000000000005d2e        0x4 .pio/build/cubecell_gps/lib092/libLoraWan102.a(LoRaMacClassB.c.o)
                0x0000000000005d2e                LoRaMacClassBIsPingExpected
 .text.LoRaMacClassBIsMulticastExpected
                0x0000000000005d32        0x4 .pio/build/cubecell_gps/lib092/libLoraWan102.a(LoRaMacClassB.c.o)
                0x0000000000005d32                LoRaMacClassBIsMulticastExpected
 .text.LoRaMacClassBIsBeaconModeActive
                0x0000000000005d36        0x4 .pio/build/cubecell_gps/lib092/libLoraWan102.a(LoRaMacClassB.c.o)
                0x0000000000005d36                LoRaMacClassBIsBeaconModeActive
 .text.LoRaMacClassBSetPingSlotInfo
                0x0000000000005d3a        0x2 .pio/build/cubecell_gps/lib092/libLoraWan102.a(LoRaMacClassB.c.o)
                0x0000000000005d3a                LoRaMacClassBSetPingSlotInfo
 .text.LoRaMacClassBHaltBeaconing
                0x0000000000005d3c        0x2 .pio/build/cubecell_gps/lib092/libLoraWan102.a(LoRaMacClassB.c.o)
                0x0000000000005d3c                LoRaMacClassBHaltBeaconing
 .text.LoRaMacClassBResumeBeaconing
                0x0000000000005d3e        0x2 .pio/build/cubecell_gps/lib092/libLoraWan102.a(LoRaMacClassB.c.o)
                0x0000000000005d3e                LoRaMacClassBResumeBeaconing
 .text.LoRaMacClassBSwitchClass
                0x0000000000005d40        0x4 .pio/build/cubecell_gps/lib092/libLoraWan102.a(LoRaMacClassB.c.o)
                0x0000000000005d40                LoRaMacClassBSwitchClass
 .text.LoRaMacClassBMibGetRequestConfirm
                0x0000000000005d44        0x4 .pio/build/cubecell_gps/lib092/libLoraWan102.a(LoRaMacClassB.c.o)
                0x0000000000005d44                LoRaMacClassBMibGetRequestConfirm
 .text.LoRaMacMibClassBSetRequestConfirm
                0x0000000000005d48        0x4 .pio/build/cubecell_gps/lib092/libLoraWan102.a(LoRaMacClassB.c.o)
                0x0000000000005d48                LoRaMacMibClassBSetRequestConfirm
 .text.LoRaMacClassBPingSlotInfoAns
                0x0000000000005d4c        0x2 .pio/build/cubecell_gps/lib092/libLoraWan102.a(LoRaMacClassB.c.o)
                0x0000000000005d4c                LoRaMacClassBPingSlotInfoAns
 .text.LoRaMacClassBPingSlotChannelReq
                0x0000000000005d4e        0x4 .pio/build/cubecell_gps/lib092/libLoraWan102.a(LoRaMacClassB.c.o)
                0x0000000000005d4e                LoRaMacClassBPingSlotChannelReq
 .text.LoRaMacClassBBeaconTimingAns
                0x0000000000005d52        0x2 .pio/build/cubecell_gps/lib092/libLoraWan102.a(LoRaMacClassB.c.o)
                0x0000000000005d52                LoRaMacClassBBeaconTimingAns
 .text.LoRaMacClassBDeviceTimeAns
                0x0000000000005d54       0x16 .pio/build/cubecell_gps/lib092/libLoraWan102.a(LoRaMacClassB.c.o)
                0x0000000000005d54                LoRaMacClassBDeviceTimeAns
 .text.LoRaMacClassBBeaconFreqReq
                0x0000000000005d6a        0x4 .pio/build/cubecell_gps/lib092/libLoraWan102.a(LoRaMacClassB.c.o)
                0x0000000000005d6a                LoRaMacClassBBeaconFreqReq
 .text.LoRaMacClassBIsUplinkCollision
                0x0000000000005d6e        0x6 .pio/build/cubecell_gps/lib092/libLoraWan102.a(LoRaMacClassB.c.o)
                0x0000000000005d6e                LoRaMacClassBIsUplinkCollision
 .text.LoRaMacClassBStopRxSlots
                0x0000000000005d74        0x2 .pio/build/cubecell_gps/lib092/libLoraWan102.a(LoRaMacClassB.c.o)
                0x0000000000005d74                LoRaMacClassBStopRxSlots
 .text.LoRaMacClassBSetMulticastPeriodicity
                0x0000000000005d76        0x2 .pio/build/cubecell_gps/lib092/libLoraWan102.a(LoRaMacClassB.c.o)
                0x0000000000005d76                LoRaMacClassBSetMulticastPeriodicity
 .text.LoRaMacConfirmQueueInit
                0x0000000000005d78       0x40 .pio/build/cubecell_gps/lib092/libLoraWan102.a(LoRaMacConfirmQueue.c.o)
                0x0000000000005d78                LoRaMacConfirmQueueInit
 .text.LoRaMacConfirmQueueAdd
                0x0000000000005db8       0x44 .pio/build/cubecell_gps/lib092/libLoraWan102.a(LoRaMacConfirmQueue.c.o)
                0x0000000000005db8                LoRaMacConfirmQueueAdd
 .text.LoRaMacConfirmQueueRemoveLast
                0x0000000000005dfc       0x30 .pio/build/cubecell_gps/lib092/libLoraWan102.a(LoRaMacConfirmQueue.c.o)
                0x0000000000005dfc                LoRaMacConfirmQueueRemoveLast
 .text.LoRaMacConfirmQueueRemoveFirst
                0x0000000000005e2c       0x30 .pio/build/cubecell_gps/lib092/libLoraWan102.a(LoRaMacConfirmQueue.c.o)
                0x0000000000005e2c                LoRaMacConfirmQueueRemoveFirst
 .text.LoRaMacConfirmQueueSetStatus
                0x0000000000005e5c       0x48 .pio/build/cubecell_gps/lib092/libLoraWan102.a(LoRaMacConfirmQueue.c.o)
                0x0000000000005e5c                LoRaMacConfirmQueueSetStatus
 .text.LoRaMacConfirmQueueGetStatus
                0x0000000000005ea4       0x48 .pio/build/cubecell_gps/lib092/libLoraWan102.a(LoRaMacConfirmQueue.c.o)
                0x0000000000005ea4                LoRaMacConfirmQueueGetStatus
 .text.LoRaMacConfirmQueueSetStatusCmn
                0x0000000000005eec       0x4c .pio/build/cubecell_gps/lib092/libLoraWan102.a(LoRaMacConfirmQueue.c.o)
                0x0000000000005eec                LoRaMacConfirmQueueSetStatusCmn
 .text.LoRaMacConfirmQueueGetStatusCmn
                0x0000000000005f38        0xc .pio/build/cubecell_gps/lib092/libLoraWan102.a(LoRaMacConfirmQueue.c.o)
                0x0000000000005f38                LoRaMacConfirmQueueGetStatusCmn
 .text.LoRaMacConfirmQueueIsCmdActive
                0x0000000000005f44       0x38 .pio/build/cubecell_gps/lib092/libLoraWan102.a(LoRaMacConfirmQueue.c.o)
                0x0000000000005f44                LoRaMacConfirmQueueIsCmdActive
 .text.LoRaMacConfirmQueueHandleCb
                0x0000000000005f7c       0x58 .pio/build/cubecell_gps/lib092/libLoraWan102.a(LoRaMacConfirmQueue.c.o)
                0x0000000000005f7c                LoRaMacConfirmQueueHandleCb
 .text.LoRaMacConfirmQueueGetCnt
                0x0000000000005fd4        0xc .pio/build/cubecell_gps/lib092/libLoraWan102.a(LoRaMacConfirmQueue.c.o)
                0x0000000000005fd4                LoRaMacConfirmQueueGetCnt
 .text.LoRaMacConfirmQueueIsFull
                0x0000000000005fe0       0x14 .pio/build/cubecell_gps/lib092/libLoraWan102.a(LoRaMacConfirmQueue.c.o)
                0x0000000000005fe0                LoRaMacConfirmQueueIsFull
 .text.LoRaMacComputeMic
                0x0000000000005ff4       0x84 .pio/build/cubecell_gps/lib092/libLoraWan102.a(LoRaMacCrypto.c.o)
                0x0000000000005ff4                LoRaMacComputeMic
 .text.LoRaMacPayloadEncrypt
                0x0000000000006078       0xd8 .pio/build/cubecell_gps/lib092/libLoraWan102.a(LoRaMacCrypto.c.o)
                0x0000000000006078                LoRaMacPayloadEncrypt
 .text.LoRaMacPayloadDecrypt
                0x0000000000006150       0x1a .pio/build/cubecell_gps/lib092/libLoraWan102.a(LoRaMacCrypto.c.o)
                0x0000000000006150                LoRaMacPayloadDecrypt
 *fill*         0x000000000000616a        0x2 
 .text.LoRaMacJoinComputeMic
                0x000000000000616c       0x50 .pio/build/cubecell_gps/lib092/libLoraWan102.a(LoRaMacCrypto.c.o)
                0x000000000000616c                LoRaMacJoinComputeMic
 .text.LoRaMacJoinDecrypt
                0x00000000000061bc       0x44 .pio/build/cubecell_gps/lib092/libLoraWan102.a(LoRaMacCrypto.c.o)
                0x00000000000061bc                LoRaMacJoinDecrypt
 .text.LoRaMacJoinComputeSKeys
                0x0000000000006200       0x9c .pio/build/cubecell_gps/lib092/libLoraWan102.a(LoRaMacCrypto.c.o)
                0x0000000000006200                LoRaMacJoinComputeSKeys
 .text.RegionIsActive
                0x000000000000629c        0xa .pio/build/cubecell_gps/lib092/libLoraWan102.a(Region.c.o)
                0x000000000000629c                RegionIsActive
 .text.RegionGetPhyParam
                0x00000000000062a6       0x18 .pio/build/cubecell_gps/lib092/libLoraWan102.a(Region.c.o)
                0x00000000000062a6                RegionGetPhyParam
 .text.RegionSetBandTxDone
                0x00000000000062be        0xe .pio/build/cubecell_gps/lib092/libLoraWan102.a(Region.c.o)
                0x00000000000062be                RegionSetBandTxDone
 .text.RegionInitDefaults
                0x00000000000062cc        0xe .pio/build/cubecell_gps/lib092/libLoraWan102.a(Region.c.o)
                0x00000000000062cc                RegionInitDefaults
 .text.RegionVerify
                0x00000000000062da       0x18 .pio/build/cubecell_gps/lib092/libLoraWan102.a(Region.c.o)
                0x00000000000062da                RegionVerify
 .text.RegionApplyCFList
                0x00000000000062f2        0xe .pio/build/cubecell_gps/lib092/libLoraWan102.a(Region.c.o)
                0x00000000000062f2                RegionApplyCFList
 .text.RegionChanMaskSet
                0x0000000000006300       0x14 .pio/build/cubecell_gps/lib092/libLoraWan102.a(Region.c.o)
                0x0000000000006300                RegionChanMaskSet
 .text.RegionAdrNext
                0x0000000000006314       0x1c .pio/build/cubecell_gps/lib092/libLoraWan102.a(Region.c.o)
                0x0000000000006314                RegionAdrNext
 .text.RegionComputeRxWindowParameters
                0x0000000000006330       0x16 .pio/build/cubecell_gps/lib092/libLoraWan102.a(Region.c.o)
                0x0000000000006330                RegionComputeRxWindowParameters
 .text.RegionRxConfig
                0x0000000000006346       0x18 .pio/build/cubecell_gps/lib092/libLoraWan102.a(Region.c.o)
                0x0000000000006346                RegionRxConfig
 .text.RegionTxConfig
                0x000000000000635e       0x1a .pio/build/cubecell_gps/lib092/libLoraWan102.a(Region.c.o)
                0x000000000000635e                RegionTxConfig
 .text.RegionLinkAdrReq
                0x0000000000006378       0x20 .pio/build/cubecell_gps/lib092/libLoraWan102.a(Region.c.o)
                0x0000000000006378                RegionLinkAdrReq
 .text.RegionRxParamSetupReq
                0x0000000000006398       0x14 .pio/build/cubecell_gps/lib092/libLoraWan102.a(Region.c.o)
                0x0000000000006398                RegionRxParamSetupReq
 .text.RegionNewChannelReq
                0x00000000000063ac       0x14 .pio/build/cubecell_gps/lib092/libLoraWan102.a(Region.c.o)
                0x00000000000063ac                RegionNewChannelReq
 .text.RegionTxParamSetupReq
                0x00000000000063c0       0x14 .pio/build/cubecell_gps/lib092/libLoraWan102.a(Region.c.o)
                0x00000000000063c0                RegionTxParamSetupReq
 .text.RegionDlChannelReq
                0x00000000000063d4       0x14 .pio/build/cubecell_gps/lib092/libLoraWan102.a(Region.c.o)
                0x00000000000063d4                RegionDlChannelReq
 .text.RegionAlternateDr
                0x00000000000063e8       0x14 .pio/build/cubecell_gps/lib092/libLoraWan102.a(Region.c.o)
                0x00000000000063e8                RegionAlternateDr
 .text.RegionCalcBackOff
                0x00000000000063fc        0xe .pio/build/cubecell_gps/lib092/libLoraWan102.a(Region.c.o)
                0x00000000000063fc                RegionCalcBackOff
 .text.RegionNextChannel
                0x000000000000640a       0x1c .pio/build/cubecell_gps/lib092/libLoraWan102.a(Region.c.o)
                0x000000000000640a                RegionNextChannel
 .text.RegionSetContinuousWave
                0x0000000000006426        0xe .pio/build/cubecell_gps/lib092/libLoraWan102.a(Region.c.o)
                0x0000000000006426                RegionSetContinuousWave
 .text.RegionApplyDrOffset
                0x0000000000006434       0x1a .pio/build/cubecell_gps/lib092/libLoraWan102.a(Region.c.o)
                0x0000000000006434                RegionApplyDrOffset
 *fill*         0x000000000000644e        0x2 
 .text.RegionUS915GetPhyParam
                0x0000000000006450      0x10c .pio/build/cubecell_gps/lib092/libLoraWan102.a(RegionUS915.c.o)
                0x0000000000006450                RegionUS915GetPhyParam
 .text.RegionUS915SetBandTxDone
                0x000000000000655c       0x28 .pio/build/cubecell_gps/lib092/libLoraWan102.a(RegionUS915.c.o)
                0x000000000000655c                RegionUS915SetBandTxDone
 .text.RegionUS915InitDefaults
                0x0000000000006584       0xb8 .pio/build/cubecell_gps/lib092/libLoraWan102.a(RegionUS915.c.o)
                0x0000000000006584                RegionUS915InitDefaults
 .text.RegionUS915Verify
                0x000000000000663c       0x52 .pio/build/cubecell_gps/lib092/libLoraWan102.a(RegionUS915.c.o)
                0x000000000000663c                RegionUS915Verify
 .text.RegionUS915ApplyCFList
                0x000000000000668e        0x2 .pio/build/cubecell_gps/lib092/libLoraWan102.a(RegionUS915.c.o)
                0x000000000000668e                RegionUS915ApplyCFList
 .text.RegionUS915ChanMaskSet
                0x0000000000006690       0x5c .pio/build/cubecell_gps/lib092/libLoraWan102.a(RegionUS915.c.o)
                0x0000000000006690                RegionUS915ChanMaskSet
 .text.RegionUS915AdrNext
                0x00000000000066ec       0x80 .pio/build/cubecell_gps/lib092/libLoraWan102.a(RegionUS915.c.o)
                0x00000000000066ec                RegionUS915AdrNext
 .text.RegionUS915ComputeRxWindowParameters
                0x000000000000676c       0x78 .pio/build/cubecell_gps/lib092/libLoraWan102.a(RegionUS915.c.o)
                0x000000000000676c                RegionUS915ComputeRxWindowParameters
 .text.RegionUS915RxConfig
                0x00000000000067e4       0xbc .pio/build/cubecell_gps/lib092/libLoraWan102.a(RegionUS915.c.o)
                0x00000000000067e4                RegionUS915RxConfig
 .text.RegionUS915TxConfig
                0x00000000000068a0      0x13c .pio/build/cubecell_gps/lib092/libLoraWan102.a(RegionUS915.c.o)
                0x00000000000068a0                RegionUS915TxConfig
 .text.RegionUS915LinkAdrReq
                0x00000000000069dc      0x150 .pio/build/cubecell_gps/lib092/libLoraWan102.a(RegionUS915.c.o)
                0x00000000000069dc                RegionUS915LinkAdrReq
 .text.RegionUS915RxParamSetupReq
                0x0000000000006b2c       0x84 .pio/build/cubecell_gps/lib092/libLoraWan102.a(RegionUS915.c.o)
                0x0000000000006b2c                RegionUS915RxParamSetupReq
 .text.RegionUS915NewChannelReq
                0x0000000000006bb0        0x4 .pio/build/cubecell_gps/lib092/libLoraWan102.a(RegionUS915.c.o)
                0x0000000000006bb0                RegionUS915NewChannelReq
 .text.RegionUS915TxParamSetupReq
                0x0000000000006bb4        0x6 .pio/build/cubecell_gps/lib092/libLoraWan102.a(RegionUS915.c.o)
                0x0000000000006bb4                RegionUS915TxParamSetupReq
 .text.RegionUS915DlChannelReq
                0x0000000000006bba        0x4 .pio/build/cubecell_gps/lib092/libLoraWan102.a(RegionUS915.c.o)
                0x0000000000006bba                RegionUS915DlChannelReq
 .text.RegionUS915AlternateDr
                0x0000000000006bbe        0xa .pio/build/cubecell_gps/lib092/libLoraWan102.a(RegionUS915.c.o)
                0x0000000000006bbe                RegionUS915AlternateDr
 .text.RegionUS915CalcBackOff
                0x0000000000006bc8       0x64 .pio/build/cubecell_gps/lib092/libLoraWan102.a(RegionUS915.c.o)
                0x0000000000006bc8                RegionUS915CalcBackOff
 .text.RegionUS915NextChannel
                0x0000000000006c2c      0x168 .pio/build/cubecell_gps/lib092/libLoraWan102.a(RegionUS915.c.o)
                0x0000000000006c2c                RegionUS915NextChannel
 .text.RegionUS915SetContinuousWave
                0x0000000000006d94       0x88 .pio/build/cubecell_gps/lib092/libLoraWan102.a(RegionUS915.c.o)
                0x0000000000006d94                RegionUS915SetContinuousWave
 .text.RegionUS915ApplyDrOffset
                0x0000000000006e1c       0x18 .pio/build/cubecell_gps/lib092/libLoraWan102.a(RegionUS915.c.o)
                0x0000000000006e1c                RegionUS915ApplyDrOffset
 .text.RadioCheckRfFrequency
                0x0000000000006e34        0x4 .pio/build/cubecell_gps/lib092/libLoraWan102.a(radio.c.o)
                0x0000000000006e34                RadioCheckRfFrequency
 .text.RadioStandby
                0x0000000000006e38        0xa .pio/build/cubecell_gps/lib092/libLoraWan102.a(radio.c.o)
                0x0000000000006e38                RadioStandby
 *fill*         0x0000000000006e42        0x2 
 .text.RadioInit
                0x0000000000006e44       0x78 .pio/build/cubecell_gps/lib092/libLoraWan102.a(radio.c.o)
                0x0000000000006e44                RadioInit
 .text.RadioGetStatus
                0x0000000000006ebc       0x1a .pio/build/cubecell_gps/lib092/libLoraWan102.a(radio.c.o)
                0x0000000000006ebc                RadioGetStatus
 .text.RadioSetChannel
                0x0000000000006ed6        0x8 .pio/build/cubecell_gps/lib092/libLoraWan102.a(radio.c.o)
                0x0000000000006ed6                RadioSetChannel
 .text.RadioRssi
                0x0000000000006ede        0xa .pio/build/cubecell_gps/lib092/libLoraWan102.a(radio.c.o)
                0x0000000000006ede                RadioRssi
 .text.RadioSyncWord
                0x0000000000006ee8       0x10 .pio/build/cubecell_gps/lib092/libLoraWan102.a(radio.c.o)
                0x0000000000006ee8                RadioSyncWord
 .text.RadioSend
                0x0000000000006ef8       0x5c .pio/build/cubecell_gps/lib092/libLoraWan102.a(radio.c.o)
                0x0000000000006ef8                RadioSend
 .text.RadioSleep
                0x0000000000006f54       0x10 .pio/build/cubecell_gps/lib092/libLoraWan102.a(radio.c.o)
                0x0000000000006f54                RadioSleep
 .text.RadioSetRxDutyCycle
                0x0000000000006f64        0x8 .pio/build/cubecell_gps/lib092/libLoraWan102.a(radio.c.o)
                0x0000000000006f64                RadioSetRxDutyCycle
 .text.RadioStartCad
                0x0000000000006f6c       0x64 .pio/build/cubecell_gps/lib092/libLoraWan102.a(radio.c.o)
                0x0000000000006f6c                RadioStartCad
 .text.RadioSetTxContinuousWave
                0x0000000000006fd0       0x40 .pio/build/cubecell_gps/lib092/libLoraWan102.a(radio.c.o)
                0x0000000000006fd0                RadioSetTxContinuousWave
 .text.RadioWrite
                0x0000000000007010        0x8 .pio/build/cubecell_gps/lib092/libLoraWan102.a(radio.c.o)
                0x0000000000007010                RadioWrite
 .text.RadioRead
                0x0000000000007018        0x8 .pio/build/cubecell_gps/lib092/libLoraWan102.a(radio.c.o)
                0x0000000000007018                RadioRead
 .text.RadioWriteBuffer
                0x0000000000007020        0x8 .pio/build/cubecell_gps/lib092/libLoraWan102.a(radio.c.o)
                0x0000000000007020                RadioWriteBuffer
 .text.RadioReadBuffer
                0x0000000000007028        0x8 .pio/build/cubecell_gps/lib092/libLoraWan102.a(radio.c.o)
                0x0000000000007028                RadioReadBuffer
 .text.RadioGetWakeupTime
                0x0000000000007030        0xa .pio/build/cubecell_gps/lib092/libLoraWan102.a(radio.c.o)
                0x0000000000007030                RadioGetWakeupTime
 *fill*         0x000000000000703a        0x2 
 .text.RadioOnTxTimeoutIrq
                0x000000000000703c       0x20 .pio/build/cubecell_gps/lib092/libLoraWan102.a(radio.c.o)
                0x000000000000703c                RadioOnTxTimeoutIrq
 .text.RadioOnRxTimeoutIrq
                0x000000000000705c       0x20 .pio/build/cubecell_gps/lib092/libLoraWan102.a(radio.c.o)
                0x000000000000705c                RadioOnRxTimeoutIrq
 .text.RadioOnCadTimeoutIrq
                0x000000000000707c       0x20 .pio/build/cubecell_gps/lib092/libLoraWan102.a(radio.c.o)
                0x000000000000707c                RadioOnCadTimeoutIrq
 .text.RadioGetFskBandwidthRegValue
                0x000000000000709c       0x34 .pio/build/cubecell_gps/lib092/libLoraWan102.a(radio.c.o)
 .text.RadioSetMaxPayloadLength
                0x00000000000070d0       0x38 .pio/build/cubecell_gps/lib092/libLoraWan102.a(radio.c.o)
                0x00000000000070d0                RadioSetMaxPayloadLength
 .text.RadioRx  0x0000000000007108       0x58 .pio/build/cubecell_gps/lib092/libLoraWan102.a(radio.c.o)
                0x0000000000007108                RadioRx
 .text.RadioRxBoosted
                0x0000000000007160       0x4c .pio/build/cubecell_gps/lib092/libLoraWan102.a(radio.c.o)
                0x0000000000007160                RadioRxBoosted
 .text.RadioIrqProcess
                0x00000000000071ac      0x140 .pio/build/cubecell_gps/lib092/libLoraWan102.a(radio.c.o)
                0x00000000000071ac                RadioIrqProcess
 .text.RadioOnDioIrq
                0x00000000000072ec       0x14 .pio/build/cubecell_gps/lib092/libLoraWan102.a(radio.c.o)
                0x00000000000072ec                RadioOnDioIrq
 .text.RadioSetPublicNetwork
                0x0000000000007300       0x3c .pio/build/cubecell_gps/lib092/libLoraWan102.a(radio.c.o)
                0x0000000000007300                RadioSetPublicNetwork
 .text.RadioSetModem.part.0
                0x000000000000733c       0x20 .pio/build/cubecell_gps/lib092/libLoraWan102.a(radio.c.o)
 .text.RadioSetModem
                0x000000000000735c       0x20 .pio/build/cubecell_gps/lib092/libLoraWan102.a(radio.c.o)
                0x000000000000735c                RadioSetModem
 .text.RadioIsChannelFree
                0x000000000000737c       0x50 .pio/build/cubecell_gps/lib092/libLoraWan102.a(radio.c.o)
                0x000000000000737c                RadioIsChannelFree
 .text.RadioRandom
                0x00000000000073cc       0x38 .pio/build/cubecell_gps/lib092/libLoraWan102.a(radio.c.o)
                0x00000000000073cc                RadioRandom
 .text.RadioSymbTime
                0x0000000000007404       0x2c .pio/build/cubecell_gps/lib092/libLoraWan102.a(radio.c.o)
                0x0000000000007404                RadioSymbTime
 .text.RadioSetRxConfig
                0x0000000000007430      0x21c .pio/build/cubecell_gps/lib092/libLoraWan102.a(radio.c.o)
                0x0000000000007430                RadioSetRxConfig
 .text.RadioSetTxConfig
                0x000000000000764c      0x1a0 .pio/build/cubecell_gps/lib092/libLoraWan102.a(radio.c.o)
                0x000000000000764c                RadioSetTxConfig
 .text.RadioTimeOnAir
                0x00000000000077ec      0x198 .pio/build/cubecell_gps/lib092/libLoraWan102.a(radio.c.o)
                0x00000000000077ec                RadioTimeOnAir
 .text.RegionCommonGetJoinDc
                0x0000000000007984       0x24 .pio/build/cubecell_gps/lib092/libLoraWan102.a(RegionCommon.c.o)
                0x0000000000007984                RegionCommonGetJoinDc
 .text.RegionCommonChanVerifyDr
                0x00000000000079a8       0x7e .pio/build/cubecell_gps/lib092/libLoraWan102.a(RegionCommon.c.o)
                0x00000000000079a8                RegionCommonChanVerifyDr
 .text.RegionCommonValueInRange
                0x0000000000007a26       0x14 .pio/build/cubecell_gps/lib092/libLoraWan102.a(RegionCommon.c.o)
                0x0000000000007a26                RegionCommonValueInRange
 .text.RegionCommonChanDisable
                0x0000000000007a3a       0x28 .pio/build/cubecell_gps/lib092/libLoraWan102.a(RegionCommon.c.o)
                0x0000000000007a3a                RegionCommonChanDisable
 .text.RegionCommonCountChannels
                0x0000000000007a62       0x60 .pio/build/cubecell_gps/lib092/libLoraWan102.a(RegionCommon.c.o)
                0x0000000000007a62                RegionCommonCountChannels
 .text.RegionCommonChanMaskCopy
                0x0000000000007ac2       0x1c .pio/build/cubecell_gps/lib092/libLoraWan102.a(RegionCommon.c.o)
                0x0000000000007ac2                RegionCommonChanMaskCopy
 .text.RegionCommonSetBandTxDone
                0x0000000000007ade       0x10 .pio/build/cubecell_gps/lib092/libLoraWan102.a(RegionCommon.c.o)
                0x0000000000007ade                RegionCommonSetBandTxDone
 .text.RegionCommonUpdateBandTimeOff
                0x0000000000007aee      0x114 .pio/build/cubecell_gps/lib092/libLoraWan102.a(RegionCommon.c.o)
                0x0000000000007aee                RegionCommonUpdateBandTimeOff
 .text.RegionCommonParseLinkAdrReq
                0x0000000000007c02       0x36 .pio/build/cubecell_gps/lib092/libLoraWan102.a(RegionCommon.c.o)
                0x0000000000007c02                RegionCommonParseLinkAdrReq
 .text.RegionCommonComputeSymbolTimeLoRa
                0x0000000000007c38       0x34 .pio/build/cubecell_gps/lib092/libLoraWan102.a(RegionCommon.c.o)
                0x0000000000007c38                RegionCommonComputeSymbolTimeLoRa
 .text.RegionCommonComputeSymbolTimeFsk
                0x0000000000007c6c       0x18 .pio/build/cubecell_gps/lib092/libLoraWan102.a(RegionCommon.c.o)
                0x0000000000007c6c                RegionCommonComputeSymbolTimeFsk
 .text.RegionCommonComputeRxWindowParameters
                0x0000000000007c84       0xb4 .pio/build/cubecell_gps/lib092/libLoraWan102.a(RegionCommon.c.o)
                0x0000000000007c84                RegionCommonComputeRxWindowParameters
 .text.RegionCommonComputeTxPower
                0x0000000000007d38       0x2a .pio/build/cubecell_gps/lib092/libLoraWan102.a(RegionCommon.c.o)
                0x0000000000007d38                RegionCommonComputeTxPower
 .text._ZN13ScreenDisplay12mirrorScreenEv
                0x0000000000007d62        0x2 .pio/build/cubecell_gps/lib7d0/libLoRa.a(LoRaWan_APP.cpp.o)
                0x0000000000007d62                ScreenDisplay::mirrorScreen()
 .text._ZN11SSD1306Wire15getBufferOffsetEv
                0x0000000000007d64        0x4 .pio/build/cubecell_gps/lib7d0/libLoRa.a(LoRaWan_APP.cpp.o)
                0x0000000000007d64                SSD1306Wire::getBufferOffset()
 .text._ZN11SSD1306Wire11sendCommandEh
                0x0000000000007d68       0x44 .pio/build/cubecell_gps/lib7d0/libLoRa.a(LoRaWan_APP.cpp.o)
                0x0000000000007d68                SSD1306Wire::sendCommand(unsigned char)
 .text._ZN11SSD1306Wire16sendInitCommandsEv
                0x0000000000007dac      0x134 .pio/build/cubecell_gps/lib7d0/libLoRa.a(LoRaWan_APP.cpp.o)
                0x0000000000007dac                SSD1306Wire::sendInitCommands()
 .text._ZL11McpsConfirmP12sMcpsConfirm
                0x0000000000007ee0        0xc .pio/build/cubecell_gps/lib7d0/libLoRa.a(LoRaWan_APP.cpp.o)
 .text._ZN11SSD1306Wire7connectEv
                0x0000000000007eec       0x14 .pio/build/cubecell_gps/lib7d0/libLoRa.a(LoRaWan_APP.cpp.o)
                0x0000000000007eec                SSD1306Wire::connect()
 .text._ZN11SSD1306WireD2Ev
                0x0000000000007f00       0x14 .pio/build/cubecell_gps/lib7d0/libLoRa.a(LoRaWan_APP.cpp.o)
                0x0000000000007f00                SSD1306Wire::~SSD1306Wire()
                0x0000000000007f00                SSD1306Wire::~SSD1306Wire()
 .text._ZN11SSD1306WireD0Ev
                0x0000000000007f14       0x14 .pio/build/cubecell_gps/lib7d0/libLoRa.a(LoRaWan_APP.cpp.o)
                0x0000000000007f14                SSD1306Wire::~SSD1306Wire()
 .text._ZN11SSD1306Wire23sendScreenRotateCommandEv
                0x0000000000007f28       0x3e .pio/build/cubecell_gps/lib7d0/libLoRa.a(LoRaWan_APP.cpp.o)
                0x0000000000007f28                SSD1306Wire::sendScreenRotateCommand()
 *fill*         0x0000000000007f66        0x2 
 .text._ZL24OnTxNextPacketTimerEventv
                0x0000000000007f68       0x6c .pio/build/cubecell_gps/lib7d0/libLoRa.a(LoRaWan_APP.cpp.o)
 .text._ZL14MlmeIndicationP15sMlmeIndication
                0x0000000000007fd4        0xe .pio/build/cubecell_gps/lib7d0/libLoRa.a(LoRaWan_APP.cpp.o)
 .text.downLinkAckHandle
                0x0000000000007fe2        0x2 .pio/build/cubecell_gps/lib7d0/libLoRa.a(LoRaWan_APP.cpp.o)
                0x0000000000007fe2                downLinkAckHandle
 .text.downLinkDataHandle
                0x0000000000007fe4       0x58 .pio/build/cubecell_gps/lib7d0/libLoRa.a(LoRaWan_APP.cpp.o)
                0x0000000000007fe4                downLinkDataHandle
 .text._ZL14McpsIndicationP15sMcpsIndication
                0x000000000000803c       0xac .pio/build/cubecell_gps/lib7d0/libLoRa.a(LoRaWan_APP.cpp.o)
 .text.dev_time_updated
                0x00000000000080e8       0x10 .pio/build/cubecell_gps/lib7d0/libLoRa.a(LoRaWan_APP.cpp.o)
                0x00000000000080e8                dev_time_updated
 .text.lwan_dev_params_update
                0x00000000000080f8       0x28 .pio/build/cubecell_gps/lib7d0/libLoRa.a(LoRaWan_APP.cpp.o)
                0x00000000000080f8                lwan_dev_params_update
 .text.SendFrame
                0x0000000000008120       0xa4 .pio/build/cubecell_gps/lib7d0/libLoRa.a(LoRaWan_APP.cpp.o)
                0x0000000000008120                SendFrame
 .text._ZN12LoRaWanClass4initE12eDeviceClass16eLoRaMacRegion_t
                0x00000000000081c4      0x150 .pio/build/cubecell_gps/lib7d0/libLoRa.a(LoRaWan_APP.cpp.o)
                0x00000000000081c4                LoRaWanClass::init(eDeviceClass, eLoRaMacRegion_t)
 .text._ZN12LoRaWanClass4joinEv
                0x0000000000008314       0xb0 .pio/build/cubecell_gps/lib7d0/libLoRa.a(LoRaWan_APP.cpp.o)
                0x0000000000008314                LoRaWanClass::join()
 .text._ZN12LoRaWanClass4sendEv
                0x00000000000083c4       0x3c .pio/build/cubecell_gps/lib7d0/libLoRa.a(LoRaWan_APP.cpp.o)
                0x00000000000083c4                LoRaWanClass::send()
 .text._ZN12LoRaWanClass5cycleEm
                0x0000000000008400       0x18 .pio/build/cubecell_gps/lib7d0/libLoRa.a(LoRaWan_APP.cpp.o)
                0x0000000000008400                LoRaWanClass::cycle(unsigned long)
 .text._ZN12LoRaWanClass5sleepEv
                0x0000000000008418        0x8 .pio/build/cubecell_gps/lib7d0/libLoRa.a(LoRaWan_APP.cpp.o)
                0x0000000000008418                LoRaWanClass::sleep()
 .text._ZN12LoRaWanClass10ifskipjoinEv
                0x0000000000008420       0xfc .pio/build/cubecell_gps/lib7d0/libLoRa.a(LoRaWan_APP.cpp.o)
                0x0000000000008420                LoRaWanClass::ifskipjoin()
 .text.startup._GLOBAL__sub_I_display
                0x000000000000851c       0x60 .pio/build/cubecell_gps/lib7d0/libLoRa.a(LoRaWan_APP.cpp.o)
 .text._ZN11SSD1306Wire7displayEv
                0x000000000000857c      0x308 .pio/build/cubecell_gps/lib7d0/libLoRa.a(LoRaWan_APP.cpp.o)
                0x000000000000857c                SSD1306Wire::display()
 .text._ZN12LoRaWanClass13displayJoinedEv
                0x0000000000008884       0x3c .pio/build/cubecell_gps/lib7d0/libLoRa.a(LoRaWan_APP.cpp.o)
                0x0000000000008884                LoRaWanClass::displayJoined()
 .text._ZL11MlmeConfirmP12sMlmeConfirm
                0x00000000000088c0       0x8c .pio/build/cubecell_gps/lib7d0/libLoRa.a(LoRaWan_APP.cpp.o)
 .text._ZN6Stream9readBytesEPhj
                0x000000000000894c        0xa .pio/build/cubecell_gps/libFrameworkArduino.a(HardwareSerial.cpp.o)
                0x000000000000894c                Stream::readBytes(unsigned char*, unsigned int)
 *fill*         0x0000000000008956        0x2 
 .text._ZN14HardwareSerial9availableEv
                0x0000000000008958       0x2c .pio/build/cubecell_gps/libFrameworkArduino.a(HardwareSerial.cpp.o)
                0x0000000000008958                HardwareSerial::available()
 .text._ZN14HardwareSerial4peekEv
                0x0000000000008984       0x28 .pio/build/cubecell_gps/libFrameworkArduino.a(HardwareSerial.cpp.o)
                0x0000000000008984                HardwareSerial::peek()
 .text._ZN14HardwareSerial4readEv
                0x00000000000089ac       0x40 .pio/build/cubecell_gps/libFrameworkArduino.a(HardwareSerial.cpp.o)
                0x00000000000089ac                HardwareSerial::read()
 .text._ZN14HardwareSerialD2Ev
                0x00000000000089ec        0x2 .pio/build/cubecell_gps/libFrameworkArduino.a(HardwareSerial.cpp.o)
                0x00000000000089ec                HardwareSerial::~HardwareSerial()
                0x00000000000089ec                HardwareSerial::~HardwareSerial()
 *fill*         0x00000000000089ee        0x2 
 .text._Z14writeRxToBuff0v
                0x00000000000089f0       0x44 .pio/build/cubecell_gps/libFrameworkArduino.a(HardwareSerial.cpp.o)
                0x00000000000089f0                writeRxToBuff0()
 .text._Z14writeRxToBuff1v
                0x0000000000008a34       0x50 .pio/build/cubecell_gps/libFrameworkArduino.a(HardwareSerial.cpp.o)
                0x0000000000008a34                writeRxToBuff1()
 .text._ZN14HardwareSerial5writeEh
                0x0000000000008a84       0x1c .pio/build/cubecell_gps/libFrameworkArduino.a(HardwareSerial.cpp.o)
                0x0000000000008a84                HardwareSerial::write(unsigned char)
 .text._ZN14HardwareSerial5writeEPKhj
                0x0000000000008aa0       0x2a .pio/build/cubecell_gps/libFrameworkArduino.a(HardwareSerial.cpp.o)
                0x0000000000008aa0                HardwareSerial::write(unsigned char const*, unsigned int)
 .text._ZN14HardwareSerialD0Ev
                0x0000000000008aca        0xe .pio/build/cubecell_gps/libFrameworkArduino.a(HardwareSerial.cpp.o)
                0x0000000000008aca                HardwareSerial::~HardwareSerial()
 .text._ZN14HardwareSerial5flushEv
                0x0000000000008ad8       0x4c .pio/build/cubecell_gps/libFrameworkArduino.a(HardwareSerial.cpp.o)
                0x0000000000008ad8                HardwareSerial::flush()
 .text._ZN14HardwareSerialC2Ea
                0x0000000000008b24       0x20 .pio/build/cubecell_gps/libFrameworkArduino.a(HardwareSerial.cpp.o)
                0x0000000000008b24                HardwareSerial::HardwareSerial(signed char)
                0x0000000000008b24                HardwareSerial::HardwareSerial(signed char)
 .text._ZN14HardwareSerial5beginEmmiibm
                0x0000000000008b44      0x170 .pio/build/cubecell_gps/libFrameworkArduino.a(HardwareSerial.cpp.o)
                0x0000000000008b44                HardwareSerial::begin(unsigned long, unsigned long, int, int, bool, unsigned long)
 .text.startup._GLOBAL__sub_I_Serial
                0x0000000000008cb4       0x40 .pio/build/cubecell_gps/libFrameworkArduino.a(HardwareSerial.cpp.o)
 .text._ZN7TwoWireD2Ev
                0x0000000000008cf4        0x2 .pio/build/cubecell_gps/libFrameworkArduino.a(Wire.cpp.o)
                0x0000000000008cf4                TwoWire::~TwoWire()
                0x0000000000008cf4                TwoWire::~TwoWire()
 .text._ZN7TwoWire5writeEPKhj
                0x0000000000008cf6       0x24 .pio/build/cubecell_gps/libFrameworkArduino.a(Wire.cpp.o)
                0x0000000000008cf6                TwoWire::write(unsigned char const*, unsigned int)
 .text._ZN7TwoWire9availableEv
                0x0000000000008d1a        0xe .pio/build/cubecell_gps/libFrameworkArduino.a(Wire.cpp.o)
                0x0000000000008d1a                TwoWire::available()
 .text._ZN7TwoWire4readEv
                0x0000000000008d28       0x20 .pio/build/cubecell_gps/libFrameworkArduino.a(Wire.cpp.o)
                0x0000000000008d28                TwoWire::read()
 .text._ZN7TwoWire4peekEv
                0x0000000000008d48       0x1c .pio/build/cubecell_gps/libFrameworkArduino.a(Wire.cpp.o)
                0x0000000000008d48                TwoWire::peek()
 .text._ZN7TwoWireD0Ev
                0x0000000000008d64       0x10 .pio/build/cubecell_gps/libFrameworkArduino.a(Wire.cpp.o)
                0x0000000000008d64                TwoWire::~TwoWire()
 .text._ZN7TwoWire5writeEh
                0x0000000000008d74       0x40 .pio/build/cubecell_gps/libFrameworkArduino.a(Wire.cpp.o)
                0x0000000000008d74                TwoWire::write(unsigned char)
 .text._ZN7TwoWire5flushEv
                0x0000000000008db4       0x78 .pio/build/cubecell_gps/libFrameworkArduino.a(Wire.cpp.o)
                0x0000000000008db4                TwoWire::flush()
 .text._ZN7TwoWireC2Ea
                0x0000000000008e2c       0x40 .pio/build/cubecell_gps/libFrameworkArduino.a(Wire.cpp.o)
                0x0000000000008e2c                TwoWire::TwoWire(signed char)
                0x0000000000008e2c                TwoWire::TwoWire(signed char)
 .text._ZN7TwoWire5beginEiim
                0x0000000000008e6c       0xb8 .pio/build/cubecell_gps/libFrameworkArduino.a(Wire.cpp.o)
                0x0000000000008e6c                TwoWire::begin(int, int, unsigned long)
 .text._ZN7TwoWire17writeTransmissionEtPhtb
                0x0000000000008f24       0xc0 .pio/build/cubecell_gps/libFrameworkArduino.a(Wire.cpp.o)
                0x0000000000008f24                TwoWire::writeTransmission(unsigned short, unsigned char*, unsigned short, bool)
 .text._ZN7TwoWire15endTransmissionEb
                0x0000000000008fe4       0x68 .pio/build/cubecell_gps/libFrameworkArduino.a(Wire.cpp.o)
                0x0000000000008fe4                TwoWire::endTransmission(bool)
 .text._ZN7TwoWire17beginTransmissionEh
                0x000000000000904c       0x12 .pio/build/cubecell_gps/libFrameworkArduino.a(Wire.cpp.o)
                0x000000000000904c                TwoWire::beginTransmission(unsigned char)
 .text._ZN7TwoWire15endTransmissionEv
                0x000000000000905e        0xa .pio/build/cubecell_gps/libFrameworkArduino.a(Wire.cpp.o)
                0x000000000000905e                TwoWire::endTransmission()
 .text.startup._GLOBAL__sub_I__ZN7TwoWireC2Ea
                0x0000000000009068       0x40 .pio/build/cubecell_gps/libFrameworkArduino.a(Wire.cpp.o)
 .text._Z17getBatteryVoltagev
                0x00000000000090a8       0x4c .pio/build/cubecell_gps/libFrameworkArduino.a(basic.cpp.o)
                0x00000000000090a8                getBatteryVoltage()
 .text._Z20BoardGetBatteryLevelv
                0x00000000000090f4       0x7c .pio/build/cubecell_gps/libFrameworkArduino.a(basic.cpp.o)
                0x00000000000090f4                BoardGetBatteryLevel()
 .text.SX126xIoInit
                0x0000000000009170       0x44 .pio/build/cubecell_gps/libFrameworkArduino.a(asr_board.c.o)
                0x0000000000009170                SX126xIoInit
 .text.SX126xIoIrqInit
                0x00000000000091b4       0x14 .pio/build/cubecell_gps/libFrameworkArduino.a(asr_board.c.o)
                0x00000000000091b4                SX126xIoIrqInit
 .text.SX126xGetBoardTcxoWakeupTime
                0x00000000000091c8        0x4 .pio/build/cubecell_gps/libFrameworkArduino.a(asr_board.c.o)
                0x00000000000091c8                SX126xGetBoardTcxoWakeupTime
 .text.SX126xReset
                0x00000000000091cc       0x50 .pio/build/cubecell_gps/libFrameworkArduino.a(asr_board.c.o)
                0x00000000000091cc                SX126xReset
 .text.SX126xWaitOnBusy
                0x000000000000921c       0x14 .pio/build/cubecell_gps/libFrameworkArduino.a(asr_board.c.o)
                0x000000000000921c                SX126xWaitOnBusy
 .text.SX126xWakeup
                0x0000000000009230       0x38 .pio/build/cubecell_gps/libFrameworkArduino.a(asr_board.c.o)
                0x0000000000009230                SX126xWakeup
 .text.SX126xWriteCommand
                0x0000000000009268       0x50 .pio/build/cubecell_gps/libFrameworkArduino.a(asr_board.c.o)
                0x0000000000009268                SX126xWriteCommand
 .text.SX126xReadCommand
                0x00000000000092b8       0x54 .pio/build/cubecell_gps/libFrameworkArduino.a(asr_board.c.o)
                0x00000000000092b8                SX126xReadCommand
 .text.SX126xWriteRegisters
                0x000000000000930c       0x5c .pio/build/cubecell_gps/libFrameworkArduino.a(asr_board.c.o)
                0x000000000000930c                SX126xWriteRegisters
 .text.SX126xWriteRegister
                0x0000000000009368       0x12 .pio/build/cubecell_gps/libFrameworkArduino.a(asr_board.c.o)
                0x0000000000009368                SX126xWriteRegister
 *fill*         0x000000000000937a        0x2 
 .text.SX126xReadRegisters
                0x000000000000937c       0x64 .pio/build/cubecell_gps/libFrameworkArduino.a(asr_board.c.o)
                0x000000000000937c                SX126xReadRegisters
 .text.SX126xReadRegister
                0x00000000000093e0       0x12 .pio/build/cubecell_gps/libFrameworkArduino.a(asr_board.c.o)
                0x00000000000093e0                SX126xReadRegister
 *fill*         0x00000000000093f2        0x2 
 .text.SX126xWriteBuffer
                0x00000000000093f4       0x54 .pio/build/cubecell_gps/libFrameworkArduino.a(asr_board.c.o)
                0x00000000000093f4                SX126xWriteBuffer
 .text.SX126xReadBuffer
                0x0000000000009448       0x5c .pio/build/cubecell_gps/libFrameworkArduino.a(asr_board.c.o)
                0x0000000000009448                SX126xReadBuffer
 .text.SX126xSetRfTxPower
                0x00000000000094a4        0xa .pio/build/cubecell_gps/libFrameworkArduino.a(asr_board.c.o)
                0x00000000000094a4                SX126xSetRfTxPower
 .text.SX126xGetPaSelect
                0x00000000000094ae        0x4 .pio/build/cubecell_gps/libFrameworkArduino.a(asr_board.c.o)
                0x00000000000094ae                SX126xGetPaSelect
 .text.SX126xAntSwOn
                0x00000000000094b2        0x2 .pio/build/cubecell_gps/libFrameworkArduino.a(asr_board.c.o)
                0x00000000000094b2                SX126xAntSwOn
 .text.SX126xAntSwOff
                0x00000000000094b4        0x2 .pio/build/cubecell_gps/libFrameworkArduino.a(asr_board.c.o)
                0x00000000000094b4                SX126xAntSwOff
 .text.BoardDisableIrq
                0x00000000000094b6        0x4 .pio/build/cubecell_gps/libFrameworkArduino.a(asr_board.c.o)
                0x00000000000094b6                BoardDisableIrq
 .text.BoardEnableIrq
                0x00000000000094ba        0x4 .pio/build/cubecell_gps/libFrameworkArduino.a(asr_board.c.o)
                0x00000000000094ba                BoardEnableIrq
 *fill*         0x00000000000094be        0x2 
 .text.boardInitMcu
                0x00000000000094c0       0x4c .pio/build/cubecell_gps/libFrameworkArduino.a(asr_board.c.o)
                0x00000000000094c0                boardInitMcu
 .text.GpioInit
                0x000000000000950c       0x12 .pio/build/cubecell_gps/libFrameworkArduino.a(gpio.c.o)
                0x000000000000950c                GpioInit
 .text.GpioSetInterrupt
                0x000000000000951e        0x8 .pio/build/cubecell_gps/libFrameworkArduino.a(gpio.c.o)
                0x000000000000951e                GpioSetInterrupt
 .text.GpioWrite
                0x0000000000009526        0x8 .pio/build/cubecell_gps/libFrameworkArduino.a(gpio.c.o)
                0x0000000000009526                GpioWrite
 .text.GpioRead
                0x000000000000952e        0x8 .pio/build/cubecell_gps/libFrameworkArduino.a(gpio.c.o)
                0x000000000000952e                GpioRead
 *fill*         0x0000000000009536        0x2 
 .text.SpiInit  0x0000000000009538       0x14 .pio/build/cubecell_gps/libFrameworkArduino.a(spi-board.c.o)
                0x0000000000009538                SpiInit
 .text.SpiInOut
                0x000000000000954c       0x34 .pio/build/cubecell_gps/libFrameworkArduino.a(spi-board.c.o)
                0x000000000000954c                SpiInOut
 .text.ADC_SAR_Seq_Init
                0x0000000000009580       0xdc .pio/build/cubecell_gps/libFrameworkArduino.a(ADC_SAR_Seq.c.o)
                0x0000000000009580                ADC_SAR_Seq_Init
 .text.ADC_SAR_Seq_Enable
                0x000000000000965c       0x2c .pio/build/cubecell_gps/libFrameworkArduino.a(ADC_SAR_Seq.c.o)
                0x000000000000965c                ADC_SAR_Seq_Enable
 .text.ADC_SAR_Seq_Start
                0x0000000000009688       0x1c .pio/build/cubecell_gps/libFrameworkArduino.a(ADC_SAR_Seq.c.o)
                0x0000000000009688                ADC_SAR_Seq_Start
 .text.ADC_SAR_Seq_Stop
                0x00000000000096a4       0x10 .pio/build/cubecell_gps/libFrameworkArduino.a(ADC_SAR_Seq.c.o)
                0x00000000000096a4                ADC_SAR_Seq_Stop
 .text.ADC_SAR_Seq_StartConvert
                0x00000000000096b4        0xc .pio/build/cubecell_gps/libFrameworkArduino.a(ADC_SAR_Seq.c.o)
                0x00000000000096b4                ADC_SAR_Seq_StartConvert
 .text.ADC_SAR_Seq_StopConvert
                0x00000000000096c0        0x2 .pio/build/cubecell_gps/libFrameworkArduino.a(ADC_SAR_Seq.c.o)
                0x00000000000096c0                ADC_SAR_Seq_StopConvert
 *fill*         0x00000000000096c2        0x2 
 .text.ADC_SAR_Seq_IsEndConversion
                0x00000000000096c4       0x2c .pio/build/cubecell_gps/libFrameworkArduino.a(ADC_SAR_Seq.c.o)
                0x00000000000096c4                ADC_SAR_Seq_IsEndConversion
 .text.ADC_SAR_Seq_GetResult16
                0x00000000000096f0       0x20 .pio/build/cubecell_gps/libFrameworkArduino.a(ADC_SAR_Seq.c.o)
                0x00000000000096f0                ADC_SAR_Seq_GetResult16
 .text.ADC_SAR_Seq_CountsTo_mVolts
                0x0000000000009710       0x8c .pio/build/cubecell_gps/libFrameworkArduino.a(ADC_SAR_Seq.c.o)
                0x0000000000009710                ADC_SAR_Seq_CountsTo_mVolts
 .text.ADC_SAR_Seq_ISR
                0x000000000000979c        0xc .pio/build/cubecell_gps/libFrameworkArduino.a(ADC_SAR_Seq_INT.c.o)
                0x000000000000979c                ADC_SAR_Seq_ISR
 .text.I2C_1_I2CMasterHandleStatus
                0x00000000000097a8       0x94 .pio/build/cubecell_gps/libFrameworkArduino.a(I2C_1_I2C_MASTER.c.o)
 .text.I2C_1_I2CMasterWaitOneUnit
                0x000000000000983c       0x24 .pio/build/cubecell_gps/libFrameworkArduino.a(I2C_1_I2C_MASTER.c.o)
 .text.I2C_1_I2CMasterSendStart
                0x0000000000009860       0xbc .pio/build/cubecell_gps/libFrameworkArduino.a(I2C_1_I2C_MASTER.c.o)
                0x0000000000009860                I2C_1_I2CMasterSendStart
 .text.I2C_1_I2CMasterSendStop
                0x000000000000991c       0x54 .pio/build/cubecell_gps/libFrameworkArduino.a(I2C_1_I2C_MASTER.c.o)
                0x000000000000991c                I2C_1_I2CMasterSendStop
 .text.I2C_1_I2CMasterWriteByte
                0x0000000000009970       0x44 .pio/build/cubecell_gps/libFrameworkArduino.a(I2C_1_I2C_MASTER.c.o)
                0x0000000000009970                I2C_1_I2CMasterWriteByte
 .text.I2C_1_I2CMasterClearReadBuf
                0x00000000000099b4       0x28 .pio/build/cubecell_gps/libFrameworkArduino.a(I2C_1_I2C_MASTER.c.o)
                0x00000000000099b4                I2C_1_I2CMasterClearReadBuf
 .text.I2C_1_I2CMasterClearWriteBuf
                0x00000000000099dc       0x28 .pio/build/cubecell_gps/libFrameworkArduino.a(I2C_1_I2C_MASTER.c.o)
                0x00000000000099dc                I2C_1_I2CMasterClearWriteBuf
 .text.I2C_1_I2CMasterClearStatus
                0x0000000000009a04       0x20 .pio/build/cubecell_gps/libFrameworkArduino.a(I2C_1_I2C_MASTER.c.o)
                0x0000000000009a04                I2C_1_I2CMasterClearStatus
 .text.I2C_1_I2CReStartGeneration
                0x0000000000009a24       0x24 .pio/build/cubecell_gps/libFrameworkArduino.a(I2C_1_I2C_MASTER.c.o)
                0x0000000000009a24                I2C_1_I2CReStartGeneration
 .text.I2C_1_I2CMasterSendRestart
                0x0000000000009a48       0x60 .pio/build/cubecell_gps/libFrameworkArduino.a(I2C_1_I2C_MASTER.c.o)
                0x0000000000009a48                I2C_1_I2CMasterSendRestart
 .text.I2C_I2CMasterHandleStatus
                0x0000000000009aa8       0x94 .pio/build/cubecell_gps/libFrameworkArduino.a(I2C_I2C_MASTER.c.o)
 .text.I2C_I2CMasterWaitOneUnit
                0x0000000000009b3c       0x24 .pio/build/cubecell_gps/libFrameworkArduino.a(I2C_I2C_MASTER.c.o)
 .text.I2C_I2CMasterSendStart
                0x0000000000009b60       0xbc .pio/build/cubecell_gps/libFrameworkArduino.a(I2C_I2C_MASTER.c.o)
                0x0000000000009b60                I2C_I2CMasterSendStart
 .text.I2C_I2CMasterSendStop
                0x0000000000009c1c       0x54 .pio/build/cubecell_gps/libFrameworkArduino.a(I2C_I2C_MASTER.c.o)
                0x0000000000009c1c                I2C_I2CMasterSendStop
 .text.I2C_I2CMasterWriteByte
                0x0000000000009c70       0x44 .pio/build/cubecell_gps/libFrameworkArduino.a(I2C_I2C_MASTER.c.o)
                0x0000000000009c70                I2C_I2CMasterWriteByte
 .text.I2C_I2CMasterClearReadBuf
                0x0000000000009cb4       0x28 .pio/build/cubecell_gps/libFrameworkArduino.a(I2C_I2C_MASTER.c.o)
                0x0000000000009cb4                I2C_I2CMasterClearReadBuf
 .text.I2C_I2CMasterClearWriteBuf
                0x0000000000009cdc       0x28 .pio/build/cubecell_gps/libFrameworkArduino.a(I2C_I2C_MASTER.c.o)
                0x0000000000009cdc                I2C_I2CMasterClearWriteBuf
 .text.I2C_I2CMasterClearStatus
                0x0000000000009d04       0x20 .pio/build/cubecell_gps/libFrameworkArduino.a(I2C_I2C_MASTER.c.o)
                0x0000000000009d04                I2C_I2CMasterClearStatus
 .text.I2C_I2CReStartGeneration
                0x0000000000009d24       0x24 .pio/build/cubecell_gps/libFrameworkArduino.a(I2C_I2C_MASTER.c.o)
                0x0000000000009d24                I2C_I2CReStartGeneration
 .text.I2C_I2CMasterSendRestart
                0x0000000000009d48       0x60 .pio/build/cubecell_gps/libFrameworkArduino.a(I2C_I2C_MASTER.c.o)
                0x0000000000009d48                I2C_I2CMasterSendRestart
 .text.PWM1_Stop
                0x0000000000009da8       0x34 .pio/build/cubecell_gps/libFrameworkArduino.a(PWM1.c.o)
                0x0000000000009da8                PWM1_Stop
 .text.PWM2_Stop
                0x0000000000009ddc       0x34 .pio/build/cubecell_gps/libFrameworkArduino.a(PWM2.c.o)
                0x0000000000009ddc                PWM2_Stop
 .text._ZN5Print5writeEPKhj
                0x0000000000009e10       0x22 .pio/build/cubecell_gps/libFrameworkArduino.a(Print.cpp.o)
                0x0000000000009e10                Print::write(unsigned char const*, unsigned int)
 .text._ZL11_out_buffercPvjj
                0x0000000000009e32        0x8 .pio/build/cubecell_gps/libFrameworkArduino.a(Print.cpp.o)
 .text._ZN5Print5writeEPKc
                0x0000000000009e3a       0x1c .pio/build/cubecell_gps/libFrameworkArduino.a(Print.cpp.o)
                0x0000000000009e3a                Print::write(char const*)
 *fill*         0x0000000000009e56        0x2 
 .text._ZN5Print6printfEPKcz
                0x0000000000009e58       0x6c .pio/build/cubecell_gps/libFrameworkArduino.a(Print.cpp.o)
                0x0000000000009e58                Print::printf(char const*, ...)
 .text._ZN5Print5printEPKc
                0x0000000000009ec4        0x8 .pio/build/cubecell_gps/libFrameworkArduino.a(Print.cpp.o)
                0x0000000000009ec4                Print::print(char const*)
 .text._ZN5Print7printlnEv
                0x0000000000009ecc       0x10 .pio/build/cubecell_gps/libFrameworkArduino.a(Print.cpp.o)
                0x0000000000009ecc                Print::println()
 .text._ZN5Print7printlnEPKc
                0x0000000000009edc       0x14 .pio/build/cubecell_gps/libFrameworkArduino.a(Print.cpp.o)
                0x0000000000009edc                Print::println(char const*)
 .text._ZN6Stream9timedReadEv
                0x0000000000009ef0       0x2a .pio/build/cubecell_gps/libFrameworkArduino.a(Stream.cpp.o)
                0x0000000000009ef0                Stream::timedRead()
 .text._ZN6Stream9readBytesEPcj
                0x0000000000009f1a       0x22 .pio/build/cubecell_gps/libFrameworkArduino.a(Stream.cpp.o)
                0x0000000000009f1a                Stream::readBytes(char*, unsigned int)
 .text._ZN6Stream10readStringEv
                0x0000000000009f3c       0x28 .pio/build/cubecell_gps/libFrameworkArduino.a(Stream.cpp.o)
                0x0000000000009f3c                Stream::readString()
 .text._ZN6StringD2Ev
                0x0000000000009f64       0x12 .pio/build/cubecell_gps/libFrameworkArduino.a(WString.cpp.o)
                0x0000000000009f64                String::~String()
                0x0000000000009f64                String::~String()
 .text._ZN6String10invalidateEv
                0x0000000000009f76       0x18 .pio/build/cubecell_gps/libFrameworkArduino.a(WString.cpp.o)
                0x0000000000009f76                String::invalidate()
 .text._ZN6String12changeBufferEj
                0x0000000000009f8e       0x3a .pio/build/cubecell_gps/libFrameworkArduino.a(WString.cpp.o)
                0x0000000000009f8e                String::changeBuffer(unsigned int)
 .text._ZN6String7reserveEj
                0x0000000000009fc8       0x2a .pio/build/cubecell_gps/libFrameworkArduino.a(WString.cpp.o)
                0x0000000000009fc8                String::reserve(unsigned int)
 .text._ZN6String4copyEPKcj
                0x0000000000009ff2       0x28 .pio/build/cubecell_gps/libFrameworkArduino.a(WString.cpp.o)
                0x0000000000009ff2                String::copy(char const*, unsigned int)
 .text._ZN6StringC2EPKc
                0x000000000000a01a       0x26 .pio/build/cubecell_gps/libFrameworkArduino.a(WString.cpp.o)
                0x000000000000a01a                String::String(char const*)
                0x000000000000a01a                String::String(char const*)
 .text._ZN6StringaSERKS_
                0x000000000000a040       0x20 .pio/build/cubecell_gps/libFrameworkArduino.a(WString.cpp.o)
                0x000000000000a040                String::operator=(String const&)
 .text._ZN6StringC2ERKS_
                0x000000000000a060       0x14 .pio/build/cubecell_gps/libFrameworkArduino.a(WString.cpp.o)
                0x000000000000a060                String::String(String const&)
                0x000000000000a060                String::String(String const&)
 .text._ZN6String6concatEPKcj
                0x000000000000a074       0x32 .pio/build/cubecell_gps/libFrameworkArduino.a(WString.cpp.o)
                0x000000000000a074                String::concat(char const*, unsigned int)
 .text._ZN6String6concatEc
                0x000000000000a0a6       0x16 .pio/build/cubecell_gps/libFrameworkArduino.a(WString.cpp.o)
                0x000000000000a0a6                String::concat(char)
 .text._ZNK6String8getBytesEPhjj
                0x000000000000a0bc       0x34 .pio/build/cubecell_gps/libFrameworkArduino.a(WString.cpp.o)
                0x000000000000a0bc                String::getBytes(unsigned char*, unsigned int, unsigned int) const
 .text.global_irq_SetPriority
                0x000000000000a0f0       0x20 .pio/build/cubecell_gps/libFrameworkArduino.a(irq.c.o)
                0x000000000000a0f0                global_irq_SetPriority
 .text.global_irq_StartEx
                0x000000000000a110       0x24 .pio/build/cubecell_gps/libFrameworkArduino.a(irq.c.o)
                0x000000000000a110                global_irq_StartEx
 .text.global_irq_Disable
                0x000000000000a134        0xc .pio/build/cubecell_gps/libFrameworkArduino.a(irq.c.o)
                0x000000000000a134                global_irq_Disable
 .text.SX126xGetOperatingMode
                0x000000000000a140        0xc .pio/build/cubecell_gps/libFrameworkArduino.a(sx126x.c.o)
                0x000000000000a140                SX126xGetOperatingMode
 .text.SX126xSetOperatingMode
                0x000000000000a14c        0xc .pio/build/cubecell_gps/libFrameworkArduino.a(sx126x.c.o)
                0x000000000000a14c                SX126xSetOperatingMode
 .text.SX126xCheckDeviceReady
                0x000000000000a158       0x24 .pio/build/cubecell_gps/libFrameworkArduino.a(sx126x.c.o)
                0x000000000000a158                SX126xCheckDeviceReady
 .text.SX126xSetPayload
                0x000000000000a17c        0xe .pio/build/cubecell_gps/libFrameworkArduino.a(sx126x.c.o)
                0x000000000000a17c                SX126xSetPayload
 *fill*         0x000000000000a18a        0x2 
 .text.SX126xSetSyncWord
                0x000000000000a18c       0x3c .pio/build/cubecell_gps/libFrameworkArduino.a(sx126x.c.o)
                0x000000000000a18c                SX126xSetSyncWord
 .text.SX126xSetCrcSeed
                0x000000000000a1c8       0x24 .pio/build/cubecell_gps/libFrameworkArduino.a(sx126x.c.o)
                0x000000000000a1c8                SX126xSetCrcSeed
 .text.SX126xSetCrcPolynomial
                0x000000000000a1ec       0x24 .pio/build/cubecell_gps/libFrameworkArduino.a(sx126x.c.o)
                0x000000000000a1ec                SX126xSetCrcPolynomial
 .text.SX126xSetWhiteningSeed
                0x000000000000a210       0x3c .pio/build/cubecell_gps/libFrameworkArduino.a(sx126x.c.o)
                0x000000000000a210                SX126xSetWhiteningSeed
 .text.SX126xSetSleep
                0x000000000000a24c       0x20 .pio/build/cubecell_gps/libFrameworkArduino.a(sx126x.c.o)
                0x000000000000a24c                SX126xSetSleep
 .text.sx126xSleep
                0x000000000000a26c       0x10 .pio/build/cubecell_gps/libFrameworkArduino.a(sx126x.c.o)
                0x000000000000a26c                sx126xSleep
 .text.SX126xSetStandby
                0x000000000000a27c       0x28 .pio/build/cubecell_gps/libFrameworkArduino.a(sx126x.c.o)
                0x000000000000a27c                SX126xSetStandby
 .text.SX126xSetTx
                0x000000000000a2a4       0x24 .pio/build/cubecell_gps/libFrameworkArduino.a(sx126x.c.o)
                0x000000000000a2a4                SX126xSetTx
 .text.SX126xSendPayload
                0x000000000000a2c8       0x10 .pio/build/cubecell_gps/libFrameworkArduino.a(sx126x.c.o)
                0x000000000000a2c8                SX126xSendPayload
 .text.SX126xSetRx
                0x000000000000a2d8       0x24 .pio/build/cubecell_gps/libFrameworkArduino.a(sx126x.c.o)
                0x000000000000a2d8                SX126xSetRx
 .text.SX126xSetRxBoosted
                0x000000000000a2fc       0x30 .pio/build/cubecell_gps/libFrameworkArduino.a(sx126x.c.o)
                0x000000000000a2fc                SX126xSetRxBoosted
 .text.SX126xSetRxDutyCycle
                0x000000000000a32c       0x2c .pio/build/cubecell_gps/libFrameworkArduino.a(sx126x.c.o)
                0x000000000000a32c                SX126xSetRxDutyCycle
 .text.SX126xSetCad
                0x000000000000a358       0x18 .pio/build/cubecell_gps/libFrameworkArduino.a(sx126x.c.o)
                0x000000000000a358                SX126xSetCad
 .text.SX126xSetTxContinuousWave
                0x000000000000a370        0xe .pio/build/cubecell_gps/libFrameworkArduino.a(sx126x.c.o)
                0x000000000000a370                SX126xSetTxContinuousWave
 .text.SX126xSetStopRxTimerOnPreambleDetect
                0x000000000000a37e       0x12 .pio/build/cubecell_gps/libFrameworkArduino.a(sx126x.c.o)
                0x000000000000a37e                SX126xSetStopRxTimerOnPreambleDetect
 .text.SX126xSetLoRaSymbNumTimeout
                0x000000000000a390       0x12 .pio/build/cubecell_gps/libFrameworkArduino.a(sx126x.c.o)
                0x000000000000a390                SX126xSetLoRaSymbNumTimeout
 .text.SX126xSetRegulatorMode
                0x000000000000a3a2       0x12 .pio/build/cubecell_gps/libFrameworkArduino.a(sx126x.c.o)
                0x000000000000a3a2                SX126xSetRegulatorMode
 .text.SX126xCalibrate
                0x000000000000a3b4       0x10 .pio/build/cubecell_gps/libFrameworkArduino.a(sx126x.c.o)
                0x000000000000a3b4                SX126xCalibrate
 .text.SX126xCalibrateImage
                0x000000000000a3c4       0x68 .pio/build/cubecell_gps/libFrameworkArduino.a(sx126x.c.o)
                0x000000000000a3c4                SX126xCalibrateImage
 .text.SX126xSetPaConfig
                0x000000000000a42c       0x18 .pio/build/cubecell_gps/libFrameworkArduino.a(sx126x.c.o)
                0x000000000000a42c                SX126xSetPaConfig
 .text.SX126xSetDioIrqParams
                0x000000000000a444       0x20 .pio/build/cubecell_gps/libFrameworkArduino.a(sx126x.c.o)
                0x000000000000a444                SX126xSetDioIrqParams
 .text.SX126xGetIrqStatus
                0x000000000000a464       0x1a .pio/build/cubecell_gps/libFrameworkArduino.a(sx126x.c.o)
                0x000000000000a464                SX126xGetIrqStatus
 .text.SX126xSetDio2AsRfSwitchCtrl
                0x000000000000a47e       0x12 .pio/build/cubecell_gps/libFrameworkArduino.a(sx126x.c.o)
                0x000000000000a47e                SX126xSetDio2AsRfSwitchCtrl
 .text.SX126xSetDio3AsTcxoCtrl
                0x000000000000a490       0x1e .pio/build/cubecell_gps/libFrameworkArduino.a(sx126x.c.o)
                0x000000000000a490                SX126xSetDio3AsTcxoCtrl
 *fill*         0x000000000000a4ae        0x2 
 .text.SX126xInit
                0x000000000000a4b0       0x4c .pio/build/cubecell_gps/libFrameworkArduino.a(sx126x.c.o)
                0x000000000000a4b0                SX126xInit
 .text.SX126xSetRfFrequency
                0x000000000000a4fc       0x40 .pio/build/cubecell_gps/libFrameworkArduino.a(sx126x.c.o)
                0x000000000000a4fc                SX126xSetRfFrequency
 .text.SX126xSetPacketType
                0x000000000000a53c       0x1c .pio/build/cubecell_gps/libFrameworkArduino.a(sx126x.c.o)
                0x000000000000a53c                SX126xSetPacketType
 .text.SX126xGetPacketType
                0x000000000000a558        0xc .pio/build/cubecell_gps/libFrameworkArduino.a(sx126x.c.o)
                0x000000000000a558                SX126xGetPacketType
 .text.SX126xSetTxParams
                0x000000000000a564       0xb4 .pio/build/cubecell_gps/libFrameworkArduino.a(sx126x.c.o)
                0x000000000000a564                SX126xSetTxParams
 .text.SX126xSetModulationParams
                0x000000000000a618       0xa0 .pio/build/cubecell_gps/libFrameworkArduino.a(sx126x.c.o)
                0x000000000000a618                SX126xSetModulationParams
 .text.SX126xSetPacketParams
                0x000000000000a6b8       0xa8 .pio/build/cubecell_gps/libFrameworkArduino.a(sx126x.c.o)
                0x000000000000a6b8                SX126xSetPacketParams
 .text.SX126xSetCadParams
                0x000000000000a760       0x30 .pio/build/cubecell_gps/libFrameworkArduino.a(sx126x.c.o)
                0x000000000000a760                SX126xSetCadParams
 .text.SX126xSetBufferBaseAddress
                0x000000000000a790       0x14 .pio/build/cubecell_gps/libFrameworkArduino.a(sx126x.c.o)
                0x000000000000a790                SX126xSetBufferBaseAddress
 .text.SX126xGetRssiInst
                0x000000000000a7a4       0x16 .pio/build/cubecell_gps/libFrameworkArduino.a(sx126x.c.o)
                0x000000000000a7a4                SX126xGetRssiInst
 *fill*         0x000000000000a7ba        0x2 
 .text.SX126xGetRxBufferStatus
                0x000000000000a7bc       0x4c .pio/build/cubecell_gps/libFrameworkArduino.a(sx126x.c.o)
                0x000000000000a7bc                SX126xGetRxBufferStatus
 .text.SX126xGetPayload
                0x000000000000a808       0x2c .pio/build/cubecell_gps/libFrameworkArduino.a(sx126x.c.o)
                0x000000000000a808                SX126xGetPayload
 .text.SX126xGetPacketStatus
                0x000000000000a834       0x7c .pio/build/cubecell_gps/libFrameworkArduino.a(sx126x.c.o)
                0x000000000000a834                SX126xGetPacketStatus
 .text.SX126xClearIrqStatus
                0x000000000000a8b0       0x12 .pio/build/cubecell_gps/libFrameworkArduino.a(sx126x.c.o)
                0x000000000000a8b0                SX126xClearIrqStatus
 .text.xor_block
                0x000000000000a8c2       0x82 .pio/build/cubecell_gps/libFrameworkArduino.a(aes.c.o)
 .text.copy_and_key
                0x000000000000a944       0x84 .pio/build/cubecell_gps/libFrameworkArduino.a(aes.c.o)
 .text.aes_set_key
                0x000000000000a9c8      0x10c .pio/build/cubecell_gps/libFrameworkArduino.a(aes.c.o)
                0x000000000000a9c8                aes_set_key
 .text.aes_encrypt
                0x000000000000aad4      0x28c .pio/build/cubecell_gps/libFrameworkArduino.a(aes.c.o)
                0x000000000000aad4                aes_encrypt
 .text.AES_CMAC_Init
                0x000000000000ad60       0x1e .pio/build/cubecell_gps/libFrameworkArduino.a(cmac.c.o)
                0x000000000000ad60                AES_CMAC_Init
 .text.AES_CMAC_SetKey
                0x000000000000ad7e       0x12 .pio/build/cubecell_gps/libFrameworkArduino.a(cmac.c.o)
                0x000000000000ad7e                AES_CMAC_SetKey
 .text.AES_CMAC_Update
                0x000000000000ad90       0xba .pio/build/cubecell_gps/libFrameworkArduino.a(cmac.c.o)
                0x000000000000ad90                AES_CMAC_Update
 .text.AES_CMAC_Final
                0x000000000000ae4a      0x14e .pio/build/cubecell_gps/libFrameworkArduino.a(cmac.c.o)
                0x000000000000ae4a                AES_CMAC_Final
 .text.DelayMs  0x000000000000af98        0x8 .pio/build/cubecell_gps/libFrameworkArduino.a(delay.c.o)
                0x000000000000af98                DelayMs
 .text.lowPowerHandler
                0x000000000000afa0       0x54 .pio/build/cubecell_gps/libFrameworkArduino.a(low_power.c.o)
                0x000000000000afa0                lowPowerHandler
 .text.TimerLowPowerHandler
                0x000000000000aff4       0x20 .pio/build/cubecell_gps/libFrameworkArduino.a(low_power.c.o)
                0x000000000000aff4                TimerLowPowerHandler
 .text.RTC_Update_ASR
                0x000000000000b014       0x2c .pio/build/cubecell_gps/libFrameworkArduino.a(timeServer.c.o)
 .text.TimerInit
                0x000000000000b040        0xe .pio/build/cubecell_gps/libFrameworkArduino.a(timeServer.c.o)
                0x000000000000b040                TimerInit
 *fill*         0x000000000000b04e        0x2 
 .text.RtcGetTimerValue
                0x000000000000b050       0x50 .pio/build/cubecell_gps/libFrameworkArduino.a(timeServer.c.o)
                0x000000000000b050                RtcGetTimerValue
 .text.RtcGetElapsedTime
                0x000000000000b0a0       0x18 .pio/build/cubecell_gps/libFrameworkArduino.a(timeServer.c.o)
 .text.TimerSetTimeout
                0x000000000000b0b8       0x40 .pio/build/cubecell_gps/libFrameworkArduino.a(timeServer.c.o)
 .text.TimerInsertNewHeadTimer
                0x000000000000b0f8       0x1c .pio/build/cubecell_gps/libFrameworkArduino.a(timeServer.c.o)
 .text.TimeStampsUpdate
                0x000000000000b114       0x34 .pio/build/cubecell_gps/libFrameworkArduino.a(timeServer.c.o)
 .text.TimerStop
                0x000000000000b148       0x64 .pio/build/cubecell_gps/libFrameworkArduino.a(timeServer.c.o)
                0x000000000000b148                TimerStop
 .text.TimerSetValue
                0x000000000000b1ac       0x16 .pio/build/cubecell_gps/libFrameworkArduino.a(timeServer.c.o)
                0x000000000000b1ac                TimerSetValue
 *fill*         0x000000000000b1c2        0x2 
 .text.TimerStart
                0x000000000000b1c4       0x8c .pio/build/cubecell_gps/libFrameworkArduino.a(timeServer.c.o)
                0x000000000000b1c4                TimerStart
 .text.TimerIrqHandler
                0x000000000000b250       0x5c .pio/build/cubecell_gps/libFrameworkArduino.a(timeServer.c.o)
                0x000000000000b250                TimerIrqHandler
 .text.TimerGetCurrentTime
                0x000000000000b2ac       0x18 .pio/build/cubecell_gps/libFrameworkArduino.a(timeServer.c.o)
                0x000000000000b2ac                TimerGetCurrentTime
 .text.TimerGetElapsedTime
                0x000000000000b2c4       0x10 .pio/build/cubecell_gps/libFrameworkArduino.a(timeServer.c.o)
                0x000000000000b2c4                TimerGetElapsedTime
 .text.TimerSetSysTime
                0x000000000000b2d4       0x3c .pio/build/cubecell_gps/libFrameworkArduino.a(timeServer.c.o)
                0x000000000000b2d4                TimerSetSysTime
 .text.TimerGetSysTime
                0x000000000000b310       0x2c .pio/build/cubecell_gps/libFrameworkArduino.a(timeServer.c.o)
                0x000000000000b310                TimerGetSysTime
 .text.RtcInit  0x000000000000b33c       0x3c .pio/build/cubecell_gps/libFrameworkArduino.a(timeServer.c.o)
                0x000000000000b33c                RtcInit
 .text.rand1    0x000000000000b378       0x2c .pio/build/cubecell_gps/libFrameworkArduino.a(utilities.c.o)
                0x000000000000b378                rand1
 .text.srand1   0x000000000000b3a4        0xc .pio/build/cubecell_gps/libFrameworkArduino.a(utilities.c.o)
                0x000000000000b3a4                srand1
 .text.randr    0x000000000000b3b0       0x16 .pio/build/cubecell_gps/libFrameworkArduino.a(utilities.c.o)
                0x000000000000b3b0                randr
 .text.memcpy1  0x000000000000b3c6       0x12 .pio/build/cubecell_gps/libFrameworkArduino.a(utilities.c.o)
                0x000000000000b3c6                memcpy1
 .text.memcpyr  0x000000000000b3d8       0x18 .pio/build/cubecell_gps/libFrameworkArduino.a(utilities.c.o)
                0x000000000000b3d8                memcpyr
 .text.memset1  0x000000000000b3f0       0x18 .pio/build/cubecell_gps/libFrameworkArduino.a(utilities.c.o)
                0x000000000000b3f0                memset1
 .text.startup.main
                0x000000000000b408       0x10 .pio/build/cubecell_gps/libFrameworkArduino.a(main.cpp.o)
                0x000000000000b408                main
 .text.FLASH_update
                0x000000000000b418      0x118 .pio/build/cubecell_gps/libFrameworkArduino.a(flash_port.c.o)
                0x000000000000b418                FLASH_update
 .text.FLASH_read_at
                0x000000000000b530       0x16 .pio/build/cubecell_gps/libFrameworkArduino.a(flash_port.c.o)
                0x000000000000b530                FLASH_read_at
 *fill*         0x000000000000b546        0x2 
 .text          0x000000000000b548       0x28 .pio/build/cubecell_gps/libFrameworkArduino.a(port_s.S.o)
                0x000000000000b548                cpu_intrpt_save
                0x000000000000b550                cpu_intrpt_restore
                0x000000000000b556                cpu_task_switch
                0x000000000000b55e                cpu_intrpt_switch
 .text._out_null
                0x000000000000b570        0x2 .pio/build/cubecell_gps/libFrameworkArduino.a(printf.c.o)
 .text._out_rev
                0x000000000000b572       0x9c .pio/build/cubecell_gps/libFrameworkArduino.a(printf.c.o)
 .text._ntoa_format
                0x000000000000b60e       0xf0 .pio/build/cubecell_gps/libFrameworkArduino.a(printf.c.o)
 .text._ntoa_long
                0x000000000000b6fe       0x94 .pio/build/cubecell_gps/libFrameworkArduino.a(printf.c.o)
 .text._ntoa_long_long
                0x000000000000b792       0xbe .pio/build/cubecell_gps/libFrameworkArduino.a(printf.c.o)
 .text._out_char
                0x000000000000b850        0xc .pio/build/cubecell_gps/libFrameworkArduino.a(printf.c.o)
 .text._ftoa    0x000000000000b85c      0x318 .pio/build/cubecell_gps/libFrameworkArduino.a(printf.c.o)
 .text._etoa    0x000000000000bb74      0x3e0 .pio/build/cubecell_gps/libFrameworkArduino.a(printf.c.o)
 .text._vsnprintf
                0x000000000000bf54      0x564 .pio/build/cubecell_gps/libFrameworkArduino.a(printf.c.o)
                0x000000000000bf54                _vsnprintf
 .text.__wrap_printf
                0x000000000000c4b8       0x24 .pio/build/cubecell_gps/libFrameworkArduino.a(printf.c.o)
                0x000000000000c4b8                __wrap_printf
 .text.IntDefaultHandler
                0x000000000000c4dc       0x10 .pio/build/cubecell_gps/libFrameworkArduino.a(Cm0plusStart.c.o)
                0x000000000000c4dc                IntDefaultHandler
 .text._exit    0x000000000000c4ec        0xa .pio/build/cubecell_gps/libFrameworkArduino.a(Cm0plusStart.c.o)
                0x000000000000c4ec                _exit