Archive member included to satisfy reference by file (symbol)

/Users/jthiller/.platformio/packages/framework-arduinoasrmicro/cores/asr650x/projects/CubeCellLib.a(AT_Command.o)
                              .pio/build/cubecell_gps/src/LoRaWan.ino.cpp.o (printDevParam)
/Users/jthiller/.platformio/packages/framework-arduinoasrmicro/cores/asr650x/projects/CubeCellLib.a(ASR_Arduino.o)
                              /Users/jthiller/.platformio/packages/framework-arduinoasrmicro/cores/asr650x/projects/CubeCellLib.a(AT_Command.o) (getID)
/Users/jthiller/.platformio/packages/framework-arduinoasrmicro/cores/asr650x/projects/CubeCellLib.a(timeServer.o)
                              /Users/jthiller/.platformio/packages/framework-arduinoasrmicro/cores/asr650x/projects/CubeCellLib.a(AT_Command.o) (TimerInit)
/Users/jthiller/.platformio/packages/framework-arduinoasrmicro/cores/asr650x/projects/CubeCellLib.a(asr_timer.o)
                              /Users/jthiller/.platformio/packages/framework-arduinoasrmicro/cores/asr650x/projects/CubeCellLib.a(timeServer.o) (Asr_Timer_RegisterAlarmCallback)
/Users/jthiller/.platformio/packages/framework-arduinoasrmicro/cores/asr650x/projects/CubeCellLib.a(UART_1.o)
                              /Users/jthiller/.platformio/packages/framework-arduinoasrmicro/cores/asr650x/projects/CubeCellLib.a(ASR_Arduino.o) (UART_1_initVar)
/Users/jthiller/.platformio/packages/framework-arduinoasrmicro/cores/asr650x/projects/CubeCellLib.a(cyfitter_cfg.o)
                              /Users/jthiller/.platformio/packages/framework-arduinoasrmicro/cores/asr650x/projects/CubeCellLib.a(ASR_Arduino.o) (systime)
.pio/build/cubecell_gps/lib8b2/libLoraWan102.a(LoRaMac.c.o)
                              /Users/jthiller/.platformio/packages/framework-arduinoasrmicro/cores/asr650x/projects/CubeCellLib.a(AT_Command.o) (OnRadioRxDone)
.pio/build/cubecell_gps/lib8b2/libLoraWan102.a(LoRaMacClassB.c.o)
                              .pio/build/cubecell_gps/lib8b2/libLoraWan102.a(LoRaMac.c.o) (LoRaMacClassBInit)
.pio/build/cubecell_gps/lib8b2/libLoraWan102.a(LoRaMacConfirmQueue.c.o)
                              .pio/build/cubecell_gps/lib8b2/libLoraWan102.a(LoRaMac.c.o) (LoRaMacConfirmQueueInit)
.pio/build/cubecell_gps/lib8b2/libLoraWan102.a(LoRaMacCrypto.c.o)
                              .pio/build/cubecell_gps/lib8b2/libLoraWan102.a(LoRaMac.c.o) (LoRaMacComputeMic)
.pio/build/cubecell_gps/lib8b2/libLoraWan102.a(Region.c.o)
                              .pio/build/cubecell_gps/lib8b2/libLoraWan102.a(LoRaMac.c.o) (RegionIsActive)
.pio/build/cubecell_gps/lib8b2/libLoraWan102.a(RegionUS915.c.o)
                              .pio/build/cubecell_gps/lib8b2/libLoraWan102.a(Region.c.o) (RegionUS915GetPhyParam)
.pio/build/cubecell_gps/lib8b2/libLoraWan102.a(radio.c.o)
                              /Users/jthiller/.platformio/packages/framework-arduinoasrmicro/cores/asr650x/projects/CubeCellLib.a(AT_Command.o) (Radio)
.pio/build/cubecell_gps/lib8b2/libLoraWan102.a(RegionCommon.c.o)
                              .pio/build/cubecell_gps/lib8b2/libLoraWan102.a(RegionUS915.c.o) (RegionCommonGetJoinDc)
.pio/build/cubecell_gps/libca1/libLoRa.a(LoRaWan_APP.cpp.o)
                              /Users/jthiller/.platformio/packages/framework-arduinoasrmicro/cores/asr650x/projects/CubeCellLib.a(AT_Command.o) (lwan_dev_params_update)
.pio/build/cubecell_gps/libca1/libLoRa.a(LoRa_APP.cpp.o)
                              /Users/jthiller/.platformio/packages/framework-arduinoasrmicro/cores/asr650x/projects/CubeCellLib.a(AT_Command.o) (LoraRxTimeout)
.pio/build/cubecell_gps/libFrameworkArduino.a(HardwareSerial.cpp.o)
                              .pio/build/cubecell_gps/src/LoRaWan.ino.cpp.o (HardwareSerial::begin(unsigned long, unsigned long, int, int, bool, unsigned long))
.pio/build/cubecell_gps/libFrameworkArduino.a(Wire.cpp.o)
                              .pio/build/cubecell_gps/libca1/libLoRa.a(LoRaWan_APP.cpp.o) (TwoWire::write(unsigned char))
.pio/build/cubecell_gps/libFrameworkArduino.a(basic.cpp.o)
                              .pio/build/cubecell_gps/libca1/libLoRa.a(LoRaWan_APP.cpp.o) (BoardGetBatteryLevel())
.pio/build/cubecell_gps/libFrameworkArduino.a(asr_board.c.o)
                              .pio/build/cubecell_gps/lib8b2/libLoraWan102.a(radio.c.o) (SX126x)
.pio/build/cubecell_gps/libFrameworkArduino.a(gpio.c.o)
                              .pio/build/cubecell_gps/libFrameworkArduino.a(asr_board.c.o) (GpioInit)
.pio/build/cubecell_gps/libFrameworkArduino.a(spi-board.c.o)
                              .pio/build/cubecell_gps/libFrameworkArduino.a(asr_board.c.o) (SpiInit)
.pio/build/cubecell_gps/libFrameworkArduino.a(ADC_SAR_Seq.c.o)
                              /Users/jthiller/.platformio/packages/framework-arduinoasrmicro/cores/asr650x/projects/CubeCellLib.a(ASR_Arduino.o) (ADC_SAR_Seq_Start)
.pio/build/cubecell_gps/libFrameworkArduino.a(ADC_SAR_Seq_INT.c.o)
[...]
Memory Configuration

Name             Origin             Length             Attributes
rom              0x0000000000000000 0x0000000000020000 xr
ram              0x0000000020000000 0x0000000000004000 xrw
*default*        0x0000000000000000 0xffffffffffffffff

Linker script and memory map

LOAD /Users/jthiller/.platformio/packages/toolchain-gccarmnoneeabi/bin/../lib/gcc/arm-none-eabi/9.2.1/thumb/v6-m/nofp/crti.o
LOAD /Users/jthiller/.platformio/packages/toolchain-gccarmnoneeabi/bin/../lib/gcc/arm-none-eabi/9.2.1/thumb/v6-m/nofp/crtbegin.o
LOAD /Users/jthiller/.platformio/packages/toolchain-gccarmnoneeabi/bin/../lib/gcc/arm-none-eabi/9.2.1/../../../../arm-none-eabi/lib/thumb/v6-m/nofp/crt0.o
LOAD .pio/build/cubecell_gps/src/LoRaWan.ino.cpp.o
START GROUP
LOAD /Users/jthiller/.platformio/packages/framework-arduinoasrmicro/cores/asr650x/projects/CubeCellLib.a
LOAD .pio/build/cubecell_gps/lib8b2/libLoraWan102.a
LOAD .pio/build/cubecell_gps/lib1d2/libRGB.a
LOAD .pio/build/cubecell_gps/libb3a/libDISPLAY.a
LOAD .pio/build/cubecell_gps/libca1/libLoRa.a
LOAD .pio/build/cubecell_gps/libFrameworkArduinoVariant.a
LOAD .pio/build/cubecell_gps/libFrameworkArduino.a
LOAD /Users/jthiller/.platformio/packages/toolchain-gccarmnoneeabi/bin/../lib/gcc/arm-none-eabi/9.2.1/../../../../arm-none-eabi/lib/thumb/v6-m/nofp/libstdc++_nano.a
END GROUP
LOAD /Users/jthiller/.platformio/packages/toolchain-gccarmnoneeabi/bin/../lib/gcc/arm-none-eabi/9.2.1/../../../../arm-none-eabi/lib/thumb/v6-m/nofp/libstdc++_nano.a
LOAD /Users/jthiller/.platformio/packages/toolchain-gccarmnoneeabi/bin/../lib/gcc/arm-none-eabi/9.2.1/../../../../arm-none-eabi/lib/thumb/v6-m/nofp/libm.a
START GROUP
LOAD /Users/jthiller/.platformio/packages/toolchain-gccarmnoneeabi/bin/../lib/gcc/arm-none-eabi/9.2.1/thumb/v6-m/nofp/libgcc.a
LOAD /Users/jthiller/.platformio/packages/toolchain-gccarmnoneeabi/bin/../lib/gcc/arm-none-eabi/9.2.1/../../../../arm-none-eabi/lib/thumb/v6-m/nofp/libc_nano.a
END GROUP
START GROUP
LOAD /Users/jthiller/.platformio/packages/toolchain-gccarmnoneeabi/bin/../lib/gcc/arm-none-eabi/9.2.1/thumb/v6-m/nofp/libgcc.a
LOAD /Users/jthiller/.platformio/packages/toolchain-gccarmnoneeabi/bin/../lib/gcc/arm-none-eabi/9.2.1/../../../../arm-none-eabi/lib/thumb/v6-m/nofp/libc_nano.a
LOAD /Users/jthiller/.platformio/packages/toolchain-gccarmnoneeabi/bin/../lib/gcc/arm-none-eabi/9.2.1/../../../../arm-none-eabi/lib/thumb/v6-m/nofp/libnosys.a
END GROUP
START GROUP
LOAD /Users/jthiller/.platformio/packages/toolchain-gccarmnoneeabi/bin/../lib/gcc/arm-none-eabi/9.2.1/thumb/v6-m/nofp/libgcc.a
LOAD /Users/jthiller/.platformio/packages/toolchain-gccarmnoneeabi/bin/../lib/gcc/arm-none-eabi/9.2.1/../../../../arm-none-eabi/lib/thumb/v6-m/nofp/libc_nano.a
LOAD /Users/jthiller/.platformio/packages/toolchain-gccarmnoneeabi/bin/../lib/gcc/arm-none-eabi/9.2.1/../../../../arm-none-eabi/lib/thumb/v6-m/nofp/libnosys.a
END GROUP
LOAD /Users/jthiller/.platformio/packages/toolchain-gccarmnoneeabi/bin/../lib/gcc/arm-none-eabi/9.2.1/thumb/v6-m/nofp/crtend.o
LOAD /Users/jthiller/.platformio/packages/toolchain-gccarmnoneeabi/bin/../lib/gcc/arm-none-eabi/9.2.1/thumb/v6-m/nofp/crtn.o
START GROUP
LOAD /Users/jthiller/.platformio/packages/toolchain-gccarmnoneeabi/bin/../lib/gcc/arm-none-eabi/9.2.1/thumb/v6-m/nofp/libgcc.a
LOAD /Users/jthiller/.platformio/packages/toolchain-gccarmnoneeabi/bin/../lib/gcc/arm-none-eabi/9.2.1/../../../../arm-none-eabi/lib/thumb/v6-m/nofp/libc.a
LOAD /Users/jthiller/.platformio/packages/toolchain-gccarmnoneeabi/bin/../lib/gcc/arm-none-eabi/9.2.1/../../../../arm-none-eabi/lib/thumb/v6-m/nofp/libnosys.a
END GROUP
                0x0000000000000000                CY_APPL_ORIGIN = 0x0
                0x0000000000000100                CY_FLASH_ROW_SIZE = 0x100
                0x0000000000000001                CY_APPL_NUM = 0x1
                0x0000000000000001                CY_APPL_MAX = 0x1
                0x0000000000000040                CY_METADATA_SIZE = 0x40
                0x0000000000000001                CY_APPL_LOADABLE = 0x1
                0x0000000000000000                CY_CHECKSUM_EXCLUDE_SIZE = ALIGN (0x0, CY_FLASH_ROW_SIZE)
                0x0000000000000000                CY_APP_FOR_STACK_AND_COPIER = 0x0
                [!provide]                        PROVIDE (__cy_heap_start = _end)
                0x0000000000000001                PROVIDE (__cy_region_num = ((__cy_regions_end - __cy_regions) / 0x10))
                0x0000000020004000                PROVIDE (__cy_stack = (ORIGIN (ram) + LENGTH (ram)))
                [!provide]                        PROVIDE (__cy_heap_end = (__cy_stack - 0x800))

.cybootloader   0x0000000000000000     0x2200
 *(.cybootloader)
 .cybootloader  0x0000000000000000     0x2200 .pio/build/cubecell_gps/libFrameworkArduino.a(cybootloader.c.o)
                0x0000000000000000                cy_bootloader
                0x0000000000002200                appl1_start = CY_APPL_ORIGIN?CY_APPL_ORIGIN:ALIGN (CY_FLASH_ROW_SIZE)
                0x0000000000011000                appl2_start = (appl1_start + ALIGN ((((LENGTH (rom) - appl1_start) - (0x2 * CY_FLASH_ROW_SIZE)) / 0x2), CY_FLASH_ROW_SIZE))
                0x0000000000002200                appl_start = (CY_APPL_NUM == 0x1)?appl1_start:appl2_start
                0x0000000000000000                cy_project_type_bootloader = (appl_start == 0x0)?0x1:0x0
                0x0000000000000000                cy_project_type_app_for_stack_and_copier = (CY_APP_FOR_STACK_AND_COPIER == 0x1)?0x1:0x0

.text           0x0000000000002200     0xfad4
 CREATE_OBJECT_SYMBOLS
                0x0000000000002200                PROVIDE (__cy_interrupt_vector = RomVectors)
 *(.romvectors)
 .romvectors    0x0000000000002200       0x10 .pio/build/cubecell_gps/libFrameworkArduino.a(Cm0plusStart.c.o)
                0x0000000000002200                RomVectors
                0x0000000000000001                ASSERT ((. != __cy_interrupt_vector), No interrupt vector)
                0x0000000000000001                ASSERT (CY_APPL_ORIGIN?(SIZEOF (.cybootloader) <= CY_APPL_ORIGIN):0x1, Wrong image location)
                0x0000000000002210                PROVIDE (__cy_reset = Reset)
 *(.text.Reset)
 .text.Reset    0x0000000000002210       0x18 .pio/build/cubecell_gps/libFrameworkArduino.a(Cm0plusStart.c.o)
                0x0000000000002210                Reset
                0x0000000000000001                ASSERT ((. != __cy_reset), No reset code)
 *(.psocinit)
 .psocinit      0x0000000000002228      0x1b8 /Users/jthiller/.platformio/packages/framework-arduinoasrmicro/cores/asr650x/projects/CubeCellLib.a(cyfitter_cfg.o)
                0x0000000000002228                cyfitter_cfg
                0x00000000000023e0                . = MAX (., 0x100)
 *(.text .text.* .gnu.linkonce.t.*)
 .text.__do_global_dtors_aux
                0x00000000000023e0       0x28 /Users/jthiller/.platformio/packages/toolchain-gccarmnoneeabi/bin/../lib/gcc/arm-none-eabi/9.2.1/thumb/v6-m/nofp/crtbegin.o
 .text.frame_dummy
                0x0000000000002408       0x20 /Users/jthiller/.platformio/packages/toolchain-gccarmnoneeabi/bin/../lib/gcc/arm-none-eabi/9.2.1/thumb/v6-m/nofp/crtbegin.o
 .text._Z5setupv
                0x0000000000002428       0x40 .pio/build/cubecell_gps/src/LoRaWan.ino.cpp.o
                0x0000000000002428                setup()
 .text._Z4loopv
                0x0000000000002468       0xa4 .pio/build/cubecell_gps/src/LoRaWan.ino.cpp.o
                0x0000000000002468                loop()
 .text.print_para_1
                0x000000000000250c       0x20 /Users/jthiller/.platformio/packages/framework-arduinoasrmicro/cores/asr650x/projects/CubeCellLib.a(AT_Command.o)
                0x000000000000250c                print_para_1
 .text.netInfoDisable
                0x000000000000252c       0x1a /Users/jthiller/.platformio/packages/framework-arduinoasrmicro/cores/asr650x/projects/CubeCellLib.a(AT_Command.o)
                0x000000000000252c                netInfoDisable
 *fill*         0x0000000000002546        0x2 
 .text.saveNetInfo
                0x0000000000002548       0x58 /Users/jthiller/.platformio/packages/framework-arduinoasrmicro/cores/asr650x/projects/CubeCellLib.a(AT_Command.o)
                0x0000000000002548                saveNetInfo
 .text.checkNetInfo
                0x00000000000025a0       0x34 /Users/jthiller/.platformio/packages/framework-arduinoasrmicro/cores/asr650x/projects/CubeCellLib.a(AT_Command.o)
                0x00000000000025a0                checkNetInfo
 .text.saveDownCnt
                0x00000000000025d4       0x40 /Users/jthiller/.platformio/packages/framework-arduinoasrmicro/cores/asr650x/projects/CubeCellLib.a(AT_Command.o)
                0x00000000000025d4                saveDownCnt
 .text.getNetInfo
                0x0000000000002614      0x120 /Users/jthiller/.platformio/packages/framework-arduinoasrmicro/cores/asr650x/projects/CubeCellLib.a(AT_Command.o)
                0x0000000000002614                getNetInfo
 .text.printDevParam
                0x0000000000002734      0x224 /Users/jthiller/.platformio/packages/framework-arduinoasrmicro/cores/asr650x/projects/CubeCellLib.a(AT_Command.o)
                0x0000000000002734                printDevParam
 .text.__pinMode
                0x0000000000002958       0x74 /Users/jthiller/.platformio/packages/framework-arduinoasrmicro/cores/asr650x/projects/CubeCellLib.a(ASR_Arduino.o)
 .text.globalGpioIsrEntry
                0x00000000000029cc       0x90 /Users/jthiller/.platformio/packages/framework-arduinoasrmicro/cores/asr650x/projects/CubeCellLib.a(ASR_Arduino.o)
                0x00000000000029cc                globalGpioIsrEntry
 .text.getID    0x0000000000002a5c       0x18 /Users/jthiller/.platformio/packages/framework-arduinoasrmicro/cores/asr650x/projects/CubeCellLib.a(ASR_Arduino.o)
                0x0000000000002a5c                getID
 .text.license_check
                0x0000000000002a74      0x268 /Users/jthiller/.platformio/packages/framework-arduinoasrmicro/cores/asr650x/projects/CubeCellLib.a(ASR_Arduino.o)
                0x0000000000002a74                license_check
 .text.pinMode  0x0000000000002cdc       0x1a /Users/jthiller/.platformio/packages/framework-arduinoasrmicro/cores/asr650x/projects/CubeCellLib.a(ASR_Arduino.o)
                0x0000000000002cdc                pinMode
 *fill*         0x0000000000002cf6        0x2 
 .text.digitalWrite
                0x0000000000002cf8       0x68 /Users/jthiller/.platformio/packages/framework-arduinoasrmicro/cores/asr650x/projects/CubeCellLib.a(ASR_Arduino.o)
                0x0000000000002cf8                digitalWrite
 .text.digitalRead
                0x0000000000002d60       0x20 /Users/jthiller/.platformio/packages/framework-arduinoasrmicro/cores/asr650x/projects/CubeCellLib.a(ASR_Arduino.o)
                0x0000000000002d60                digitalRead
 .text.ClearPinInterrupt
                0x0000000000002d80       0x1c /Users/jthiller/.platformio/packages/framework-arduinoasrmicro/cores/asr650x/projects/CubeCellLib.a(ASR_Arduino.o)
                0x0000000000002d80                ClearPinInterrupt
 .text.attachInterrupt
                0x0000000000002d9c       0x80 /Users/jthiller/.platformio/packages/framework-arduinoasrmicro/cores/asr650x/projects/CubeCellLib.a(ASR_Arduino.o)
                0x0000000000002d9c                attachInterrupt
 .text.detachInterrupt
                0x0000000000002e1c       0x78 /Users/jthiller/.platformio/packages/framework-arduinoasrmicro/cores/asr650x/projects/CubeCellLib.a(ASR_Arduino.o)
                0x0000000000002e1c                detachInterrupt
 .text.analogRead
                0x0000000000002e94       0x60 /Users/jthiller/.platformio/packages/framework-arduinoasrmicro/cores/asr650x/projects/CubeCellLib.a(ASR_Arduino.o)
                0x0000000000002e94                analogRead
 .text.analogReadmV
                0x0000000000002ef4       0x20 /Users/jthiller/.platformio/packages/framework-arduinoasrmicro/cores/asr650x/projects/CubeCellLib.a(ASR_Arduino.o)
                0x0000000000002ef4                analogReadmV
 .text.delay    0x0000000000002f14        0x8 /Users/jthiller/.platformio/packages/framework-arduinoasrmicro/cores/asr650x/projects/CubeCellLib.a(ASR_Arduino.o)
                0x0000000000002f14                delay
 .text.millis   0x0000000000002f1c        0x8 /Users/jthiller/.platformio/packages/framework-arduinoasrmicro/cores/asr650x/projects/CubeCellLib.a(ASR_Arduino.o)
                0x0000000000002f1c                millis
 .text.RTC_Update_ASR
                0x0000000000002f24       0x2c /Users/jthiller/.platformio/packages/framework-arduinoasrmicro/cores/asr650x/projects/CubeCellLib.a(timeServer.o)
 .text.TimerInit
                0x0000000000002f50        0xe /Users/jthiller/.platformio/packages/framework-arduinoasrmicro/cores/asr650x/projects/CubeCellLib.a(timeServer.o)
                0x0000000000002f50                TimerInit
 *fill*         0x0000000000002f5e        0x2 
 .text.RtcGetTimerValue
                0x0000000000002f60       0x50 /Users/jthiller/.platformio/packages/framework-arduinoasrmicro/cores/asr650x/projects/CubeCellLib.a(timeServer.o)
                0x0000000000002f60                RtcGetTimerValue
 .text.RtcGetElapsedTime
                0x0000000000002fb0       0x18 /Users/jthiller/.platformio/packages/framework-arduinoasrmicro/cores/asr650x/projects/CubeCellLib.a(timeServer.o)
 .text.TimerSetTimeout
                0x0000000000002fc8       0x40 /Users/jthiller/.platformio/packages/framework-arduinoasrmicro/cores/asr650x/projects/CubeCellLib.a(timeServer.o)
 .text.TimerInsertNewHeadTimer
                0x0000000000003008       0x1c /Users/jthiller/.platformio/packages/framework-arduinoasrmicro/cores/asr650x/projects/CubeCellLib.a(timeServer.o)
 .text.TimeStampsUpdate
                0x0000000000003024       0x34 /Users/jthiller/.platformio/packages/framework-arduinoasrmicro/cores/asr650x/projects/CubeCellLib.a(timeServer.o)
 .text.TimerStart
                0x0000000000003058       0x8c /Users/jthiller/.platformio/packages/framework-arduinoasrmicro/cores/asr650x/projects/CubeCellLib.a(timeServer.o)
                0x0000000000003058                TimerStart
 .text.TimerStop
                0x00000000000030e4       0x60 /Users/jthiller/.platformio/packages/framework-arduinoasrmicro/cores/asr650x/projects/CubeCellLib.a(timeServer.o)
                0x00000000000030e4                TimerStop
 .text.TimerSetValue
                0x0000000000003144       0x16 /Users/jthiller/.platformio/packages/framework-arduinoasrmicro/cores/asr650x/projects/CubeCellLib.a(timeServer.o)
                0x0000000000003144                TimerSetValue
 *fill*         0x000000000000315a        0x2 
 .text.TimerIrqHandler
                0x000000000000315c       0x58 /Users/jthiller/.platformio/packages/framework-arduinoasrmicro/cores/asr650x/projects/CubeCellLib.a(timeServer.o)
                0x000000000000315c                TimerIrqHandler
 .text.TimerGetCurrentTime
                0x00000000000031b4       0x18 /Users/jthiller/.platformio/packages/framework-arduinoasrmicro/cores/asr650x/projects/CubeCellLib.a(timeServer.o)
                0x00000000000031b4                TimerGetCurrentTime
 .text.TimerGetElapsedTime
                0x00000000000031cc       0x10 /Users/jthiller/.platformio/packages/framework-arduinoasrmicro/cores/asr650x/projects/CubeCellLib.a(timeServer.o)
                0x00000000000031cc                TimerGetElapsedTime
 .text.TimerSetSysTime
                0x00000000000031dc       0x3c /Users/jthiller/.platformio/packages/framework-arduinoasrmicro/cores/asr650x/projects/CubeCellLib.a(timeServer.o)
                0x00000000000031dc                TimerSetSysTime
 .text.TimerGetSysTime
                0x0000000000003218       0x2c /Users/jthiller/.platformio/packages/framework-arduinoasrmicro/cores/asr650x/projects/CubeCellLib.a(timeServer.o)
                0x0000000000003218                TimerGetSysTime
 .text.RtcInit  0x0000000000003244       0x3c /Users/jthiller/.platformio/packages/framework-arduinoasrmicro/cores/asr650x/projects/CubeCellLib.a(timeServer.o)
                0x0000000000003244                RtcInit
 .text.Asr_Timer_RegisterAlarmCallback
                0x0000000000003280       0x10 /Users/jthiller/.platformio/packages/framework-arduinoasrmicro/cores/asr650x/projects/CubeCellLib.a(asr_timer.o)
                0x0000000000003280                Asr_Timer_RegisterAlarmCallback
 .text.Asr_SetTimeout
                0x0000000000003290       0xc8 /Users/jthiller/.platformio/packages/framework-arduinoasrmicro/cores/asr650x/projects/CubeCellLib.a(asr_timer.o)
                0x0000000000003290                Asr_SetTimeout
 .text.Asr_Timer_Init
                0x0000000000003358       0x68 /Users/jthiller/.platformio/packages/framework-arduinoasrmicro/cores/asr650x/projects/CubeCellLib.a(asr_timer.o)
                0x0000000000003358                Asr_Timer_Init
 .text.Asr_Timer_Disable
                0x00000000000033c0       0x18 /Users/jthiller/.platformio/packages/framework-arduinoasrmicro/cores/asr650x/projects/CubeCellLib.a(asr_timer.o)
                0x00000000000033c0                Asr_Timer_Disable
 .text.Timer0IsrCallback
                0x00000000000033d8       0x1c /Users/jthiller/.platformio/packages/framework-arduinoasrmicro/cores/asr650x/projects/CubeCellLib.a(asr_timer.o)
                0x00000000000033d8                Timer0IsrCallback
 .text.Timer1IsrCallback
                0x00000000000033f4       0x30 /Users/jthiller/.platformio/packages/framework-arduinoasrmicro/cores/asr650x/projects/CubeCellLib.a(asr_timer.o)
                0x00000000000033f4                Timer1IsrCallback
 .text.UART_1_Enable
                0x0000000000003424       0x20 /Users/jthiller/.platformio/packages/framework-arduinoasrmicro/cores/asr650x/projects/CubeCellLib.a(UART_1.o)
                0x0000000000003424                UART_1_Enable
 .text.UART_1_Start
                0x0000000000003444       0x54 /Users/jthiller/.platformio/packages/framework-arduinoasrmicro/cores/asr650x/projects/CubeCellLib.a(UART_1.o)
                0x0000000000003444                UART_1_Start
 .text.systemTimer
                0x0000000000003498       0x10 /Users/jthiller/.platformio/packages/framework-arduinoasrmicro/cores/asr650x/projects/CubeCellLib.a(cyfitter_cfg.o)
                0x0000000000003498                systemTimer
 .text.SetAnalogRoutingPumps
                0x00000000000034a8       0x1c /Users/jthiller/.platformio/packages/framework-arduinoasrmicro/cores/asr650x/projects/CubeCellLib.a(cyfitter_cfg.o)
                0x00000000000034a8                SetAnalogRoutingPumps
 .text.SetMlmeScheduleUplinkIndication
                0x00000000000034c4       0x1c .pio/build/cubecell_gps/lib8b2/libLoraWan102.a(LoRaMac.c.o)
 .text.AddMacCommand
                0x00000000000034e0      0x1b8 .pio/build/cubecell_gps/lib8b2/libLoraWan102.a(LoRaMac.c.o)
 .text.ResetMacParameters
                0x0000000000003698       0xe0 .pio/build/cubecell_gps/lib8b2/libLoraWan102.a(LoRaMac.c.o)
 .text.OnAckTimeoutTimerEvent
                0x0000000000003778       0x4c .pio/build/cubecell_gps/lib8b2/libLoraWan102.a(LoRaMac.c.o)
 .text.ValidatePayloadLength
                0x00000000000037c4       0x5c .pio/build/cubecell_gps/lib8b2/libLoraWan102.a(LoRaMac.c.o)
 .text.PrepareRxDoneAbort
                0x0000000000003820       0x48 .pio/build/cubecell_gps/lib8b2/libLoraWan102.a(LoRaMac.c.o)
 .text.ProcessMacCommands
                0x0000000000003868      0x42c .pio/build/cubecell_gps/lib8b2/libLoraWan102.a(LoRaMac.c.o)
 .text.OnRadioRxDone
                0x0000000000003c94      0x610 .pio/build/cubecell_gps/lib8b2/libLoraWan102.a(LoRaMac.c.o)
                0x0000000000003c94                OnRadioRxDone
 .text.ScheduleTx
                0x00000000000042a4      0x254 .pio/build/cubecell_gps/lib8b2/libLoraWan102.a(LoRaMac.c.o)
 .text.OnRadioCadDone
                0x00000000000044f8       0xd0 .pio/build/cubecell_gps/lib8b2/libLoraWan102.a(LoRaMac.c.o)
 .text.Onwota_CadTimer
                0x00000000000045c8       0x88 .pio/build/cubecell_gps/lib8b2/libLoraWan102.a(LoRaMac.c.o)
                0x00000000000045c8                Onwota_CadTimer
 .text.RxWindowSetup
                0x0000000000004650       0x18 .pio/build/cubecell_gps/lib8b2/libLoraWan102.a(LoRaMac.c.o)
 .text.OnRxWindow2TimerEvent
                0x0000000000004668       0x78 .pio/build/cubecell_gps/lib8b2/libLoraWan102.a(LoRaMac.c.o)
 .text.OpenContinuousRx2Window
                0x00000000000046e0       0x14 .pio/build/cubecell_gps/lib8b2/libLoraWan102.a(LoRaMac.c.o)
 .text.OnRadioTxTimeout
                0x00000000000046f4       0x64 .pio/build/cubecell_gps/lib8b2/libLoraWan102.a(LoRaMac.c.o)
 .text.OnRadioRxTimeout
                0x0000000000004758      0x100 .pio/build/cubecell_gps/lib8b2/libLoraWan102.a(LoRaMac.c.o)
 .text.OnRadioRxError
                0x0000000000004858      0x100 .pio/build/cubecell_gps/lib8b2/libLoraWan102.a(LoRaMac.c.o)
 .text.OnRadioTxDone
                0x0000000000004958      0x160 .pio/build/cubecell_gps/lib8b2/libLoraWan102.a(LoRaMac.c.o)
 .text.OnRxWindow1TimerEvent
                0x0000000000004ab8       0x7c .pio/build/cubecell_gps/lib8b2/libLoraWan102.a(LoRaMac.c.o)
 .text.PrepareFrame
                0x0000000000004b34      0x36c .pio/build/cubecell_gps/lib8b2/libLoraWan102.a(LoRaMac.c.o)
                0x0000000000004b34                PrepareFrame
 .text.Send     0x0000000000004ea0       0x4c .pio/build/cubecell_gps/lib8b2/libLoraWan102.a(LoRaMac.c.o)
                0x0000000000004ea0                Send
 .text.OnTxDelayedTimerEvent
                0x0000000000004eec       0x80 .pio/build/cubecell_gps/lib8b2/libLoraWan102.a(LoRaMac.c.o)
 .text.OnMacStateCheckTimerEvent
                0x0000000000004f6c      0x34c .pio/build/cubecell_gps/lib8b2/libLoraWan102.a(LoRaMac.c.o)
 .text.SendFrameOnChannel
                0x00000000000052b8      0x120 .pio/build/cubecell_gps/lib8b2/libLoraWan102.a(LoRaMac.c.o)
                0x00000000000052b8                SendFrameOnChannel
 .text.OnTxImmediateTimerEvent
                0x00000000000053d8       0x1c .pio/build/cubecell_gps/lib8b2/libLoraWan102.a(LoRaMac.c.o)
 .text.SetTxContinuousWave
                0x00000000000053f4       0x64 .pio/build/cubecell_gps/lib8b2/libLoraWan102.a(LoRaMac.c.o)
                0x00000000000053f4                SetTxContinuousWave
 .text.SetTxContinuousWave1
                0x0000000000005458       0x3c .pio/build/cubecell_gps/lib8b2/libLoraWan102.a(LoRaMac.c.o)
                0x0000000000005458                SetTxContinuousWave1
 .text.LoRaMacInitialization
                0x0000000000005494      0x334 .pio/build/cubecell_gps/lib8b2/libLoraWan102.a(LoRaMac.c.o)
                0x0000000000005494                LoRaMacInitialization
 .text.LoRaMacQueryTxPossible
                0x00000000000057c8      0x16c .pio/build/cubecell_gps/lib8b2/libLoraWan102.a(LoRaMac.c.o)
                0x00000000000057c8                LoRaMacQueryTxPossible
 .text.LoRaMacMibGetRequestConfirm
                0x0000000000005934      0x13c .pio/build/cubecell_gps/lib8b2/libLoraWan102.a(LoRaMac.c.o)
                0x0000000000005934                LoRaMacMibGetRequestConfirm
 .text.LoRaMacMulticastChannelLink
                0x0000000000005a70       0x44 .pio/build/cubecell_gps/lib8b2/libLoraWan102.a(LoRaMac.c.o)
                0x0000000000005a70                LoRaMacMulticastChannelLink
 .text.LoRaMacMulticastChannelUnlink
                0x0000000000005ab4       0x44 .pio/build/cubecell_gps/lib8b2/libLoraWan102.a(LoRaMac.c.o)
                0x0000000000005ab4                LoRaMacMulticastChannelUnlink
 .text.LoRaMacMibSetRequestConfirm
                0x0000000000005af8      0x360 .pio/build/cubecell_gps/lib8b2/libLoraWan102.a(LoRaMac.c.o)
                0x0000000000005af8                LoRaMacMibSetRequestConfirm
 .text.LoRaMacMlmeRequest
                0x0000000000005e58      0x23c .pio/build/cubecell_gps/lib8b2/libLoraWan102.a(LoRaMac.c.o)
                0x0000000000005e58                LoRaMacMlmeRequest
 .text.LoRaMacMcpsRequest
                0x0000000000006094      0x180 .pio/build/cubecell_gps/lib8b2/libLoraWan102.a(LoRaMac.c.o)
                0x0000000000006094                LoRaMacMcpsRequest
 .text.LoRaMacClassBInit
                0x0000000000006214        0x2 .pio/build/cubecell_gps/lib8b2/libLoraWan102.a(LoRaMacClassB.c.o)
                0x0000000000006214                LoRaMacClassBInit
 .text.LoRaMacClassBSetBeaconState
                0x0000000000006216        0x2 .pio/build/cubecell_gps/lib8b2/libLoraWan102.a(LoRaMacClassB.c.o)
                0x0000000000006216                LoRaMacClassBSetBeaconState
 .text.LoRaMacClassBSetPingSlotState
                0x0000000000006218        0x2 .pio/build/cubecell_gps/lib8b2/libLoraWan102.a(LoRaMacClassB.c.o)
                0x0000000000006218                LoRaMacClassBSetPingSlotState
 .text.LoRaMacClassBSetMulticastSlotState
                0x000000000000621a        0x2 .pio/build/cubecell_gps/lib8b2/libLoraWan102.a(LoRaMacClassB.c.o)
                0x000000000000621a                LoRaMacClassBSetMulticastSlotState
 .text.LoRaMacClassBIsAcquisitionInProgress
                0x000000000000621c        0x4 .pio/build/cubecell_gps/lib8b2/libLoraWan102.a(LoRaMacClassB.c.o)
                0x000000000000621c                LoRaMacClassBIsAcquisitionInProgress
 .text.LoRaMacClassBBeaconTimerEvent
                0x0000000000006220        0x2 .pio/build/cubecell_gps/lib8b2/libLoraWan102.a(LoRaMacClassB.c.o)
                0x0000000000006220                LoRaMacClassBBeaconTimerEvent
 .text.LoRaMacClassBPingSlotTimerEvent
                0x0000000000006222        0x2 .pio/build/cubecell_gps/lib8b2/libLoraWan102.a(LoRaMacClassB.c.o)
                0x0000000000006222                LoRaMacClassBPingSlotTimerEvent
 .text.LoRaMacClassBMulticastSlotTimerEvent
                0x0000000000006224        0x2 .pio/build/cubecell_gps/lib8b2/libLoraWan102.a(LoRaMacClassB.c.o)
                0x0000000000006224                LoRaMacClassBMulticastSlotTimerEvent
 .text.LoRaMacClassBRxBeacon
                0x0000000000006226        0x4 .pio/build/cubecell_gps/lib8b2/libLoraWan102.a(LoRaMacClassB.c.o)
                0x0000000000006226                LoRaMacClassBRxBeacon
 .text.LoRaMacClassBIsBeaconExpected
                0x000000000000622a        0x4 .pio/build/cubecell_gps/lib8b2/libLoraWan102.a(LoRaMacClassB.c.o)
                0x000000000000622a                LoRaMacClassBIsBeaconExpected
 .text.LoRaMacClassBIsPingExpected
                0x000000000000622e        0x4 .pio/build/cubecell_gps/lib8b2/libLoraWan102.a(LoRaMacClassB.c.o)
                0x000000000000622e                LoRaMacClassBIsPingExpected
 .text.LoRaMacClassBIsMulticastExpected
                0x0000000000006232        0x4 .pio/build/cubecell_gps/lib8b2/libLoraWan102.a(LoRaMacClassB.c.o)
                0x0000000000006232                LoRaMacClassBIsMulticastExpected
 .text.LoRaMacClassBIsBeaconModeActive
                0x0000000000006236        0x4 .pio/build/cubecell_gps/lib8b2/libLoraWan102.a(LoRaMacClassB.c.o)
                0x0000000000006236                LoRaMacClassBIsBeaconModeActive
 .text.LoRaMacClassBSetPingSlotInfo
                0x000000000000623a        0x2 .pio/build/cubecell_gps/lib8b2/libLoraWan102.a(LoRaMacClassB.c.o)
                0x000000000000623a                LoRaMacClassBSetPingSlotInfo
 .text.LoRaMacClassBHaltBeaconing
                0x000000000000623c        0x2 .pio/build/cubecell_gps/lib8b2/libLoraWan102.a(LoRaMacClassB.c.o)
                0x000000000000623c                LoRaMacClassBHaltBeaconing
 .text.LoRaMacClassBResumeBeaconing
                0x000000000000623e        0x2 .pio/build/cubecell_gps/lib8b2/libLoraWan102.a(LoRaMacClassB.c.o)
                0x000000000000623e                LoRaMacClassBResumeBeaconing
 .text.LoRaMacClassBSwitchClass
                0x0000000000006240        0x4 .pio/build/cubecell_gps/lib8b2/libLoraWan102.a(LoRaMacClassB.c.o)
                0x0000000000006240                LoRaMacClassBSwitchClass
 .text.LoRaMacClassBMibGetRequestConfirm
                0x0000000000006244        0x4 .pio/build/cubecell_gps/lib8b2/libLoraWan102.a(LoRaMacClassB.c.o)
                0x0000000000006244                LoRaMacClassBMibGetRequestConfirm
 .text.LoRaMacMibClassBSetRequestConfirm
                0x0000000000006248        0x4 .pio/build/cubecell_gps/lib8b2/libLoraWan102.a(LoRaMacClassB.c.o)
                0x0000000000006248                LoRaMacMibClassBSetRequestConfirm
 .text.LoRaMacClassBPingSlotInfoAns
                0x000000000000624c        0x2 .pio/build/cubecell_gps/lib8b2/libLoraWan102.a(LoRaMacClassB.c.o)
                0x000000000000624c                LoRaMacClassBPingSlotInfoAns
 .text.LoRaMacClassBPingSlotChannelReq
                0x000000000000624e        0x4 .pio/build/cubecell_gps/lib8b2/libLoraWan102.a(LoRaMacClassB.c.o)
                0x000000000000624e                LoRaMacClassBPingSlotChannelReq
 .text.LoRaMacClassBBeaconTimingAns
                0x0000000000006252        0x2 .pio/build/cubecell_gps/lib8b2/libLoraWan102.a(LoRaMacClassB.c.o)
                0x0000000000006252                LoRaMacClassBBeaconTimingAns
 .text.LoRaMacClassBDeviceTimeAns
                0x0000000000006254       0x16 .pio/build/cubecell_gps/lib8b2/libLoraWan102.a(LoRaMacClassB.c.o)
                0x0000000000006254                LoRaMacClassBDeviceTimeAns
 .text.LoRaMacClassBBeaconFreqReq
                0x000000000000626a        0x4 .pio/build/cubecell_gps/lib8b2/libLoraWan102.a(LoRaMacClassB.c.o)
                0x000000000000626a                LoRaMacClassBBeaconFreqReq
 .text.LoRaMacClassBIsUplinkCollision
                0x000000000000626e        0x6 .pio/build/cubecell_gps/lib8b2/libLoraWan102.a(LoRaMacClassB.c.o)
                0x000000000000626e                LoRaMacClassBIsUplinkCollision
 .text.LoRaMacClassBStopRxSlots
                0x0000000000006274        0x2 .pio/build/cubecell_gps/lib8b2/libLoraWan102.a(LoRaMacClassB.c.o)
                0x0000000000006274                LoRaMacClassBStopRxSlots
 .text.LoRaMacClassBSetMulticastPeriodicity
                0x0000000000006276        0x2 .pio/build/cubecell_gps/lib8b2/libLoraWan102.a(LoRaMacClassB.c.o)
                0x0000000000006276                LoRaMacClassBSetMulticastPeriodicity
 .text.LoRaMacConfirmQueueInit
                0x0000000000006278       0x40 .pio/build/cubecell_gps/lib8b2/libLoraWan102.a(LoRaMacConfirmQueue.c.o)
                0x0000000000006278                LoRaMacConfirmQueueInit
 .text.LoRaMacConfirmQueueAdd
                0x00000000000062b8       0x44 .pio/build/cubecell_gps/lib8b2/libLoraWan102.a(LoRaMacConfirmQueue.c.o)
                0x00000000000062b8                LoRaMacConfirmQueueAdd
 .text.LoRaMacConfirmQueueRemoveLast
                0x00000000000062fc       0x30 .pio/build/cubecell_gps/lib8b2/libLoraWan102.a(LoRaMacConfirmQueue.c.o)
                0x00000000000062fc                LoRaMacConfirmQueueRemoveLast
 .text.LoRaMacConfirmQueueRemoveFirst
                0x000000000000632c       0x30 .pio/build/cubecell_gps/lib8b2/libLoraWan102.a(LoRaMacConfirmQueue.c.o)
                0x000000000000632c                LoRaMacConfirmQueueRemoveFirst
 .text.LoRaMacConfirmQueueSetStatus
                0x000000000000635c       0x48 .pio/build/cubecell_gps/lib8b2/libLoraWan102.a(LoRaMacConfirmQueue.c.o)
                0x000000000000635c                LoRaMacConfirmQueueSetStatus
 .text.LoRaMacConfirmQueueGetStatus
                0x00000000000063a4       0x48 .pio/build/cubecell_gps/lib8b2/libLoraWan102.a(LoRaMacConfirmQueue.c.o)
                0x00000000000063a4                LoRaMacConfirmQueueGetStatus
 .text.LoRaMacConfirmQueueSetStatusCmn
                0x00000000000063ec       0x4c .pio/build/cubecell_gps/lib8b2/libLoraWan102.a(LoRaMacConfirmQueue.c.o)
                0x00000000000063ec                LoRaMacConfirmQueueSetStatusCmn
 .text.LoRaMacConfirmQueueGetStatusCmn
                0x0000000000006438        0xc .pio/build/cubecell_gps/lib8b2/libLoraWan102.a(LoRaMacConfirmQueue.c.o)
                0x0000000000006438                LoRaMacConfirmQueueGetStatusCmn
 .text.LoRaMacConfirmQueueIsCmdActive
                0x0000000000006444       0x38 .pio/build/cubecell_gps/lib8b2/libLoraWan102.a(LoRaMacConfirmQueue.c.o)
                0x0000000000006444                LoRaMacConfirmQueueIsCmdActive
 .text.LoRaMacConfirmQueueHandleCb
                0x000000000000647c       0x58 .pio/build/cubecell_gps/lib8b2/libLoraWan102.a(LoRaMacConfirmQueue.c.o)
                0x000000000000647c                LoRaMacConfirmQueueHandleCb
 .text.LoRaMacConfirmQueueGetCnt
                0x00000000000064d4        0xc .pio/build/cubecell_gps/lib8b2/libLoraWan102.a(LoRaMacConfirmQueue.c.o)
                0x00000000000064d4                LoRaMacConfirmQueueGetCnt
 .text.LoRaMacConfirmQueueIsFull
                0x00000000000064e0       0x14 .pio/build/cubecell_gps/lib8b2/libLoraWan102.a(LoRaMacConfirmQueue.c.o)
                0x00000000000064e0                LoRaMacConfirmQueueIsFull
 .text.LoRaMacComputeMic
                0x00000000000064f4       0x84 .pio/build/cubecell_gps/lib8b2/libLoraWan102.a(LoRaMacCrypto.c.o)
                0x00000000000064f4                LoRaMacComputeMic
 .text.LoRaMacPayloadEncrypt
                0x0000000000006578       0xd8 .pio/build/cubecell_gps/lib8b2/libLoraWan102.a(LoRaMacCrypto.c.o)
                0x0000000000006578                LoRaMacPayloadEncrypt
 .text.LoRaMacPayloadDecrypt
                0x0000000000006650       0x1a .pio/build/cubecell_gps/lib8b2/libLoraWan102.a(LoRaMacCrypto.c.o)
                0x0000000000006650                LoRaMacPayloadDecrypt
 *fill*         0x000000000000666a        0x2 
 .text.LoRaMacJoinComputeMic
                0x000000000000666c       0x50 .pio/build/cubecell_gps/lib8b2/libLoraWan102.a(LoRaMacCrypto.c.o)
                0x000000000000666c                LoRaMacJoinComputeMic
 .text.LoRaMacJoinDecrypt
                0x00000000000066bc       0x44 .pio/build/cubecell_gps/lib8b2/libLoraWan102.a(LoRaMacCrypto.c.o)
                0x00000000000066bc                LoRaMacJoinDecrypt
 .text.LoRaMacJoinComputeSKeys
                0x0000000000006700       0x9c .pio/build/cubecell_gps/lib8b2/libLoraWan102.a(LoRaMacCrypto.c.o)
                0x0000000000006700                LoRaMacJoinComputeSKeys
 .text.RegionIsActive
                0x000000000000679c        0xa .pio/build/cubecell_gps/lib8b2/libLoraWan102.a(Region.c.o)
                0x000000000000679c                RegionIsActive
 .text.RegionGetPhyParam
                0x00000000000067a6       0x18 .pio/build/cubecell_gps/lib8b2/libLoraWan102.a(Region.c.o)
                0x00000000000067a6                RegionGetPhyParam
 .text.RegionSetBandTxDone
                0x00000000000067be        0xe .pio/build/cubecell_gps/lib8b2/libLoraWan102.a(Region.c.o)
                0x00000000000067be                RegionSetBandTxDone
 .text.RegionInitDefaults
                0x00000000000067cc        0xe .pio/build/cubecell_gps/lib8b2/libLoraWan102.a(Region.c.o)
                0x00000000000067cc                RegionInitDefaults
 .text.RegionVerify
                0x00000000000067da       0x18 .pio/build/cubecell_gps/lib8b2/libLoraWan102.a(Region.c.o)
                0x00000000000067da                RegionVerify
 .text.RegionApplyCFList
                0x00000000000067f2        0xe .pio/build/cubecell_gps/lib8b2/libLoraWan102.a(Region.c.o)
                0x00000000000067f2                RegionApplyCFList
 .text.RegionChanMaskSet
                0x0000000000006800       0x14 .pio/build/cubecell_gps/lib8b2/libLoraWan102.a(Region.c.o)
                0x0000000000006800                RegionChanMaskSet
 .text.RegionAdrNext
                0x0000000000006814       0x1c .pio/build/cubecell_gps/lib8b2/libLoraWan102.a(Region.c.o)
                0x0000000000006814                RegionAdrNext
 .text.RegionComputeRxWindowParameters
                0x0000000000006830       0x16 .pio/build/cubecell_gps/lib8b2/libLoraWan102.a(Region.c.o)
                0x0000000000006830                RegionComputeRxWindowParameters
 .text.RegionRxConfig
                0x0000000000006846       0x18 .pio/build/cubecell_gps/lib8b2/libLoraWan102.a(Region.c.o)
                0x0000000000006846                RegionRxConfig
 .text.RegionTxConfig
                0x000000000000685e       0x1a .pio/build/cubecell_gps/lib8b2/libLoraWan102.a(Region.c.o)
                0x000000000000685e                RegionTxConfig
 .text.RegionLinkAdrReq
                0x0000000000006878       0x20 .pio/build/cubecell_gps/lib8b2/libLoraWan102.a(Region.c.o)
                0x0000000000006878                RegionLinkAdrReq
 .text.RegionRxParamSetupReq
                0x0000000000006898       0x14 .pio/build/cubecell_gps/lib8b2/libLoraWan102.a(Region.c.o)
                0x0000000000006898                RegionRxParamSetupReq
 .text.RegionNewChannelReq
                0x00000000000068ac       0x14 .pio/build/cubecell_gps/lib8b2/libLoraWan102.a(Region.c.o)
                0x00000000000068ac                RegionNewChannelReq
 .text.RegionTxParamSetupReq
                0x00000000000068c0       0x14 .pio/build/cubecell_gps/lib8b2/libLoraWan102.a(Region.c.o)
                0x00000000000068c0                RegionTxParamSetupReq
 .text.RegionDlChannelReq
                0x00000000000068d4       0x14 .pio/build/cubecell_gps/lib8b2/libLoraWan102.a(Region.c.o)
                0x00000000000068d4                RegionDlChannelReq
 .text.RegionAlternateDr
                0x00000000000068e8       0x14 .pio/build/cubecell_gps/lib8b2/libLoraWan102.a(Region.c.o)
                0x00000000000068e8                RegionAlternateDr
 .text.RegionCalcBackOff
                0x00000000000068fc        0xe .pio/build/cubecell_gps/lib8b2/libLoraWan102.a(Region.c.o)
                0x00000000000068fc                RegionCalcBackOff
 .text.RegionNextChannel
                0x000000000000690a       0x1c .pio/build/cubecell_gps/lib8b2/libLoraWan102.a(Region.c.o)
                0x000000000000690a                RegionNextChannel
 .text.RegionSetContinuousWave
                0x0000000000006926        0xe .pio/build/cubecell_gps/lib8b2/libLoraWan102.a(Region.c.o)
                0x0000000000006926                RegionSetContinuousWave
 .text.RegionApplyDrOffset
                0x0000000000006934       0x1a .pio/build/cubecell_gps/lib8b2/libLoraWan102.a(Region.c.o)
                0x0000000000006934                RegionApplyDrOffset
 *fill*         0x000000000000694e        0x2 
 .text.RegionUS915GetPhyParam
                0x0000000000006950      0x10c .pio/build/cubecell_gps/lib8b2/libLoraWan102.a(RegionUS915.c.o)
                0x0000000000006950                RegionUS915GetPhyParam
 .text.RegionUS915SetBandTxDone
                0x0000000000006a5c       0x28 .pio/build/cubecell_gps/lib8b2/libLoraWan102.a(RegionUS915.c.o)
                0x0000000000006a5c                RegionUS915SetBandTxDone
 .text.RegionUS915InitDefaults
                0x0000000000006a84       0xb8 .pio/build/cubecell_gps/lib8b2/libLoraWan102.a(RegionUS915.c.o)
                0x0000000000006a84                RegionUS915InitDefaults
 .text.RegionUS915Verify
                0x0000000000006b3c       0x52 .pio/build/cubecell_gps/lib8b2/libLoraWan102.a(RegionUS915.c.o)
                0x0000000000006b3c                RegionUS915Verify
 .text.RegionUS915ApplyCFList
                0x0000000000006b8e        0x2 .pio/build/cubecell_gps/lib8b2/libLoraWan102.a(RegionUS915.c.o)
                0x0000000000006b8e                RegionUS915ApplyCFList
 .text.RegionUS915ChanMaskSet
                0x0000000000006b90       0x5c .pio/build/cubecell_gps/lib8b2/libLoraWan102.a(RegionUS915.c.o)
                0x0000000000006b90                RegionUS915ChanMaskSet
 .text.RegionUS915AdrNext
                0x0000000000006bec       0x80 .pio/build/cubecell_gps/lib8b2/libLoraWan102.a(RegionUS915.c.o)
                0x0000000000006bec                RegionUS915AdrNext
 .text.RegionUS915ComputeRxWindowParameters
                0x0000000000006c6c       0x78 .pio/build/cubecell_gps/lib8b2/libLoraWan102.a(RegionUS915.c.o)
                0x0000000000006c6c                RegionUS915ComputeRxWindowParameters
 .text.RegionUS915RxConfig
                0x0000000000006ce4       0xbc .pio/build/cubecell_gps/lib8b2/libLoraWan102.a(RegionUS915.c.o)
                0x0000000000006ce4                RegionUS915RxConfig
 .text.RegionUS915TxConfig
                0x0000000000006da0      0x13c .pio/build/cubecell_gps/lib8b2/libLoraWan102.a(RegionUS915.c.o)
                0x0000000000006da0                RegionUS915TxConfig
 .text.RegionUS915LinkAdrReq
                0x0000000000006edc      0x150 .pio/build/cubecell_gps/lib8b2/libLoraWan102.a(RegionUS915.c.o)
                0x0000000000006edc                RegionUS915LinkAdrReq
 .text.RegionUS915RxParamSetupReq
                0x000000000000702c       0x84 .pio/build/cubecell_gps/lib8b2/libLoraWan102.a(RegionUS915.c.o)
                0x000000000000702c                RegionUS915RxParamSetupReq
 .text.RegionUS915NewChannelReq
                0x00000000000070b0        0x4 .pio/build/cubecell_gps/lib8b2/libLoraWan102.a(RegionUS915.c.o)
                0x00000000000070b0                RegionUS915NewChannelReq
 .text.RegionUS915TxParamSetupReq
                0x00000000000070b4        0x6 .pio/build/cubecell_gps/lib8b2/libLoraWan102.a(RegionUS915.c.o)
                0x00000000000070b4                RegionUS915TxParamSetupReq
 .text.RegionUS915DlChannelReq
                0x00000000000070ba        0x4 .pio/build/cubecell_gps/lib8b2/libLoraWan102.a(RegionUS915.c.o)
                0x00000000000070ba                RegionUS915DlChannelReq
 .text.RegionUS915AlternateDr
                0x00000000000070be        0xa .pio/build/cubecell_gps/lib8b2/libLoraWan102.a(RegionUS915.c.o)
                0x00000000000070be                RegionUS915AlternateDr
 .text.RegionUS915CalcBackOff
                0x00000000000070c8       0x64 .pio/build/cubecell_gps/lib8b2/libLoraWan102.a(RegionUS915.c.o)
                0x00000000000070c8                RegionUS915CalcBackOff
 .text.RegionUS915NextChannel
                0x000000000000712c      0x168 .pio/build/cubecell_gps/lib8b2/libLoraWan102.a(RegionUS915.c.o)
                0x000000000000712c                RegionUS915NextChannel
 .text.RegionUS915SetContinuousWave
                0x0000000000007294       0x88 .pio/build/cubecell_gps/lib8b2/libLoraWan102.a(RegionUS915.c.o)
                0x0000000000007294                RegionUS915SetContinuousWave
 .text.RegionUS915ApplyDrOffset
                0x000000000000731c       0x18 .pio/build/cubecell_gps/lib8b2/libLoraWan102.a(RegionUS915.c.o)
                0x000000000000731c                RegionUS915ApplyDrOffset
 .text.RadioCheckRfFrequency
                0x0000000000007334        0x4 .pio/build/cubecell_gps/lib8b2/libLoraWan102.a(radio.c.o)
                0x0000000000007334                RadioCheckRfFrequency
 .text.RadioStandby
                0x0000000000007338        0xa .pio/build/cubecell_gps/lib8b2/libLoraWan102.a(radio.c.o)
                0x0000000000007338                RadioStandby
 *fill*         0x0000000000007342        0x2 
 .text.RadioInit
                0x0000000000007344       0x78 .pio/build/cubecell_gps/lib8b2/libLoraWan102.a(radio.c.o)
                0x0000000000007344                RadioInit
 .text.RadioGetStatus
                0x00000000000073bc       0x1a .pio/build/cubecell_gps/lib8b2/libLoraWan102.a(radio.c.o)
                0x00000000000073bc                RadioGetStatus
 .text.RadioSetChannel
                0x00000000000073d6        0x8 .pio/build/cubecell_gps/lib8b2/libLoraWan102.a(radio.c.o)
                0x00000000000073d6                RadioSetChannel
 .text.RadioRssi
                0x00000000000073de        0xa .pio/build/cubecell_gps/lib8b2/libLoraWan102.a(radio.c.o)
                0x00000000000073de                RadioRssi
 .text.RadioSyncWord
                0x00000000000073e8       0x10 .pio/build/cubecell_gps/lib8b2/libLoraWan102.a(radio.c.o)
                0x00000000000073e8                RadioSyncWord
 .text.RadioSend
                0x00000000000073f8       0x5c .pio/build/cubecell_gps/lib8b2/libLoraWan102.a(radio.c.o)
                0x00000000000073f8                RadioSend
 .text.RadioSleep
                0x0000000000007454       0x10 .pio/build/cubecell_gps/lib8b2/libLoraWan102.a(radio.c.o)
                0x0000000000007454                RadioSleep
 .text.RadioSetRxDutyCycle
                0x0000000000007464        0x8 .pio/build/cubecell_gps/lib8b2/libLoraWan102.a(radio.c.o)
                0x0000000000007464                RadioSetRxDutyCycle
 .text.RadioStartCad
                0x000000000000746c       0x64 .pio/build/cubecell_gps/lib8b2/libLoraWan102.a(radio.c.o)
                0x000000000000746c                RadioStartCad
 .text.RadioSetTxContinuousWave
                0x00000000000074d0       0x40 .pio/build/cubecell_gps/lib8b2/libLoraWan102.a(radio.c.o)
                0x00000000000074d0                RadioSetTxContinuousWave
 .text.RadioWrite
                0x0000000000007510        0x8 .pio/build/cubecell_gps/lib8b2/libLoraWan102.a(radio.c.o)
                0x0000000000007510                RadioWrite
 .text.RadioRead
                0x0000000000007518        0x8 .pio/build/cubecell_gps/lib8b2/libLoraWan102.a(radio.c.o)
                0x0000000000007518                RadioRead
 .text.RadioWriteBuffer
                0x0000000000007520        0x8 .pio/build/cubecell_gps/lib8b2/libLoraWan102.a(radio.c.o)
                0x0000000000007520                RadioWriteBuffer
 .text.RadioReadBuffer
                0x0000000000007528        0x8 .pio/build/cubecell_gps/lib8b2/libLoraWan102.a(radio.c.o)
                0x0000000000007528                RadioReadBuffer
 .text.RadioGetWakeupTime
                0x0000000000007530        0xa .pio/build/cubecell_gps/lib8b2/libLoraWan102.a(radio.c.o)
                0x0000000000007530                RadioGetWakeupTime
 *fill*         0x000000000000753a        0x2 
 .text.RadioOnTxTimeoutIrq
                0x000000000000753c       0x20 .pio/build/cubecell_gps/lib8b2/libLoraWan102.a(radio.c.o)
                0x000000000000753c                RadioOnTxTimeoutIrq
 .text.RadioOnRxTimeoutIrq
                0x000000000000755c       0x20 .pio/build/cubecell_gps/lib8b2/libLoraWan102.a(radio.c.o)
                0x000000000000755c                RadioOnRxTimeoutIrq
 .text.RadioOnCadTimeoutIrq
                0x000000000000757c       0x20 .pio/build/cubecell_gps/lib8b2/libLoraWan102.a(radio.c.o)
                0x000000000000757c                RadioOnCadTimeoutIrq
 .text.RadioGetFskBandwidthRegValue
                0x000000000000759c       0x34 .pio/build/cubecell_gps/lib8b2/libLoraWan102.a(radio.c.o)
 .text.RadioSetMaxPayloadLength
                0x00000000000075d0       0x38 .pio/build/cubecell_gps/lib8b2/libLoraWan102.a(radio.c.o)
                0x00000000000075d0                RadioSetMaxPayloadLength
 .text.RadioRx  0x0000000000007608       0x58 .pio/build/cubecell_gps/lib8b2/libLoraWan102.a(radio.c.o)
                0x0000000000007608                RadioRx
 .text.RadioRxBoosted
                0x0000000000007660       0x4c .pio/build/cubecell_gps/lib8b2/libLoraWan102.a(radio.c.o)
                0x0000000000007660                RadioRxBoosted
 .text.RadioIrqProcess
                0x00000000000076ac      0x150 .pio/build/cubecell_gps/lib8b2/libLoraWan102.a(radio.c.o)
                0x00000000000076ac                RadioIrqProcess
 .text.RadioOnDioIrq
                0x00000000000077fc       0x14 .pio/build/cubecell_gps/lib8b2/libLoraWan102.a(radio.c.o)
                0x00000000000077fc                RadioOnDioIrq
 .text.RadioSetPublicNetwork
                0x0000000000007810       0x3c .pio/build/cubecell_gps/lib8b2/libLoraWan102.a(radio.c.o)
                0x0000000000007810                RadioSetPublicNetwork
 .text.RadioSetModem.part.0
                0x000000000000784c       0x20 .pio/build/cubecell_gps/lib8b2/libLoraWan102.a(radio.c.o)
 .text.RadioSetModem
                0x000000000000786c       0x20 .pio/build/cubecell_gps/lib8b2/libLoraWan102.a(radio.c.o)
                0x000000000000786c                RadioSetModem
 .text.RadioIsChannelFree
                0x000000000000788c       0x50 .pio/build/cubecell_gps/lib8b2/libLoraWan102.a(radio.c.o)
                0x000000000000788c                RadioIsChannelFree
 .text.RadioRandom
                0x00000000000078dc       0x38 .pio/build/cubecell_gps/lib8b2/libLoraWan102.a(radio.c.o)
                0x00000000000078dc                RadioRandom
 .text.RadioSymbTime
                0x0000000000007914       0x2c .pio/build/cubecell_gps/lib8b2/libLoraWan102.a(radio.c.o)
                0x0000000000007914                RadioSymbTime
 .text.RadioSetRxConfig
                0x0000000000007940      0x21c .pio/build/cubecell_gps/lib8b2/libLoraWan102.a(radio.c.o)
                0x0000000000007940                RadioSetRxConfig
 .text.RadioSetTxConfig
                0x0000000000007b5c      0x1a0 .pio/build/cubecell_gps/lib8b2/libLoraWan102.a(radio.c.o)
                0x0000000000007b5c                RadioSetTxConfig
 .text.RadioTimeOnAir
                0x0000000000007cfc      0x198 .pio/build/cubecell_gps/lib8b2/libLoraWan102.a(radio.c.o)
                0x0000000000007cfc                RadioTimeOnAir
 .text.RegionCommonGetJoinDc
                0x0000000000007e94       0x24 .pio/build/cubecell_gps/lib8b2/libLoraWan102.a(RegionCommon.c.o)
                0x0000000000007e94                RegionCommonGetJoinDc
 .text.RegionCommonChanVerifyDr
                0x0000000000007eb8       0x7e .pio/build/cubecell_gps/lib8b2/libLoraWan102.a(RegionCommon.c.o)
                0x0000000000007eb8                RegionCommonChanVerifyDr
 .text.RegionCommonValueInRange
                0x0000000000007f36       0x14 .pio/build/cubecell_gps/lib8b2/libLoraWan102.a(RegionCommon.c.o)
                0x0000000000007f36                RegionCommonValueInRange
 .text.RegionCommonChanDisable
                0x0000000000007f4a       0x28 .pio/build/cubecell_gps/lib8b2/libLoraWan102.a(RegionCommon.c.o)
                0x0000000000007f4a                RegionCommonChanDisable
 .text.RegionCommonCountChannels
                0x0000000000007f72       0x60 .pio/build/cubecell_gps/lib8b2/libLoraWan102.a(RegionCommon.c.o)
                0x0000000000007f72                RegionCommonCountChannels
 .text.RegionCommonChanMaskCopy
                0x0000000000007fd2       0x1c .pio/build/cubecell_gps/lib8b2/libLoraWan102.a(RegionCommon.c.o)
                0x0000000000007fd2                RegionCommonChanMaskCopy
 .text.RegionCommonSetBandTxDone
                0x0000000000007fee       0x10 .pio/build/cubecell_gps/lib8b2/libLoraWan102.a(RegionCommon.c.o)
                0x0000000000007fee                RegionCommonSetBandTxDone
 .text.RegionCommonUpdateBandTimeOff
                0x0000000000007ffe      0x114 .pio/build/cubecell_gps/lib8b2/libLoraWan102.a(RegionCommon.c.o)
                0x0000000000007ffe                RegionCommonUpdateBandTimeOff
 .text.RegionCommonParseLinkAdrReq
                0x0000000000008112       0x36 .pio/build/cubecell_gps/lib8b2/libLoraWan102.a(RegionCommon.c.o)
                0x0000000000008112                RegionCommonParseLinkAdrReq
 .text.RegionCommonComputeSymbolTimeLoRa
                0x0000000000008148       0x34 .pio/build/cubecell_gps/lib8b2/libLoraWan102.a(RegionCommon.c.o)
                0x0000000000008148                RegionCommonComputeSymbolTimeLoRa
 .text.RegionCommonComputeSymbolTimeFsk
                0x000000000000817c       0x18 .pio/build/cubecell_gps/lib8b2/libLoraWan102.a(RegionCommon.c.o)
                0x000000000000817c                RegionCommonComputeSymbolTimeFsk
 .text.RegionCommonComputeRxWindowParameters
                0x0000000000008194       0xb4 .pio/build/cubecell_gps/lib8b2/libLoraWan102.a(RegionCommon.c.o)
                0x0000000000008194                RegionCommonComputeRxWindowParameters
 .text.RegionCommonComputeTxPower
                0x0000000000008248       0x2a .pio/build/cubecell_gps/lib8b2/libLoraWan102.a(RegionCommon.c.o)
                0x0000000000008248                RegionCommonComputeTxPower
 .text._ZN13ScreenDisplay12mirrorScreenEv
                0x0000000000008272        0x2 .pio/build/cubecell_gps/libca1/libLoRa.a(LoRaWan_APP.cpp.o)
                0x0000000000008272                ScreenDisplay::mirrorScreen()
 .text._ZN11SSD1306Wire15getBufferOffsetEv
                0x0000000000008274        0x4 .pio/build/cubecell_gps/libca1/libLoRa.a(LoRaWan_APP.cpp.o)
                0x0000000000008274                SSD1306Wire::getBufferOffset()
 .text._ZN11SSD1306Wire11sendCommandEh
                0x0000000000008278       0x44 .pio/build/cubecell_gps/libca1/libLoRa.a(LoRaWan_APP.cpp.o)
                0x0000000000008278                SSD1306Wire::sendCommand(unsigned char)
 .text._ZN11SSD1306Wire16sendInitCommandsEv
                0x00000000000082bc      0x134 .pio/build/cubecell_gps/libca1/libLoRa.a(LoRaWan_APP.cpp.o)
                0x00000000000082bc                SSD1306Wire::sendInitCommands()
 .text._ZL11McpsConfirmP12sMcpsConfirm
                0x00000000000083f0        0xc .pio/build/cubecell_gps/libca1/libLoRa.a(LoRaWan_APP.cpp.o)
 .text._ZN11SSD1306Wire7connectEv
                0x00000000000083fc       0x14 .pio/build/cubecell_gps/libca1/libLoRa.a(LoRaWan_APP.cpp.o)
                0x00000000000083fc                SSD1306Wire::connect()
 .text._ZN11SSD1306WireD2Ev
                0x0000000000008410       0x14 .pio/build/cubecell_gps/libca1/libLoRa.a(LoRaWan_APP.cpp.o)
                0x0000000000008410                SSD1306Wire::~SSD1306Wire()
                0x0000000000008410                SSD1306Wire::~SSD1306Wire()
 .text._ZN11SSD1306WireD0Ev
                0x0000000000008424       0x14 .pio/build/cubecell_gps/libca1/libLoRa.a(LoRaWan_APP.cpp.o)
                0x0000000000008424                SSD1306Wire::~SSD1306Wire()
 .text._ZN11SSD1306Wire23sendScreenRotateCommandEv
                0x0000000000008438       0x3e .pio/build/cubecell_gps/libca1/libLoRa.a(LoRaWan_APP.cpp.o)
                0x0000000000008438                SSD1306Wire::sendScreenRotateCommand()
 *fill*         0x0000000000008476        0x2 
 .text._ZL24OnTxNextPacketTimerEventv
                0x0000000000008478       0x6c .pio/build/cubecell_gps/libca1/libLoRa.a(LoRaWan_APP.cpp.o)
 .text._ZL14MlmeIndicationP15sMlmeIndication
                0x00000000000084e4        0xe .pio/build/cubecell_gps/libca1/libLoRa.a(LoRaWan_APP.cpp.o)
 .text.downLinkAckHandle
                0x00000000000084f2        0x2 .pio/build/cubecell_gps/libca1/libLoRa.a(LoRaWan_APP.cpp.o)
                0x00000000000084f2                downLinkAckHandle
 .text.downLinkDataHandle
                0x00000000000084f4       0x58 .pio/build/cubecell_gps/libca1/libLoRa.a(LoRaWan_APP.cpp.o)
                0x00000000000084f4                downLinkDataHandle
 .text._ZL14McpsIndicationP15sMcpsIndication
                0x000000000000854c       0xa0 .pio/build/cubecell_gps/libca1/libLoRa.a(LoRaWan_APP.cpp.o)
 .text.dev_time_updated
                0x00000000000085ec       0x10 .pio/build/cubecell_gps/libca1/libLoRa.a(LoRaWan_APP.cpp.o)
                0x00000000000085ec                dev_time_updated
 .text.lwan_dev_params_update
                0x00000000000085fc       0x28 .pio/build/cubecell_gps/libca1/libLoRa.a(LoRaWan_APP.cpp.o)
                0x00000000000085fc                lwan_dev_params_update
 .text.SendFrame
                0x0000000000008624       0xa4 .pio/build/cubecell_gps/libca1/libLoRa.a(LoRaWan_APP.cpp.o)
                0x0000000000008624                SendFrame
 .text._ZN12LoRaWanClass4initE12eDeviceClass16eLoRaMacRegion_t
                0x00000000000086c8      0x150 .pio/build/cubecell_gps/libca1/libLoRa.a(LoRaWan_APP.cpp.o)
                0x00000000000086c8                LoRaWanClass::init(eDeviceClass, eLoRaMacRegion_t)
 .text._ZN12LoRaWanClass4joinEv
                0x0000000000008818       0xb0 .pio/build/cubecell_gps/libca1/libLoRa.a(LoRaWan_APP.cpp.o)
                0x0000000000008818                LoRaWanClass::join()
 .text._ZN12LoRaWanClass4sendEv
                0x00000000000088c8       0x3c .pio/build/cubecell_gps/libca1/libLoRa.a(LoRaWan_APP.cpp.o)
                0x00000000000088c8                LoRaWanClass::send()
 .text._ZN12LoRaWanClass5cycleEm
                0x0000000000008904       0x18 .pio/build/cubecell_gps/libca1/libLoRa.a(LoRaWan_APP.cpp.o)
                0x0000000000008904                LoRaWanClass::cycle(unsigned long)
 .text._ZN12LoRaWanClass5sleepEv
                0x000000000000891c        0x8 .pio/build/cubecell_gps/libca1/libLoRa.a(LoRaWan_APP.cpp.o)
                0x000000000000891c                LoRaWanClass::sleep()
 .text._ZN12LoRaWanClass10ifskipjoinEv
                0x0000000000008924       0xfc .pio/build/cubecell_gps/libca1/libLoRa.a(LoRaWan_APP.cpp.o)
                0x0000000000008924                LoRaWanClass::ifskipjoin()
 .text.startup._GLOBAL__sub_I_display
                0x0000000000008a20       0x60 .pio/build/cubecell_gps/libca1/libLoRa.a(LoRaWan_APP.cpp.o)
 .text._ZN11SSD1306Wire7displayEv
                0x0000000000008a80      0x308 .pio/build/cubecell_gps/libca1/libLoRa.a(LoRaWan_APP.cpp.o)
                0x0000000000008a80                SSD1306Wire::display()
 .text._ZN12LoRaWanClass13displayJoinedEv
                0x0000000000008d88       0x3c .pio/build/cubecell_gps/libca1/libLoRa.a(LoRaWan_APP.cpp.o)
                0x0000000000008d88                LoRaWanClass::displayJoined()
 .text._ZL11MlmeConfirmP12sMlmeConfirm
                0x0000000000008dc4       0x8c .pio/build/cubecell_gps/libca1/libLoRa.a(LoRaWan_APP.cpp.o)
 .text._ZN6Stream9readBytesEPhj
                0x0000000000008e50        0xa .pio/build/cubecell_gps/libFrameworkArduino.a(HardwareSerial.cpp.o)
                0x0000000000008e50                Stream::readBytes(unsigned char*, unsigned int)
 *fill*         0x0000000000008e5a        0x2 
 .text._ZN14HardwareSerial9availableEv
                0x0000000000008e5c       0x28 .pio/build/cubecell_gps/libFrameworkArduino.a(HardwareSerial.cpp.o)
                0x0000000000008e5c                HardwareSerial::available()
 .text._ZN14HardwareSerial4peekEv
                0x0000000000008e84       0x24 .pio/build/cubecell_gps/libFrameworkArduino.a(HardwareSerial.cpp.o)
                0x0000000000008e84                HardwareSerial::peek()
 .text._ZN14HardwareSerial4readEv
                0x0000000000008ea8       0x30 .pio/build/cubecell_gps/libFrameworkArduino.a(HardwareSerial.cpp.o)
                0x0000000000008ea8                HardwareSerial::read()
 .text._ZN14HardwareSerialD2Ev
                0x0000000000008ed8        0x2 .pio/build/cubecell_gps/libFrameworkArduino.a(HardwareSerial.cpp.o)
                0x0000000000008ed8                HardwareSerial::~HardwareSerial()
                0x0000000000008ed8                HardwareSerial::~HardwareSerial()
 *fill*         0x0000000000008eda        0x2 
 .text._Z14writeRxToBuff0v
                0x0000000000008edc       0x48 .pio/build/cubecell_gps/libFrameworkArduino.a(HardwareSerial.cpp.o)
                0x0000000000008edc                writeRxToBuff0()
 .text._Z14writeRxToBuff1v
                0x0000000000008f24       0x48 .pio/build/cubecell_gps/libFrameworkArduino.a(HardwareSerial.cpp.o)
                0x0000000000008f24                writeRxToBuff1()
 .text._ZN14HardwareSerial5writeEh
                0x0000000000008f6c       0x1c .pio/build/cubecell_gps/libFrameworkArduino.a(HardwareSerial.cpp.o)
                0x0000000000008f6c                HardwareSerial::write(unsigned char)
 .text._ZN14HardwareSerial5writeEPKhj
                0x0000000000008f88       0x2a .pio/build/cubecell_gps/libFrameworkArduino.a(HardwareSerial.cpp.o)
                0x0000000000008f88                HardwareSerial::write(unsigned char const*, unsigned int)
 .text._ZN14HardwareSerialD0Ev
                0x0000000000008fb2        0xe .pio/build/cubecell_gps/libFrameworkArduino.a(HardwareSerial.cpp.o)
                0x0000000000008fb2                HardwareSerial::~HardwareSerial()
 .text._ZN14HardwareSerial5flushEv
                0x0000000000008fc0       0x3c .pio/build/cubecell_gps/libFrameworkArduino.a(HardwareSerial.cpp.o)
                0x0000000000008fc0                HardwareSerial::flush()
 .text._ZN14HardwareSerialC2Ea
                0x0000000000008ffc       0x20 .pio/build/cubecell_gps/libFrameworkArduino.a(HardwareSerial.cpp.o)
                0x0000000000008ffc                HardwareSerial::HardwareSerial(signed char)
                0x0000000000008ffc                HardwareSerial::HardwareSerial(signed char)
 .text._ZN14HardwareSerial5beginEmmiibm
                0x000000000000901c      0x164 .pio/build/cubecell_gps/libFrameworkArduino.a(HardwareSerial.cpp.o)
                0x000000000000901c                HardwareSerial::begin(unsigned long, unsigned long, int, int, bool, unsigned long)
 .text.startup._GLOBAL__sub_I_Serial
                0x0000000000009180       0x40 .pio/build/cubecell_gps/libFrameworkArduino.a(HardwareSerial.cpp.o)
 .text._ZN7TwoWireD2Ev
                0x00000000000091c0        0x2 .pio/build/cubecell_gps/libFrameworkArduino.a(Wire.cpp.o)
                0x00000000000091c0                TwoWire::~TwoWire()
                0x00000000000091c0                TwoWire::~TwoWire()
 .text._ZN7TwoWire5writeEPKhj
                0x00000000000091c2       0x24 .pio/build/cubecell_gps/libFrameworkArduino.a(Wire.cpp.o)
                0x00000000000091c2                TwoWire::write(unsigned char const*, unsigned int)
 .text._ZN7TwoWire9availableEv
                0x00000000000091e6        0xe .pio/build/cubecell_gps/libFrameworkArduino.a(Wire.cpp.o)
                0x00000000000091e6                TwoWire::available()
 .text._ZN7TwoWire4readEv
                0x00000000000091f4       0x20 .pio/build/cubecell_gps/libFrameworkArduino.a(Wire.cpp.o)
                0x00000000000091f4                TwoWire::read()
 .text._ZN7TwoWire4peekEv
                0x0000000000009214       0x1c .pio/build/cubecell_gps/libFrameworkArduino.a(Wire.cpp.o)
                0x0000000000009214                TwoWire::peek()
 .text._ZN7TwoWireD0Ev
                0x0000000000009230       0x10 .pio/build/cubecell_gps/libFrameworkArduino.a(Wire.cpp.o)
                0x0000000000009230                TwoWire::~TwoWire()
 .text._ZN7TwoWire5writeEh
                0x0000000000009240       0x40 .pio/build/cubecell_gps/libFrameworkArduino.a(Wire.cpp.o)
                0x0000000000009240                TwoWire::write(unsigned char)
 .text._ZN7TwoWire5flushEv
                0x0000000000009280       0x78 .pio/build/cubecell_gps/libFrameworkArduino.a(Wire.cpp.o)
                0x0000000000009280                TwoWire::flush()
 .text._ZN7TwoWireC2Ea
                0x00000000000092f8       0x40 .pio/build/cubecell_gps/libFrameworkArduino.a(Wire.cpp.o)
                0x00000000000092f8                TwoWire::TwoWire(signed char)
                0x00000000000092f8                TwoWire::TwoWire(signed char)
 .text._ZN7TwoWire5beginEiim
                0x0000000000009338       0xb8 .pio/build/cubecell_gps/libFrameworkArduino.a(Wire.cpp.o)
                0x0000000000009338                TwoWire::begin(int, int, unsigned long)
 .text._ZN7TwoWire17writeTransmissionEtPhtb
                0x00000000000093f0       0xc0 .pio/build/cubecell_gps/libFrameworkArduino.a(Wire.cpp.o)
                0x00000000000093f0                TwoWire::writeTransmission(unsigned short, unsigned char*, unsigned short, bool)
 .text._ZN7TwoWire15endTransmissionEb
                0x00000000000094b0       0x68 .pio/build/cubecell_gps/libFrameworkArduino.a(Wire.cpp.o)
                0x00000000000094b0                TwoWire::endTransmission(bool)
 .text._ZN7TwoWire17beginTransmissionEh
                0x0000000000009518       0x12 .pio/build/cubecell_gps/libFrameworkArduino.a(Wire.cpp.o)
                0x0000000000009518                TwoWire::beginTransmission(unsigned char)
 .text._ZN7TwoWire15endTransmissionEv
                0x000000000000952a        0xa .pio/build/cubecell_gps/libFrameworkArduino.a(Wire.cpp.o)
                0x000000000000952a                TwoWire::endTransmission()
 .text.startup._GLOBAL__sub_I__ZN7TwoWireC2Ea
                0x0000000000009534       0x40 .pio/build/cubecell_gps/libFrameworkArduino.a(Wire.cpp.o)
 .text._Z17getBatteryVoltagev
                0x0000000000009574       0x4c .pio/build/cubecell_gps/libFrameworkArduino.a(basic.cpp.o)
                0x0000000000009574                getBatteryVoltage()
 .text._Z20BoardGetBatteryLevelv
                0x00000000000095c0       0x7c .pio/build/cubecell_gps/libFrameworkArduino.a(basic.cpp.o)
                0x00000000000095c0                BoardGetBatteryLevel()
 .text.SX126xIoInit
                0x000000000000963c       0x44 .pio/build/cubecell_gps/libFrameworkArduino.a(asr_board.c.o)
                0x000000000000963c                SX126xIoInit
 .text.SX126xIoIrqInit
                0x0000000000009680       0x14 .pio/build/cubecell_gps/libFrameworkArduino.a(asr_board.c.o)
                0x0000000000009680                SX126xIoIrqInit
 .text.SX126xGetBoardTcxoWakeupTime
                0x0000000000009694        0x4 .pio/build/cubecell_gps/libFrameworkArduino.a(asr_board.c.o)
                0x0000000000009694                SX126xGetBoardTcxoWakeupTime
 .text.SX126xReset
                0x0000000000009698       0x50 .pio/build/cubecell_gps/libFrameworkArduino.a(asr_board.c.o)
                0x0000000000009698                SX126xReset
 .text.SX126xWaitOnBusy
                0x00000000000096e8       0x14 .pio/build/cubecell_gps/libFrameworkArduino.a(asr_board.c.o)
                0x00000000000096e8                SX126xWaitOnBusy
 .text.SX126xWakeup
                0x00000000000096fc       0x38 .pio/build/cubecell_gps/libFrameworkArduino.a(asr_board.c.o)
                0x00000000000096fc                SX126xWakeup
 .text.SX126xWriteCommand
                0x0000000000009734       0x50 .pio/build/cubecell_gps/libFrameworkArduino.a(asr_board.c.o)
                0x0000000000009734                SX126xWriteCommand
 .text.SX126xReadCommand
                0x0000000000009784       0x54 .pio/build/cubecell_gps/libFrameworkArduino.a(asr_board.c.o)
                0x0000000000009784                SX126xReadCommand
 .text.SX126xWriteRegisters
                0x00000000000097d8       0x5c .pio/build/cubecell_gps/libFrameworkArduino.a(asr_board.c.o)
                0x00000000000097d8                SX126xWriteRegisters
 .text.SX126xWriteRegister
                0x0000000000009834       0x12 .pio/build/cubecell_gps/libFrameworkArduino.a(asr_board.c.o)
                0x0000000000009834                SX126xWriteRegister
 *fill*         0x0000000000009846        0x2 
 .text.SX126xReadRegisters
                0x0000000000009848       0x64 .pio/build/cubecell_gps/libFrameworkArduino.a(asr_board.c.o)
                0x0000000000009848                SX126xReadRegisters
 .text.SX126xReadRegister
                0x00000000000098ac       0x12 .pio/build/cubecell_gps/libFrameworkArduino.a(asr_board.c.o)
                0x00000000000098ac                SX126xReadRegister
 *fill*         0x00000000000098be        0x2 
 .text.SX126xWriteBuffer
                0x00000000000098c0       0x54 .pio/build/cubecell_gps/libFrameworkArduino.a(asr_board.c.o)
                0x00000000000098c0                SX126xWriteBuffer
 .text.SX126xReadBuffer
                0x0000000000009914       0x5c .pio/build/cubecell_gps/libFrameworkArduino.a(asr_board.c.o)
                0x0000000000009914                SX126xReadBuffer
 .text.SX126xSetRfTxPower
                0x0000000000009970        0xa .pio/build/cubecell_gps/libFrameworkArduino.a(asr_board.c.o)
                0x0000000000009970                SX126xSetRfTxPower
 .text.SX126xGetPaSelect
                0x000000000000997a        0x4 .pio/build/cubecell_gps/libFrameworkArduino.a(asr_board.c.o)
                0x000000000000997a                SX126xGetPaSelect
 .text.SX126xAntSwOn
                0x000000000000997e        0x2 .pio/build/cubecell_gps/libFrameworkArduino.a(asr_board.c.o)
                0x000000000000997e                SX126xAntSwOn
 .text.SX126xAntSwOff
                0x0000000000009980        0x2 .pio/build/cubecell_gps/libFrameworkArduino.a(asr_board.c.o)
                0x0000000000009980                SX126xAntSwOff
 .text.BoardDisableIrq
                0x0000000000009982        0x4 .pio/build/cubecell_gps/libFrameworkArduino.a(asr_board.c.o)
                0x0000000000009982                BoardDisableIrq
 .text.BoardEnableIrq
                0x0000000000009986        0x4 .pio/build/cubecell_gps/libFrameworkArduino.a(asr_board.c.o)
                0x0000000000009986                BoardEnableIrq
 *fill*         0x000000000000998a        0x2 
 .text.boardInitMcu
                0x000000000000998c       0x4c .pio/build/cubecell_gps/libFrameworkArduino.a(asr_board.c.o)
                0x000000000000998c                boardInitMcu
 .text.GpioInit
                0x00000000000099d8       0x12 .pio/build/cubecell_gps/libFrameworkArduino.a(gpio.c.o)
                0x00000000000099d8                GpioInit
 .text.GpioSetInterrupt
                0x00000000000099ea        0x8 .pio/build/cubecell_gps/libFrameworkArduino.a(gpio.c.o)
                0x00000000000099ea                GpioSetInterrupt
 .text.GpioWrite
                0x00000000000099f2        0x8 .pio/build/cubecell_gps/libFrameworkArduino.a(gpio.c.o)
                0x00000000000099f2                GpioWrite
 .text.GpioRead
                0x00000000000099fa        0x8 .pio/build/cubecell_gps/libFrameworkArduino.a(gpio.c.o)
                0x00000000000099fa                GpioRead
 *fill*         0x0000000000009a02        0x2 
 .text.SpiInit  0x0000000000009a04       0x14 .pio/build/cubecell_gps/libFrameworkArduino.a(spi-board.c.o)
                0x0000000000009a04                SpiInit
 .text.SpiInOut
                0x0000000000009a18       0x34 .pio/build/cubecell_gps/libFrameworkArduino.a(spi-board.c.o)
                0x0000000000009a18                SpiInOut
 .text.ADC_SAR_Seq_Init
                0x0000000000009a4c       0xdc .pio/build/cubecell_gps/libFrameworkArduino.a(ADC_SAR_Seq.c.o)
                0x0000000000009a4c                ADC_SAR_Seq_Init
 .text.ADC_SAR_Seq_Enable
                0x0000000000009b28       0x2c .pio/build/cubecell_gps/libFrameworkArduino.a(ADC_SAR_Seq.c.o)
                0x0000000000009b28                ADC_SAR_Seq_Enable
 .text.ADC_SAR_Seq_Start
                0x0000000000009b54       0x1c .pio/build/cubecell_gps/libFrameworkArduino.a(ADC_SAR_Seq.c.o)
                0x0000000000009b54                ADC_SAR_Seq_Start
 .text.ADC_SAR_Seq_Stop
                0x0000000000009b70       0x10 .pio/build/cubecell_gps/libFrameworkArduino.a(ADC_SAR_Seq.c.o)
                0x0000000000009b70                ADC_SAR_Seq_Stop
 .text.ADC_SAR_Seq_StartConvert
                0x0000000000009b80        0xc .pio/build/cubecell_gps/libFrameworkArduino.a(ADC_SAR_Seq.c.o)
                0x0000000000009b80                ADC_SAR_Seq_StartConvert
 .text.ADC_SAR_Seq_StopConvert
                0x0000000000009b8c        0x2 .pio/build/cubecell_gps/libFrameworkArduino.a(ADC_SAR_Seq.c.o)
                0x0000000000009b8c                ADC_SAR_Seq_StopConvert
 *fill*         0x0000000000009b8e        0x2 
 .text.ADC_SAR_Seq_IsEndConversion
                0x0000000000009b90       0x2c .pio/build/cubecell_gps/libFrameworkArduino.a(ADC_SAR_Seq.c.o)
                0x0000000000009b90                ADC_SAR_Seq_IsEndConversion
 .text.ADC_SAR_Seq_GetResult16
                0x0000000000009bbc       0x20 .pio/build/cubecell_gps/libFrameworkArduino.a(ADC_SAR_Seq.c.o)
                0x0000000000009bbc                ADC_SAR_Seq_GetResult16
 .text.ADC_SAR_Seq_CountsTo_mVolts
                0x0000000000009bdc       0x8c .pio/build/cubecell_gps/libFrameworkArduino.a(ADC_SAR_Seq.c.o)
                0x0000000000009bdc                ADC_SAR_Seq_CountsTo_mVolts
 .text.ADC_SAR_Seq_ISR
                0x0000000000009c68        0xc .pio/build/cubecell_gps/libFrameworkArduino.a(ADC_SAR_Seq_INT.c.o)
                0x0000000000009c68                ADC_SAR_Seq_ISR
 .text.I2C_1_I2CMasterHandleStatus
                0x0000000000009c74       0x94 .pio/build/cubecell_gps/libFrameworkArduino.a(I2C_1_I2C_MASTER.c.o)
 .text.I2C_1_I2CMasterWaitOneUnit
                0x0000000000009d08       0x24 .pio/build/cubecell_gps/libFrameworkArduino.a(I2C_1_I2C_MASTER.c.o)
 .text.I2C_1_I2CMasterSendStart
                0x0000000000009d2c       0xbc .pio/build/cubecell_gps/libFrameworkArduino.a(I2C_1_I2C_MASTER.c.o)
                0x0000000000009d2c                I2C_1_I2CMasterSendStart
 .text.I2C_1_I2CMasterSendStop
                0x0000000000009de8       0x54 .pio/build/cubecell_gps/libFrameworkArduino.a(I2C_1_I2C_MASTER.c.o)
                0x0000000000009de8                I2C_1_I2CMasterSendStop
 .text.I2C_1_I2CMasterWriteByte
                0x0000000000009e3c       0x44 .pio/build/cubecell_gps/libFrameworkArduino.a(I2C_1_I2C_MASTER.c.o)
                0x0000000000009e3c                I2C_1_I2CMasterWriteByte
 .text.I2C_1_I2CMasterClearReadBuf
                0x0000000000009e80       0x28 .pio/build/cubecell_gps/libFrameworkArduino.a(I2C_1_I2C_MASTER.c.o)
                0x0000000000009e80                I2C_1_I2CMasterClearReadBuf
 .text.I2C_1_I2CMasterClearWriteBuf
                0x0000000000009ea8       0x28 .pio/build/cubecell_gps/libFrameworkArduino.a(I2C_1_I2C_MASTER.c.o)
                0x0000000000009ea8                I2C_1_I2CMasterClearWriteBuf
 .text.I2C_1_I2CMasterClearStatus
                0x0000000000009ed0       0x20 .pio/build/cubecell_gps/libFrameworkArduino.a(I2C_1_I2C_MASTER.c.o)
                0x0000000000009ed0                I2C_1_I2CMasterClearStatus
 .text.I2C_1_I2CReStartGeneration
                0x0000000000009ef0       0x24 .pio/build/cubecell_gps/libFrameworkArduino.a(I2C_1_I2C_MASTER.c.o)
                0x0000000000009ef0                I2C_1_I2CReStartGeneration
 .text.I2C_1_I2CMasterSendRestart
                0x0000000000009f14       0x60 .pio/build/cubecell_gps/libFrameworkArduino.a(I2C_1_I2C_MASTER.c.o)
                0x0000000000009f14                I2C_1_I2CMasterSendRestart
 .text.I2C_I2CMasterHandleStatus
                0x0000000000009f74       0x94 .pio/build/cubecell_gps/libFrameworkArduino.a(I2C_I2C_MASTER.c.o)
 .text.I2C_I2CMasterWaitOneUnit
                0x000000000000a008       0x24 .pio/build/cubecell_gps/libFrameworkArduino.a(I2C_I2C_MASTER.c.o)
 .text.I2C_I2CMasterSendStart
                0x000000000000a02c       0xbc .pio/build/cubecell_gps/libFrameworkArduino.a(I2C_I2C_MASTER.c.o)
                0x000000000000a02c                I2C_I2CMasterSendStart
 .text.I2C_I2CMasterSendStop
                0x000000000000a0e8       0x54 .pio/build/cubecell_gps/libFrameworkArduino.a(I2C_I2C_MASTER.c.o)
                0x000000000000a0e8                I2C_I2CMasterSendStop
 .text.I2C_I2CMasterWriteByte
                0x000000000000a13c       0x44 .pio/build/cubecell_gps/libFrameworkArduino.a(I2C_I2C_MASTER.c.o)
                0x000000000000a13c                I2C_I2CMasterWriteByte
 .text.I2C_I2CMasterClearReadBuf
                0x000000000000a180       0x28 .pio/build/cubecell_gps/libFrameworkArduino.a(I2C_I2C_MASTER.c.o)
                0x000000000000a180                I2C_I2CMasterClearReadBuf
 .text.I2C_I2CMasterClearWriteBuf
                0x000000000000a1a8       0x28 .pio/build/cubecell_gps/libFrameworkArduino.a(I2C_I2C_MASTER.c.o)
                0x000000000000a1a8                I2C_I2CMasterClearWriteBuf
 .text.I2C_I2CMasterClearStatus
                0x000000000000a1d0       0x20 .pio/build/cubecell_gps/libFrameworkArduino.a(I2C_I2C_MASTER.c.o)
                0x000000000000a1d0                I2C_I2CMasterClearStatus
 .text.I2C_I2CReStartGeneration
                0x000000000000a1f0       0x24 .pio/build/cubecell_gps/libFrameworkArduino.a(I2C_I2C_MASTER.c.o)
                0x000000000000a1f0                I2C_I2CReStartGeneration
 .text.I2C_I2CMasterSendRestart
                0x000000000000a214       0x60 .pio/build/cubecell_gps/libFrameworkArduino.a(I2C_I2C_MASTER.c.o)
                0x000000000000a214                I2C_I2CMasterSendRestart
 .text.PWM1_Stop
                0x000000000000a274       0x34 .pio/build/cubecell_gps/libFrameworkArduino.a(PWM1.c.o)
                0x000000000000a274                PWM1_Stop
 .text.PWM2_Stop
                0x000000000000a2a8       0x34 .pio/build/cubecell_gps/libFrameworkArduino.a(PWM2.c.o)
                0x000000000000a2a8                PWM2_Stop
 .text._ZN5Print5writeEPKhj
                0x000000000000a2dc       0x22 .pio/build/cubecell_gps/libFrameworkArduino.a(Print.cpp.o)
                0x000000000000a2dc                Print::write(unsigned char const*, unsigned int)
 .text._ZN5Print5writeEPKc
                0x000000000000a2fe       0x1c .pio/build/cubecell_gps/libFrameworkArduino.a(Print.cpp.o)
                0x000000000000a2fe                Print::write(char const*)
 .text._ZN5Print6printfEPKcz
                0x000000000000a31a       0x5a .pio/build/cubecell_gps/libFrameworkArduino.a(Print.cpp.o)
                0x000000000000a31a                Print::printf(char const*, ...)
 .text._ZN5Print5printEPKc
                0x000000000000a374        0x8 .pio/build/cubecell_gps/libFrameworkArduino.a(Print.cpp.o)
                0x000000000000a374                Print::print(char const*)
 .text._ZN5Print7printlnEv
                0x000000000000a37c       0x10 .pio/build/cubecell_gps/libFrameworkArduino.a(Print.cpp.o)
                0x000000000000a37c                Print::println()
 .text._ZN5Print7printlnEPKc
                0x000000000000a38c       0x14 .pio/build/cubecell_gps/libFrameworkArduino.a(Print.cpp.o)
                0x000000000000a38c                Print::println(char const*)
 .text._ZN6Stream9timedReadEv
                0x000000000000a3a0       0x2a .pio/build/cubecell_gps/libFrameworkArduino.a(Stream.cpp.o)
                0x000000000000a3a0                Stream::timedRead()
 .text._ZN6Stream9readBytesEPcj
                0x000000000000a3ca       0x22 .pio/build/cubecell_gps/libFrameworkArduino.a(Stream.cpp.o)
                0x000000000000a3ca                Stream::readBytes(char*, unsigned int)
 .text._ZN6Stream10readStringEv
                0x000000000000a3ec       0x28 .pio/build/cubecell_gps/libFrameworkArduino.a(Stream.cpp.o)
                0x000000000000a3ec                Stream::readString()
 .text._ZN6StringD2Ev
                0x000000000000a414       0x12 .pio/build/cubecell_gps/libFrameworkArduino.a(WString.cpp.o)
                0x000000000000a414                String::~String()
                0x000000000000a414                String::~String()
 .text._ZN6String10invalidateEv
                0x000000000000a426       0x18 .pio/build/cubecell_gps/libFrameworkArduino.a(WString.cpp.o)
                0x000000000000a426                String::invalidate()
 .text._ZN6String12changeBufferEj
                0x000000000000a43e       0x3a .pio/build/cubecell_gps/libFrameworkArduino.a(WString.cpp.o)
                0x000000000000a43e                String::changeBuffer(unsigned int)
 .text._ZN6String7reserveEj
                0x000000000000a478       0x2a .pio/build/cubecell_gps/libFrameworkArduino.a(WString.cpp.o)
                0x000000000000a478                String::reserve(unsigned int)
 .text._ZN6String4copyEPKcj
                0x000000000000a4a2       0x28 .pio/build/cubecell_gps/libFrameworkArduino.a(WString.cpp.o)
                0x000000000000a4a2                String::copy(char const*, unsigned int)
 .text._ZN6StringC2EPKc
                0x000000000000a4ca       0x26 .pio/build/cubecell_gps/libFrameworkArduino.a(WString.cpp.o)
                0x000000000000a4ca                String::String(char const*)
                0x000000000000a4ca                String::String(char const*)
 .text._ZN6StringaSERKS_
                0x000000000000a4f0       0x20 .pio/build/cubecell_gps/libFrameworkArduino.a(WString.cpp.o)
                0x000000000000a4f0                String::operator=(String const&)
 .text._ZN6StringC2ERKS_
                0x000000000000a510       0x14 .pio/build/cubecell_gps/libFrameworkArduino.a(WString.cpp.o)
                0x000000000000a510                String::String(String const&)
                0x000000000000a510                String::String(String const&)
 .text._ZN6String6concatEPKcj
                0x000000000000a524       0x32 .pio/build/cubecell_gps/libFrameworkArduino.a(WString.cpp.o)
                0x000000000000a524                String::concat(char const*, unsigned int)
 .text._ZN6String6concatEc
                0x000000000000a556       0x16 .pio/build/cubecell_gps/libFrameworkArduino.a(WString.cpp.o)
                0x000000000000a556                String::concat(char)
 .text._ZNK6String8getBytesEPhjj
                0x000000000000a56c       0x34 .pio/build/cubecell_gps/libFrameworkArduino.a(WString.cpp.o)
                0x000000000000a56c                String::getBytes(unsigned char*, unsigned int, unsigned int) const
 .text.global_irq_SetPriority
                0x000000000000a5a0       0x20 .pio/build/cubecell_gps/libFrameworkArduino.a(irq.c.o)
                0x000000000000a5a0                global_irq_SetPriority
 .text.global_irq_StartEx
                0x000000000000a5c0       0x24 .pio/build/cubecell_gps/libFrameworkArduino.a(irq.c.o)
                0x000000000000a5c0                global_irq_StartEx
 .text.global_irq_Disable
                0x000000000000a5e4        0xc .pio/build/cubecell_gps/libFrameworkArduino.a(irq.c.o)
                0x000000000000a5e4                global_irq_Disable
 .text.SX126xGetOperatingMode
                0x000000000000a5f0        0xc .pio/build/cubecell_gps/libFrameworkArduino.a(sx126x.c.o)
                0x000000000000a5f0                SX126xGetOperatingMode
 .text.SX126xSetOperatingMode
                0x000000000000a5fc        0xc .pio/build/cubecell_gps/libFrameworkArduino.a(sx126x.c.o)
                0x000000000000a5fc                SX126xSetOperatingMode
 .text.SX126xCheckDeviceReady
                0x000000000000a608       0x24 .pio/build/cubecell_gps/libFrameworkArduino.a(sx126x.c.o)
                0x000000000000a608                SX126xCheckDeviceReady
 .text.SX126xSetPayload
                0x000000000000a62c        0xe .pio/build/cubecell_gps/libFrameworkArduino.a(sx126x.c.o)
                0x000000000000a62c                SX126xSetPayload
 *fill*         0x000000000000a63a        0x2 
 .text.SX126xSetSyncWord
                0x000000000000a63c       0x3c .pio/build/cubecell_gps/libFrameworkArduino.a(sx126x.c.o)
                0x000000000000a63c                SX126xSetSyncWord
 .text.SX126xSetCrcSeed
                0x000000000000a678       0x24 .pio/build/cubecell_gps/libFrameworkArduino.a(sx126x.c.o)
                0x000000000000a678                SX126xSetCrcSeed
 .text.SX126xSetCrcPolynomial
                0x000000000000a69c       0x24 .pio/build/cubecell_gps/libFrameworkArduino.a(sx126x.c.o)
                0x000000000000a69c                SX126xSetCrcPolynomial
 .text.SX126xSetWhiteningSeed
                0x000000000000a6c0       0x3c .pio/build/cubecell_gps/libFrameworkArduino.a(sx126x.c.o)
                0x000000000000a6c0                SX126xSetWhiteningSeed
 .text.SX126xSetSleep
                0x000000000000a6fc       0x20 .pio/build/cubecell_gps/libFrameworkArduino.a(sx126x.c.o)
                0x000000000000a6fc                SX126xSetSleep
 .text.sx126xSleep
                0x000000000000a71c       0x10 .pio/build/cubecell_gps/libFrameworkArduino.a(sx126x.c.o)
                0x000000000000a71c                sx126xSleep
 .text.SX126xSetStandby
                0x000000000000a72c       0x28 .pio/build/cubecell_gps/libFrameworkArduino.a(sx126x.c.o)
                0x000000000000a72c                SX126xSetStandby
 .text.SX126xSetTx
                0x000000000000a754       0x24 .pio/build/cubecell_gps/libFrameworkArduino.a(sx126x.c.o)
                0x000000000000a754                SX126xSetTx
 .text.SX126xSendPayload
                0x000000000000a778       0x10 .pio/build/cubecell_gps/libFrameworkArduino.a(sx126x.c.o)
                0x000000000000a778                SX126xSendPayload
 .text.SX126xSetRx
                0x000000000000a788       0x24 .pio/build/cubecell_gps/libFrameworkArduino.a(sx126x.c.o)
                0x000000000000a788                SX126xSetRx
 .text.SX126xSetRxBoosted
                0x000000000000a7ac       0x30 .pio/build/cubecell_gps/libFrameworkArduino.a(sx126x.c.o)
                0x000000000000a7ac                SX126xSetRxBoosted
 .text.SX126xSetRxDutyCycle
                0x000000000000a7dc       0x2c .pio/build/cubecell_gps/libFrameworkArduino.a(sx126x.c.o)
                0x000000000000a7dc                SX126xSetRxDutyCycle
 .text.SX126xSetCad
                0x000000000000a808       0x18 .pio/build/cubecell_gps/libFrameworkArduino.a(sx126x.c.o)
                0x000000000000a808                SX126xSetCad
 .text.SX126xSetTxContinuousWave
                0x000000000000a820        0xe .pio/build/cubecell_gps/libFrameworkArduino.a(sx126x.c.o)
                0x000000000000a820                SX126xSetTxContinuousWave
 .text.SX126xSetStopRxTimerOnPreambleDetect
                0x000000000000a82e       0x12 .pio/build/cubecell_gps/libFrameworkArduino.a(sx126x.c.o)
                0x000000000000a82e                SX126xSetStopRxTimerOnPreambleDetect
 .text.SX126xSetLoRaSymbNumTimeout
                0x000000000000a840       0x12 .pio/build/cubecell_gps/libFrameworkArduino.a(sx126x.c.o)
                0x000000000000a840                SX126xSetLoRaSymbNumTimeout
 .text.SX126xSetRegulatorMode
                0x000000000000a852       0x12 .pio/build/cubecell_gps/libFrameworkArduino.a(sx126x.c.o)
                0x000000000000a852                SX126xSetRegulatorMode
 .text.SX126xCalibrate
                0x000000000000a864       0x10 .pio/build/cubecell_gps/libFrameworkArduino.a(sx126x.c.o)
                0x000000000000a864                SX126xCalibrate
 .text.SX126xCalibrateImage
                0x000000000000a874       0x68 .pio/build/cubecell_gps/libFrameworkArduino.a(sx126x.c.o)
                0x000000000000a874                SX126xCalibrateImage
 .text.SX126xSetPaConfig
                0x000000000000a8dc       0x18 .pio/build/cubecell_gps/libFrameworkArduino.a(sx126x.c.o)
                0x000000000000a8dc                SX126xSetPaConfig
 .text.SX126xSetDioIrqParams
                0x000000000000a8f4       0x20 .pio/build/cubecell_gps/libFrameworkArduino.a(sx126x.c.o)
                0x000000000000a8f4                SX126xSetDioIrqParams
 .text.SX126xGetIrqStatus
                0x000000000000a914       0x1a .pio/build/cubecell_gps/libFrameworkArduino.a(sx126x.c.o)
                0x000000000000a914                SX126xGetIrqStatus
 .text.SX126xSetDio2AsRfSwitchCtrl
                0x000000000000a92e       0x12 .pio/build/cubecell_gps/libFrameworkArduino.a(sx126x.c.o)
                0x000000000000a92e                SX126xSetDio2AsRfSwitchCtrl
 .text.SX126xSetDio3AsTcxoCtrl
                0x000000000000a940       0x1e .pio/build/cubecell_gps/libFrameworkArduino.a(sx126x.c.o)
                0x000000000000a940                SX126xSetDio3AsTcxoCtrl
 *fill*         0x000000000000a95e        0x2 
 .text.SX126xInit
                0x000000000000a960       0x4c .pio/build/cubecell_gps/libFrameworkArduino.a(sx126x.c.o)
                0x000000000000a960                SX126xInit
 .text.SX126xSetRfFrequency
                0x000000000000a9ac       0x40 .pio/build/cubecell_gps/libFrameworkArduino.a(sx126x.c.o)
                0x000000000000a9ac                SX126xSetRfFrequency
 .text.SX126xSetPacketType
                0x000000000000a9ec       0x1c .pio/build/cubecell_gps/libFrameworkArduino.a(sx126x.c.o)
                0x000000000000a9ec                SX126xSetPacketType
 .text.SX126xGetPacketType
                0x000000000000aa08        0xc .pio/build/cubecell_gps/libFrameworkArduino.a(sx126x.c.o)
                0x000000000000aa08                SX126xGetPacketType
 .text.SX126xSetTxParams
                0x000000000000aa14       0xb4 .pio/build/cubecell_gps/libFrameworkArduino.a(sx126x.c.o)
                0x000000000000aa14                SX126xSetTxParams
 .text.SX126xSetModulationParams
                0x000000000000aac8       0xa0 .pio/build/cubecell_gps/libFrameworkArduino.a(sx126x.c.o)
                0x000000000000aac8                SX126xSetModulationParams
 .text.SX126xSetPacketParams
                0x000000000000ab68       0xa8 .pio/build/cubecell_gps/libFrameworkArduino.a(sx126x.c.o)
                0x000000000000ab68                SX126xSetPacketParams
 .text.SX126xSetCadParams
                0x000000000000ac10       0x30 .pio/build/cubecell_gps/libFrameworkArduino.a(sx126x.c.o)
                0x000000000000ac10                SX126xSetCadParams
 .text.SX126xSetBufferBaseAddress
                0x000000000000ac40       0x14 .pio/build/cubecell_gps/libFrameworkArduino.a(sx126x.c.o)
                0x000000000000ac40                SX126xSetBufferBaseAddress
 .text.SX126xGetRssiInst
                0x000000000000ac54       0x16 .pio/build/cubecell_gps/libFrameworkArduino.a(sx126x.c.o)
                0x000000000000ac54                SX126xGetRssiInst
 *fill*         0x000000000000ac6a        0x2 
 .text.SX126xGetRxBufferStatus
                0x000000000000ac6c       0x4c .pio/build/cubecell_gps/libFrameworkArduino.a(sx126x.c.o)
                0x000000000000ac6c                SX126xGetRxBufferStatus
 .text.SX126xGetPayload
                0x000000000000acb8       0x2c .pio/build/cubecell_gps/libFrameworkArduino.a(sx126x.c.o)
                0x000000000000acb8                SX126xGetPayload
 .text.SX126xGetPacketStatus
                0x000000000000ace4       0x7c .pio/build/cubecell_gps/libFrameworkArduino.a(sx126x.c.o)
                0x000000000000ace4                SX126xGetPacketStatus
 .text.SX126xClearIrqStatus
                0x000000000000ad60       0x12 .pio/build/cubecell_gps/libFrameworkArduino.a(sx126x.c.o)
                0x000000000000ad60                SX126xClearIrqStatus
 .text.xor_block
                0x000000000000ad72       0x82 .pio/build/cubecell_gps/libFrameworkArduino.a(aes.c.o)
 .text.copy_and_key
                0x000000000000adf4       0x84 .pio/build/cubecell_gps/libFrameworkArduino.a(aes.c.o)
 .text.aes_set_key
                0x000000000000ae78      0x10c .pio/build/cubecell_gps/libFrameworkArduino.a(aes.c.o)
                0x000000000000ae78                aes_set_key
 .text.aes_encrypt
                0x000000000000af84      0x28c .pio/build/cubecell_gps/libFrameworkArduino.a(aes.c.o)
                0x000000000000af84                aes_encrypt
 .text.AES_CMAC_Init
                0x000000000000b210       0x1e .pio/build/cubecell_gps/libFrameworkArduino.a(cmac.c.o)
                0x000000000000b210                AES_CMAC_Init
 .text.AES_CMAC_SetKey
                0x000000000000b22e       0x12 .pio/build/cubecell_gps/libFrameworkArduino.a(cmac.c.o)
                0x000000000000b22e                AES_CMAC_SetKey
 .text.AES_CMAC_Update
                0x000000000000b240       0xba .pio/build/cubecell_gps/libFrameworkArduino.a(cmac.c.o)
                0x000000000000b240                AES_CMAC_Update
 .text.AES_CMAC_Final
                0x000000000000b2fa      0x14e .pio/build/cubecell_gps/libFrameworkArduino.a(cmac.c.o)
                0x000000000000b2fa                AES_CMAC_Final
 .text.DelayMs  0x000000000000b448        0x8 .pio/build/cubecell_gps/libFrameworkArduino.a(delay.c.o)
                0x000000000000b448                DelayMs
 .text.lowPowerHandler
                0x000000000000b450       0x54 .pio/build/cubecell_gps/libFrameworkArduino.a(low_power.c.o)
                0x000000000000b450                lowPowerHandler
 .text.TimerLowPowerHandler
                0x000000000000b4a4       0x20 .pio/build/cubecell_gps/libFrameworkArduino.a(low_power.c.o)
                0x000000000000b4a4                TimerLowPowerHandler
 .text.rand1    0x000000000000b4c4       0x2c .pio/build/cubecell_gps/libFrameworkArduino.a(utilities.c.o)
                0x000000000000b4c4                rand1
 .text.srand1   0x000000000000b4f0        0xc .pio/build/cubecell_gps/libFrameworkArduino.a(utilities.c.o)
                0x000000000000b4f0                srand1
 .text.randr    0x000000000000b4fc       0x16 .pio/build/cubecell_gps/libFrameworkArduino.a(utilities.c.o)
                0x000000000000b4fc                randr
 .text.memcpy1  0x000000000000b512       0x12 .pio/build/cubecell_gps/libFrameworkArduino.a(utilities.c.o)
                0x000000000000b512                memcpy1
 .text.memcpyr  0x000000000000b524       0x18 .pio/build/cubecell_gps/libFrameworkArduino.a(utilities.c.o)
                0x000000000000b524                memcpyr
 .text.memset1  0x000000000000b53c       0x18 .pio/build/cubecell_gps/libFrameworkArduino.a(utilities.c.o)
                0x000000000000b53c                memset1
 .text.startup.main
                0x000000000000b554       0x10 .pio/build/cubecell_gps/libFrameworkArduino.a(main.cpp.o)
                0x000000000000b554                main
 .text.FLASH_update
                0x000000000000b564      0x118 .pio/build/cubecell_gps/libFrameworkArduino.a(flash_port.c.o)
                0x000000000000b564                FLASH_update
 .text.FLASH_read_at
                0x000000000000b67c       0x16 .pio/build/cubecell_gps/libFrameworkArduino.a(flash_port.c.o)